Component: ARM Compiler 5.06 update 4 (build 422) Tool: armlink [4d35d2]

==============================================================================

Section Cross References

    main.o(i.main) refers to sampler.o(i.init_peripherals) for init_peripherals
    main.o(i.main) refers to forward.o(i.init_forward) for init_forward
    main.o(i.main) refers to dflt_clz.o(x$fpl$dflt) for __aeabi_i2d
    main.o(i.main) refers to dmul_clz.o(x$fpl$dmul) for __aeabi_dmul
    main.o(i.main) refers to d2f_clz.o(x$fpl$d2f) for __aeabi_d2f
    main.o(i.main) refers to arm_fill_f32.o(.text) for arm_fill_f32
    main.o(i.main) refers to rt_memcpy_w.o(.text) for __aeabi_memcpy4
    main.o(i.main) refers to mfcc.o(i.get_MFCC) for get_MFCC
    main.o(i.main) refers to arm_copy_f32.o(.text) for arm_copy_f32
    main.o(i.main) refers to f2d.o(x$fpl$f2d) for __aeabi_f2d
    main.o(i.main) refers to daddsub_clz.o(x$fpl$dadd) for __aeabi_dadd
    main.o(i.main) refers to forward.o(i.emission) for emission
    main.o(i.main) refers to forward.o(i.forward_step) for forward_step
    main.o(i.main) refers to drleqf.o(x$fpl$drleqf) for __aeabi_cdrcmple
    main.o(i.main) refers to sampler.o(.data) for n
    main.o(i.main) refers to main.o(.data) for n_prev
    main.o(i.main) refers to sampler.o(.bss) for ADC_OUT_0
    main.o(i.main) refers to forward.o(.bss) for alphas_prev_f32
    main.o(i.main) refers to parameters.o(.data) for start_prob
    main.o(i.main) refers to forward.o(.data) for probability
    sampler.o(i.ADC0SS0_Handler) refers to adc.o(i.ADCIntClear) for ADCIntClear
    sampler.o(i.ADC0SS0_Handler) refers to udma.o(i.uDMAChannelTransferSet) for uDMAChannelTransferSet
    sampler.o(i.ADC0SS0_Handler) refers to udma.o(i.uDMAChannelEnable) for uDMAChannelEnable
    sampler.o(i.ADC0SS0_Handler) refers to sampler.o(.data) for g_ui32SysTickCount
    sampler.o(i.ADC0SS0_Handler) refers to sampler.o(.bss) for ADC_OUT_0
    sampler.o(i.SysTick_Handler) refers to sampler.o(.data) for g_ui32SysTickCount
    sampler.o(i.UDMAERR_Handler) refers to sampler.o(.data) for g_ui32DMAErrCount
    sampler.o(i.init_ADC) refers to adc.o(i.ADCClockConfigSet) for ADCClockConfigSet
    sampler.o(i.init_ADC) refers to sysctl.o(.emb_text) for SysCtlDelay
    sampler.o(i.init_ADC) refers to interrupt.o(i.IntDisable) for IntDisable
    sampler.o(i.init_ADC) refers to adc.o(i.ADCIntDisable) for ADCIntDisable
    sampler.o(i.init_ADC) refers to udma.o(i.uDMAEnable) for uDMAEnable
    sampler.o(i.init_ADC) refers to udma.o(i.uDMAControlBaseSet) for uDMAControlBaseSet
    sampler.o(i.init_ADC) refers to adc.o(i.ADCSequenceDMAEnable) for ADCSequenceDMAEnable
    sampler.o(i.init_ADC) refers to udma.o(i.uDMAChannelAttributeDisable) for uDMAChannelAttributeDisable
    sampler.o(i.init_ADC) refers to udma.o(i.uDMAChannelAttributeEnable) for uDMAChannelAttributeEnable
    sampler.o(i.init_ADC) refers to udma.o(i.uDMAChannelControlSet) for uDMAChannelControlSet
    sampler.o(i.init_ADC) refers to udma.o(i.uDMAChannelTransferSet) for uDMAChannelTransferSet
    sampler.o(i.init_ADC) refers to adc.o(i.ADCIntEnable) for ADCIntEnable
    sampler.o(i.init_ADC) refers to interrupt.o(i.IntEnable) for IntEnable
    sampler.o(i.init_ADC) refers to udma.o(i.uDMAChannelEnable) for uDMAChannelEnable
    sampler.o(i.init_ADC) refers to sampler.o(.bss) for ucControlTable
    sampler.o(i.init_peripherals) refers to sysctl.o(i.SysCtlClockSet) for SysCtlClockSet
    sampler.o(i.init_peripherals) refers to sysctl.o(.emb_text) for SysCtlDelay
    sampler.o(i.init_peripherals) refers to sysctl.o(i.SysCtlClockGet) for SysCtlClockGet
    sampler.o(i.init_peripherals) refers to gpio.o(i.GPIOPinTypeADC) for GPIOPinTypeADC
    sampler.o(i.init_peripherals) refers to sampler.o(i.init_ADC) for init_ADC
    sampler.o(i.init_peripherals) refers to sampler.o(.data) for g_ui32SysTickCount
    mfcc.o(i.get_MFCC) refers to rt_memcpy_w.o(.text) for __aeabi_memcpy4
    mfcc.o(i.get_MFCC) refers to arm_fill_f32.o(.text) for arm_fill_f32
    mfcc.o(i.get_MFCC) refers to arm_cfft_f32.o(.text) for arm_cfft_f32
    mfcc.o(i.get_MFCC) refers to arm_cmplx_mag_f32.o(.text) for arm_cmplx_mag_f32
    mfcc.o(i.get_MFCC) refers to arm_dot_prod_f32.o(.text) for arm_dot_prod_f32
    mfcc.o(i.get_MFCC) refers to logf.o(i.__hardfp_logf) for __hardfp_logf
    mfcc.o(i.get_MFCC) refers to arm_scale_f32.o(.text) for arm_scale_f32
    mfcc.o(i.get_MFCC) refers to arm_mean_f32.o(.text) for arm_mean_f32
    mfcc.o(i.get_MFCC) refers to mfcc.o(.constdata) for .constdata
    mfcc.o(i.get_MFCC) refers to arm_const_structs.o(.constdata) for arm_cfft_sR_f32_len512
    mfcc.o(i.get_MFCC) refers to melfilterconfig.o(.constdata) for filterbank2
    forward.o(i.emission) refers to arm_sub_f32.o(.text) for arm_sub_f32
    forward.o(i.emission) refers to arm_mult_f32.o(.text) for arm_mult_f32
    forward.o(i.emission) refers to arm_dot_prod_f32.o(.text) for arm_dot_prod_f32
[...]
    ../clib/armsys.c                         0x00000000   Number         0  argv_veneer.o ABSOLUTE
    ../clib/armsys.c                         0x00000000   Number         0  no_argv.o ABSOLUTE
    ../clib/armsys.c                         0x00000000   Number         0  _get_argv_nomalloc.o ABSOLUTE
    ../clib/fenv.c                           0x00000000   Number         0  _fptrap.o ABSOLUTE
    ../clib/fenv.c                           0x00000000   Number         0  _rserrno.o ABSOLUTE
    ../clib/heapalloc.c                      0x00000000   Number         0  hrguard.o ABSOLUTE
    ../clib/heapaux.c                        0x00000000   Number         0  heapauxi.o ABSOLUTE
    ../clib/libinit.s                        0x00000000   Number         0  libinit2.o ABSOLUTE
    ../clib/libinit.s                        0x00000000   Number         0  libshutdown2.o ABSOLUTE
    ../clib/libinit.s                        0x00000000   Number         0  libinit.o ABSOLUTE
    ../clib/libinit.s                        0x00000000   Number         0  libshutdown.o ABSOLUTE
    ../clib/memcpset.s                       0x00000000   Number         0  rt_memcpy_w.o ABSOLUTE
    ../clib/signal.c                         0x00000000   Number         0  defsig_pvfn_inner.o ABSOLUTE
    ../clib/signal.c                         0x00000000   Number         0  defsig_fpe_outer.o ABSOLUTE
    ../clib/signal.c                         0x00000000   Number         0  defsig_cppl_inner.o ABSOLUTE
    ../clib/signal.c                         0x00000000   Number         0  defsig_segv_inner.o ABSOLUTE
    ../clib/signal.c                         0x00000000   Number         0  defsig_other.o ABSOLUTE
    ../clib/signal.c                         0x00000000   Number         0  defsig_fpe_inner.o ABSOLUTE
    ../clib/signal.c                         0x00000000   Number         0  __raise.o ABSOLUTE
    ../clib/signal.c                         0x00000000   Number         0  defsig_abrt_inner.o ABSOLUTE
    ../clib/signal.c                         0x00000000   Number         0  defsig_general.o ABSOLUTE
    ../clib/signal.c                         0x00000000   Number         0  defsig_rtred_inner.o ABSOLUTE
    ../clib/signal.c                         0x00000000   Number         0  defsig_rtmem_inner.o ABSOLUTE
    ../clib/signal.c                         0x00000000   Number         0  defsig_fpe_formal.o ABSOLUTE
    ../clib/signal.c                         0x00000000   Number         0  defsig_rtmem_outer.o ABSOLUTE
    ../clib/signal.c                         0x00000000   Number         0  defsig_exit.o ABSOLUTE
    ../clib/signal.c                         0x00000000   Number         0  defsig_rtmem_formal.o ABSOLUTE
    ../clib/signal.c                         0x00000000   Number         0  defsig_stak_inner.o ABSOLUTE
    ../clib/signal.s                         0x00000000   Number         0  defsig.o ABSOLUTE
    ../clib/stdlib.c                         0x00000000   Number         0  exit.o ABSOLUTE
    ../fplib/d2f.s                           0x00000000   Number         0  d2f_clz.o ABSOLUTE
    ../fplib/daddsub.s                       0x00000000   Number         0  daddsub_clz.o ABSOLUTE
    ../fplib/dcmpi.s                         0x00000000   Number         0  dcmpi.o ABSOLUTE
    ../fplib/dflt.s                          0x00000000   Number         0  dflt_clz.o ABSOLUTE
    ../fplib/dleqf.s                         0x00000000   Number         0  dleqf.o ABSOLUTE
    ../fplib/dmul.s                          0x00000000   Number         0  dmul_clz.o ABSOLUTE
    ../fplib/dnaninf.s                       0x00000000   Number         0  dnaninf.o ABSOLUTE
    ../fplib/drenorm.s                       0x00000000   Number         0  drenorm_clz.o ABSOLUTE
    ../fplib/dretinf.s                       0x00000000   Number         0  dretinf.o ABSOLUTE
    ../fplib/drleqf.s                        0x00000000   Number         0  drleqf.o ABSOLUTE
    ../fplib/dunder.s                        0x00000000   Number         0  dunder_clz.o ABSOLUTE
    ../fplib/except.s                        0x00000000   Number         0  except.o ABSOLUTE
    ../fplib/f2d.s                           0x00000000   Number         0  f2d.o ABSOLUTE
    ../fplib/fnaninf.s                       0x00000000   Number         0  fnaninf.o ABSOLUTE
    ../fplib/fpinit.s                        0x00000000   Number         0  fpinit.o ABSOLUTE
    ../fplib/fretinf.s                       0x00000000   Number         0  fretinf.o ABSOLUTE
    ../fplib/funder.s                        0x00000000   Number         0  funder_clz.o ABSOLUTE
    ../fplib/istatus.s                       0x00000000   Number         0  istatus.o ABSOLUTE
    ../fplib/retnan.s                        0x00000000   Number         0  retnan.o ABSOLUTE
    ../fplib/trapv.s                         0x00000000   Number         0  trapv.o ABSOLUTE
    ../fplib/usenofp.s                       0x00000000   Number         0  usenofp.o ABSOLUTE
    ../mathlib/expf.c                        0x00000000   Number         0  expf.o ABSOLUTE
    ../mathlib/expf.c                        0x00000000   Number         0  expf_x.o ABSOLUTE
    ../mathlib/fpclassifyf.c                 0x00000000   Number         0  fpclassifyf.o ABSOLUTE
    ../mathlib/funder.c                      0x00000000   Number         0  funder.o ABSOLUTE
    ../mathlib/logf.c                        0x00000000   Number         0  logf.o ABSOLUTE
    ../mathlib/logf.c                        0x00000000   Number         0  logf_x.o ABSOLUTE
    ..\..\Source\BasicMathFunctions\arm_dot_prod_f32.c 0x00000000   Number         0  arm_dot_prod_f32.o ABSOLUTE
    ..\..\Source\BasicMathFunctions\arm_mult_f32.c 0x00000000   Number         0  arm_mult_f32.o ABSOLUTE
    ..\..\Source\BasicMathFunctions\arm_scale_f32.c 0x00000000   Number         0  arm_scale_f32.o ABSOLUTE
    ..\..\Source\BasicMathFunctions\arm_sub_f32.c 0x00000000   Number         0  arm_sub_f32.o ABSOLUTE
    ..\..\Source\CommonTables\arm_common_tables.c 0x00000000   Number         0  arm_common_tables.o ABSOLUTE
    ..\..\Source\CommonTables\arm_const_structs.c 0x00000000   Number         0  arm_const_structs.o ABSOLUTE
    ..\..\Source\ComplexMathFunctions\arm_cmplx_mag_f32.c 0x00000000   Number         0  arm_cmplx_mag_f32.o ABSOLUTE
    ..\..\Source\MatrixFunctions\arm_mat_init_f32.c 0x00000000   Number         0  arm_mat_init_f32.o ABSOLUTE
    ..\..\Source\MatrixFunctions\arm_mat_mult_f32.c 0x00000000   Number         0  arm_mat_mult_f32.o ABSOLUTE
    ..\..\Source\StatisticsFunctions\arm_mean_f32.c 0x00000000   Number         0  arm_mean_f32.o ABSOLUTE
    ..\..\Source\SupportFunctions\arm_copy_f32.c 0x00000000   Number         0  arm_copy_f32.o ABSOLUTE
    ..\..\Source\SupportFunctions\arm_fill_f32.c 0x00000000   Number         0  arm_fill_f32.o ABSOLUTE
    ..\..\Source\TransformFunctions\arm_cfft_f32.c 0x00000000   Number         0  arm_cfft_f32.o ABSOLUTE
    ..\..\Source\TransformFunctions\arm_cfft_radix8_f32.c 0x00000000   Number         0  arm_cfft_radix8_f32.o ABSOLUTE
    ..\..\Source\TransformFunctions\arm_rfft_init_q15.c 0x00000000   Number         0  arm_rfft_init_q15.o ABSOLUTE
    ..\..\Source\TransformFunctions\arm_rfft_init_q31.c 0x00000000   Number         0  arm_rfft_init_q31.o ABSOLUTE
    ..\\..\\Source\\BasicMathFunctions\\arm_dot_prod_f32.c 0x00000000   Number         0  arm_dot_prod_f32.o ABSOLUTE
    ..\\..\\Source\\BasicMathFunctions\\arm_mult_f32.c 0x00000000   Number         0  arm_mult_f32.o ABSOLUTE
    ..\\..\\Source\\BasicMathFunctions\\arm_scale_f32.c 0x00000000   Number         0  arm_scale_f32.o ABSOLUTE
    ..\\..\\Source\\BasicMathFunctions\\arm_sub_f32.c 0x00000000   Number         0  arm_sub_f32.o ABSOLUTE
    ..\\..\\Source\\CommonTables\\arm_common_tables.c 0x00000000   Number         0  arm_common_tables.o ABSOLUTE
    ..\\..\\Source\\CommonTables\\arm_const_structs.c 0x00000000   Number         0  arm_const_structs.o ABSOLUTE
    ..\\..\\Source\\ComplexMathFunctions\\arm_cmplx_mag_f32.c 0x00000000   Number         0  arm_cmplx_mag_f32.o ABSOLUTE
    ..\\..\\Source\\MatrixFunctions\\arm_mat_init_f32.c 0x00000000   Number         0  arm_mat_init_f32.o ABSOLUTE
    ..\\..\\Source\\MatrixFunctions\\arm_mat_mult_f32.c 0x00000000   Number         0  arm_mat_mult_f32.o ABSOLUTE
    ..\\..\\Source\\StatisticsFunctions\\arm_mean_f32.c 0x00000000   Number         0  arm_mean_f32.o ABSOLUTE
    ..\\..\\Source\\SupportFunctions\\arm_copy_f32.c 0x00000000   Number         0  arm_copy_f32.o ABSOLUTE
    ..\\..\\Source\\SupportFunctions\\arm_fill_f32.c 0x00000000   Number         0  arm_fill_f32.o ABSOLUTE
    ..\\..\\Source\\TransformFunctions\\arm_bitreversal2.S 0x00000000   Number         0  arm_bitreversal2.o ABSOLUTE
    ..\\..\\Source\\TransformFunctions\\arm_cfft_f32.c 0x00000000   Number         0  arm_cfft_f32.o ABSOLUTE
    ..\\..\\Source\\TransformFunctions\\arm_cfft_radix8_f32.c 0x00000000   Number         0  arm_cfft_radix8_f32.o ABSOLUTE
    ..\\..\\Source\\TransformFunctions\\arm_rfft_init_q15.c 0x00000000   Number         0  arm_rfft_init_q15.o ABSOLUTE
    ..\\..\\Source\\TransformFunctions\\arm_rfft_init_q31.c 0x00000000   Number         0  arm_rfft_init_q31.o ABSOLUTE
    ..\\forward.c                            0x00000000   Number         0  forward.o ABSOLUTE
    ..\\melfilterconfig.c                    0x00000000   Number         0  melfilterconfig.o ABSOLUTE
    ..\\mfcc.c                               0x00000000   Number         0  mfcc.o ABSOLUTE
    ..\\parameters.c                         0x00000000   Number         0  parameters.o ABSOLUTE
    ..\\test_frame.c                         0x00000000   Number         0  test_frame.o ABSOLUTE
    ..\forward.c                             0x00000000   Number         0  forward.o ABSOLUTE
    ..\melfilterconfig.c                     0x00000000   Number         0  melfilterconfig.o ABSOLUTE
    ..\mfcc.c                                0x00000000   Number         0  mfcc.o ABSOLUTE
    ..\parameters.c                          0x00000000   Number         0  parameters.o ABSOLUTE
    ..\sampler.c                             0x00000000   Number         0  sampler.o ABSOLUTE
    ..\test_frame.c                          0x00000000   Number         0  test_frame.o ABSOLUTE
    RTE\Device\TM4C123GH6PM\startup_TM4C123.s 0x00000000   Number         0  startup_tm4c123.o ABSOLUTE
    RTE\Device\TM4C123GH6PM\system_TM4C123.c 0x00000000   Number         0  system_tm4c123.o ABSOLUTE
    RTE\\Device\\TM4C123GH6PM\\system_TM4C123.c 0x00000000   Number         0  system_tm4c123.o ABSOLUTE
    adc.c                                    0x00000000   Number         0  adc.o ABSOLUTE
    cpu.c                                    0x00000000   Number         0  cpu.o ABSOLUTE
    cpu.c                                    0x00000000   Number         0  cpu.o ABSOLUTE
    dc.s                                     0x00000000   Number         0  dc.o ABSOLUTE
    gpio.c                                   0x00000000   Number         0  gpio.o ABSOLUTE
    interrupt.c                              0x00000000   Number         0  interrupt.o ABSOLUTE
    main.c                                   0x00000000   Number         0  main.o ABSOLUTE
    main.c                                   0x00000000   Number         0  main.o ABSOLUTE
    sysctl.c                                 0x00000000   Number         0  sysctl.o ABSOLUTE
    sysctl.c                                 0x00000000   Number         0  sysctl.o ABSOLUTE
    udma.c                                   0x00000000   Number         0  udma.o ABSOLUTE
    !!!main                                  0x0000026c   Section        8  __main.o(!!!main)
    !!!scatter                               0x00000274   Section       52  __scatter.o(!!!scatter)
    !!dclz77c                                0x000002a8   Section      100  __dclz77c.o(!!dclz77c)
    !!handler_zi                             0x0000030c   Section       28  __scatter_zi.o(!!handler_zi)
    . text                                   0x00000328   Section      192  arm_bitreversal2.o(. text)
    $v0                                      0x00000328   Number         0  arm_bitreversal2.o(. text)
    .ARM.Collect$$libinit$$00000000          0x000003e8   Section        2  libinit.o(.ARM.Collect$$libinit$$00000000)
    .ARM.Collect$$libinit$$00000001          0x000003ea   Section        4  libinit2.o(.ARM.Collect$$libinit$$00000001)
    .ARM.Collect$$libinit$$00000004          0x000003ee   Section        0  libinit2.o(.ARM.Collect$$libinit$$00000004)
    .ARM.Collect$$libinit$$0000000A          0x000003ee   Section        0  libinit2.o(.ARM.Collect$$libinit$$0000000A)
    .ARM.Collect$$libinit$$0000000C          0x000003ee   Section        0  libinit2.o(.ARM.Collect$$libinit$$0000000C)
    .ARM.Collect$$libinit$$0000000E          0x000003ee   Section        0  libinit2.o(.ARM.Collect$$libinit$$0000000E)
    .ARM.Collect$$libinit$$00000011          0x000003ee   Section        0  libinit2.o(.ARM.Collect$$libinit$$00000011)
    .ARM.Collect$$libinit$$00000013          0x000003ee   Section        0  libinit2.o(.ARM.Collect$$libinit$$00000013)
    .ARM.Collect$$libinit$$00000015          0x000003ee   Section        0  libinit2.o(.ARM.Collect$$libinit$$00000015)
    .ARM.Collect$$libinit$$00000017          0x000003ee   Section        0  libinit2.o(.ARM.Collect$$libinit$$00000017)
    .ARM.Collect$$libinit$$00000019          0x000003ee   Section        0  libinit2.o(.ARM.Collect$$libinit$$00000019)
    .ARM.Collect$$libinit$$0000001B          0x000003ee   Section        0  libinit2.o(.ARM.Collect$$libinit$$0000001B)
    .ARM.Collect$$libinit$$0000001D          0x000003ee   Section        0  libinit2.o(.ARM.Collect$$libinit$$0000001D)
    .ARM.Collect$$libinit$$0000001F          0x000003ee   Section        0  libinit2.o(.ARM.Collect$$libinit$$0000001F)
    .ARM.Collect$$libinit$$00000021          0x000003ee   Section        0  libinit2.o(.ARM.Collect$$libinit$$00000021)
    .ARM.Collect$$libinit$$00000023          0x000003ee   Section        0  libinit2.o(.ARM.Collect$$libinit$$00000023)
    .ARM.Collect$$libinit$$00000025          0x000003ee   Section        0  libinit2.o(.ARM.Collect$$libinit$$00000025)
    .ARM.Collect$$libinit$$0000002C          0x000003ee   Section        0  libinit2.o(.ARM.Collect$$libinit$$0000002C)
    .ARM.Collect$$libinit$$0000002E          0x000003ee   Section        0  libinit2.o(.ARM.Collect$$libinit$$0000002E)
    .ARM.Collect$$libinit$$00000030          0x000003ee   Section        0  libinit2.o(.ARM.Collect$$libinit$$00000030)
    .ARM.Collect$$libinit$$00000032          0x000003ee   Section        0  libinit2.o(.ARM.Collect$$libinit$$00000032)
    .ARM.Collect$$libinit$$00000033          0x000003ee   Section        2  libinit2.o(.ARM.Collect$$libinit$$00000033)
    .ARM.Collect$$libshutdown$$00000000      0x000003f0   Section        2  libshutdown.o(.ARM.Collect$$libshutdown$$00000000)
    .ARM.Collect$$libshutdown$$00000002      0x000003f2   Section        0  libshutdown2.o(.ARM.Collect$$libshutdown$$00000002)
    .ARM.Collect$$libshutdown$$00000004      0x000003f2   Section        0  libshutdown2.o(.ARM.Collect$$libshutdown$$00000004)
    .ARM.Collect$$libshutdown$$00000007      0x000003f2   Section        0  libshutdown2.o(.ARM.Collect$$libshutdown$$00000007)
    .ARM.Collect$$libshutdown$$0000000A      0x000003f2   Section        0  libshutdown2.o(.ARM.Collect$$libshutdown$$0000000A)
    .ARM.Collect$$libshutdown$$0000000C      0x000003f2   Section        0  libshutdown2.o(.ARM.Collect$$libshutdown$$0000000C)
    .ARM.Collect$$libshutdown$$0000000F      0x000003f2   Section        0  libshutdown2.o(.ARM.Collect$$libshutdown$$0000000F)
    .ARM.Collect$$libshutdown$$00000010      0x000003f2   Section        2  libshutdown2.o(.ARM.Collect$$libshutdown$$00000010)
    .ARM.Collect$$rtentry$$00000000          0x000003f4   Section        0  __rtentry.o(.ARM.Collect$$rtentry$$00000000)
    .ARM.Collect$$rtentry$$00000002          0x000003f4   Section        0  __rtentry2.o(.ARM.Collect$$rtentry$$00000002)
    .ARM.Collect$$rtentry$$00000004          0x000003f4   Section        6  __rtentry4.o(.ARM.Collect$$rtentry$$00000004)
    .ARM.Collect$$rtentry$$00000009          0x000003fa   Section        0  __rtentry2.o(.ARM.Collect$$rtentry$$00000009)
    .ARM.Collect$$rtentry$$0000000A          0x000003fa   Section        4  __rtentry2.o(.ARM.Collect$$rtentry$$0000000A)
    .ARM.Collect$$rtentry$$0000000C          0x000003fe   Section        0  __rtentry2.o(.ARM.Collect$$rtentry$$0000000C)
    .ARM.Collect$$rtentry$$0000000D          0x000003fe   Section        8  __rtentry2.o(.ARM.Collect$$rtentry$$0000000D)
    .ARM.Collect$$rtexit$$00000000           0x00000406   Section        2  rtexit.o(.ARM.Collect$$rtexit$$00000000)
    .ARM.Collect$$rtexit$$00000002           0x00000408   Section        0  rtexit2.o(.ARM.Collect$$rtexit$$00000002)
    .ARM.Collect$$rtexit$$00000003           0x00000408   Section        4  rtexit2.o(.ARM.Collect$$rtexit$$00000003)
    .ARM.Collect$$rtexit$$00000004           0x0000040c   Section        6  rtexit2.o(.ARM.Collect$$rtexit$$00000004)
    .emb_text                                0x00000414   Section        6  sysctl.o(.emb_text)
    $v0                                      0x00000414   Number         0  sysctl.o(.emb_text)
    .text                                    0x0000041c   Section      280  startup_tm4c123.o(.text)
    $v0                                      0x0000041c   Number         0  startup_tm4c123.o(.text)
    .text                                    0x00000534   Section        0  arm_dot_prod_f32.o(.text)
    .text                                    0x00000638   Section        0  arm_mult_f32.o(.text)
    .text                                    0x0000070c   Section        0  arm_scale_f32.o(.text)
    .text                                    0x000007a4   Section        0  arm_sub_f32.o(.text)
    .text                                    0x00000878   Section        0  arm_cmplx_mag_f32.o(.text)
    .text                                    0x00000974   Section        0  arm_mat_init_f32.o(.text)
    .text                                    0x0000097c   Section        0  arm_mat_mult_f32.o(.text)
    .text                                    0x00000ab8   Section        0  arm_cfft_f32.o(.text)
    .text                                    0x000011dc   Section        0  arm_mean_f32.o(.text)
    .text                                    0x0000126c   Section        0  arm_copy_f32.o(.text)
    .text                                    0x000012f0   Section        0  arm_fill_f32.o(.text)
    .text                                    0x00001384   Section        0  arm_cfft_radix8_f32.o(.text)
    .text                                    0x00001860   Section      100  rt_memcpy_w.o(.text)
    .text                                    0x000018c4   Section        0  heapauxi.o(.text)
    .text                                    0x000018ca   Section        0  _rserrno.o(.text)
    .text                                    0x000018e0   Section        8  rt_errno_addr_intlibspace.o(.text)
    .text                                    0x000018e8   Section        0  _fptrap.o(.text)
    .text                                    0x00001918   Section        8  libspace.o(.text)
    .text                                    0x00001920   Section       74  sys_stackheap_outer.o(.text)
    .text                                    0x0000196a   Section        0  exit.o(.text)
    .text                                    0x0000197c   Section        0  defsig_fpe_outer.o(.text)
    .text                                    0x0000198a   Section        0  defsig_exit.o(.text)
    .text                                    0x00001994   Section        0  defsig_fpe_inner.o(.text)
    .text                                    0x00001a40   Section        0  sys_exit.o(.text)
    .text                                    0x00001a4c   Section        0  defsig_general.o(.text)
    .text                                    0x00001a7e   Section        0  sys_wrch.o(.text)
    .text                                    0x00001a8c   Section        2  use_no_semi.o(.text)
    .text                                    0x00001a8e   Section        0  indicate_semi.o(.text)
    i.ADC0SS0_Handler                        0x00001a90   Section        0  sampler.o(i.ADC0SS0_Handler)
    i.ADCClockConfigSet                      0x00001b2c   Section        0  adc.o(i.ADCClockConfigSet)
    i.ADCIntClear                            0x00001b48   Section        0  adc.o(i.ADCIntClear)
    i.ADCIntDisable                          0x00001b52   Section        0  adc.o(i.ADCIntDisable)
    i.ADCIntEnable                           0x00001b62   Section        0  adc.o(i.ADCIntEnable)
    i.ADCSequenceDMAEnable                   0x00001b72   Section        0  adc.o(i.ADCSequenceDMAEnable)
    i.GPIODirModeSet                         0x00001b82   Section        0  gpio.o(i.GPIODirModeSet)
    i.GPIOPadConfigSet                       0x00001baa   Section        0  gpio.o(i.GPIOPadConfigSet)
    i.GPIOPinTypeADC                         0x00001ce2   Section        0  gpio.o(i.GPIOPinTypeADC)
    i.IntDisable                             0x00001d00   Section        0  interrupt.o(i.IntDisable)
    i.IntEnable                              0x00001d64   Section        0  interrupt.o(i.IntEnable)
    i.SysCtlClockGet                         0x00001dc8   Section        0  sysctl.o(i.SysCtlClockGet)
    i.SysCtlClockSet                         0x00001f1c   Section        0  sysctl.o(i.SysCtlClockSet)
    i.SysTick_Handler                        0x0000203c   Section        0  sampler.o(i.SysTick_Handler)
    i.SystemInit                             0x0000204c   Section        0  system_tm4c123.o(i.SystemInit)
    i.UDMAERR_Handler                        0x000020e4   Section        0  sampler.o(i.UDMAERR_Handler)
    i.__ARM_fpclassifyf                      0x00002110   Section        0  fpclassifyf.o(i.__ARM_fpclassifyf)
    i.__hardfp_expf                          0x00002138   Section        0  expf.o(i.__hardfp_expf)
    i.__hardfp_logf                          0x00002320   Section        0  logf.o(i.__hardfp_logf)
    i.__mathlib_flt_divzero                  0x0000248c   Section        0  funder.o(i.__mathlib_flt_divzero)
    i.__mathlib_flt_infnan                   0x000024a0   Section        0  funder.o(i.__mathlib_flt_infnan)
    i.__mathlib_flt_invalid                  0x000024a8   Section        0  funder.o(i.__mathlib_flt_invalid)
    i.__mathlib_flt_overflow                 0x000024b8   Section        0  funder.o(i.__mathlib_flt_overflow)
    i.__mathlib_flt_underflow                0x000024c8   Section        0  funder.o(i.__mathlib_flt_underflow)
    i.emission                               0x000024d8   Section        0  forward.o(i.emission)
    i.forward_step                           0x0000258c   Section        0  forward.o(i.forward_step)
    i.get_MFCC                               0x00002664   Section        0  mfcc.o(i.get_MFCC)
    i.init_ADC                               0x00002810   Section        0  sampler.o(i.init_ADC)
    i.init_forward                           0x00002904   Section        0  forward.o(i.init_forward)
    i.init_peripherals                       0x00002974   Section        0  sampler.o(i.init_peripherals)
    i.main                                   0x00002a88   Section        0  main.o(i.main)
    i.uDMAChannelAttributeDisable            0x00002e04   Section        0  udma.o(i.uDMAChannelAttributeDisable)
    i.uDMAChannelAttributeEnable             0x00002e4c   Section        0  udma.o(i.uDMAChannelAttributeEnable)
    i.uDMAChannelControlSet                  0x00002e94   Section        0  udma.o(i.uDMAChannelControlSet)
    i.uDMAChannelEnable                      0x00002eb4   Section        0  udma.o(i.uDMAChannelEnable)
    i.uDMAChannelTransferSet                 0x00002ec8   Section        0  udma.o(i.uDMAChannelTransferSet)
    i.uDMAControlBaseSet                     0x00002f48   Section        0  udma.o(i.uDMAControlBaseSet)
    i.uDMAEnable                             0x00002f54   Section        0  udma.o(i.uDMAEnable)
    x$fpl$d2f                                0x00002f60   Section      708  d2f_clz.o(x$fpl$d2f)
    $v0                                      0x00002f60   Number         0  d2f_clz.o(x$fpl$d2f)
    x$fpl$dadd                               0x00003224   Section      588  daddsub_clz.o(x$fpl$dadd)
    $v0                                      0x00003224   Number         0  daddsub_clz.o(x$fpl$dadd)
    _dadd1                                   0x0000324f   Thumb Code     0  daddsub_clz.o(x$fpl$dadd)
    dadd_zerodenorm                          0x000033ef   Thumb Code     0  daddsub_clz.o(x$fpl$dadd)
    x$fpl$dcmpinf                            0x00003470   Section       24  dcmpi.o(x$fpl$dcmpinf)
    $v0                                      0x00003470   Number         0  dcmpi.o(x$fpl$dcmpinf)
    x$fpl$dflt                               0x00003488   Section       46  dflt_clz.o(x$fpl$dflt)
    $v0                                      0x00003488   Number         0  dflt_clz.o(x$fpl$dflt)
    x$fpl$dfltn                              0x000034b6   Section       26  dflt_clz.o(x$fpl$dfltn)
    $v0                                      0x000034b6   Number         0  dflt_clz.o(x$fpl$dfltn)
    x$fpl$dleqf                              0x000034d0   Section      120  dleqf.o(x$fpl$dleqf)
    $v0                                      0x000034d0   Number         0  dleqf.o(x$fpl$dleqf)
    x$fpl$dmul                               0x00003548   Section      448  dmul_clz.o(x$fpl$dmul)
    $v0                                      0x00003548   Number         0  dmul_clz.o(x$fpl$dmul)
    x$fpl$dnaninf                            0x00003708   Section      258  dnaninf.o(x$fpl$dnaninf)
    $v0                                      0x00003708   Number         0  dnaninf.o(x$fpl$dnaninf)
    x$fpl$drenorm                            0x0000380a   Section      112  drenorm_clz.o(x$fpl$drenorm)
    $v0                                      0x0000380a   Number         0  drenorm_clz.o(x$fpl$drenorm)
    x$fpl$dretinf                            0x0000387a   Section       12  dretinf.o(x$fpl$dretinf)
    $v0                                      0x0000387a   Number         0  dretinf.o(x$fpl$dretinf)
    x$fpl$drleqf                             0x00003886   Section       98  drleqf.o(x$fpl$drleqf)
    $v0                                      0x00003886   Number         0  drleqf.o(x$fpl$drleqf)
    x$fpl$dsub                               0x000038e8   Section      668  daddsub_clz.o(x$fpl$dsub)
    $v0                                      0x000038e8   Number         0  daddsub_clz.o(x$fpl$dsub)
    _dsub1                                   0x00003913   Thumb Code     0  daddsub_clz.o(x$fpl$dsub)
    daddsub_denorm                           0x00003ad7   Thumb Code     0  daddsub_clz.o(x$fpl$dsub)
    dsub_uncommon_first                      0x00003aeb   Thumb Code     0  daddsub_clz.o(x$fpl$dsub)
    dsub_zerodenorm                          0x00003b09   Thumb Code     0  daddsub_clz.o(x$fpl$dsub)
    x$fpl$dunder                             0x00003b84   Section      378  dunder_clz.o(x$fpl$dunder)
    $v0                                      0x00003b84   Number         0  dunder_clz.o(x$fpl$dunder)
    x$fpl$exception                          0x00003d00   Section      492  except.o(x$fpl$exception)
    $v0                                      0x00003d00   Number         0  except.o(x$fpl$exception)
    x$fpl$f2d                                0x00003eec   Section      122  f2d.o(x$fpl$f2d)
    $v0                                      0x00003eec   Number         0  f2d.o(x$fpl$f2d)
    x$fpl$fnaninf                            0x00003f66   Section      242  fnaninf.o(x$fpl$fnaninf)
    $v0                                      0x00003f66   Number         0  fnaninf.o(x$fpl$fnaninf)
    x$fpl$fpinit                             0x00004058   Section       10  fpinit.o(x$fpl$fpinit)
    $v0                                      0x00004058   Number         0  fpinit.o(x$fpl$fpinit)
    x$fpl$fretinf                            0x00004062   Section       10  fretinf.o(x$fpl$fretinf)
    $v0                                      0x00004062   Number         0  fretinf.o(x$fpl$fretinf)
    x$fpl$funder                             0x0000406c   Section      316  funder_clz.o(x$fpl$funder)
    $v0                                      0x0000406c   Number         0  funder_clz.o(x$fpl$funder)
    x$fpl$retnan                             0x000041a8   Section      178  retnan.o(x$fpl$retnan)
    $v0                                      0x000041a8   Number         0  retnan.o(x$fpl$retnan)
    x$fpl$trapveneer                         0x0000425a   Section      126  trapv.o(x$fpl$trapveneer)
    $v0                                      0x0000425a   Number         0  trapv.o(x$fpl$trapveneer)
    .constdata                               0x000042d8   Section     3296  melfilterconfig.o(.constdata)
    x$fpl$usenofp                            0x000042d8   Section        0  usenofp.o(x$fpl$usenofp)
    .constdata                               0x00004fb8   Section      160  mfcc.o(.constdata)
    .constdata                               0x00005058   Section      268  interrupt.o(.constdata)
    g_pui32Priority                          0x00005058   Data          32  interrupt.o(.constdata)
    g_pui32Regs                              0x00005078   Data         156  interrupt.o(.constdata)
    g_pui32EnRegs                            0x00005114   Data          20  interrupt.o(.constdata)
    g_pui32Dii16Regs                         0x00005128   Data          20  interrupt.o(.constdata)
    g_pui32PendRegs                          0x0000513c   Data          20  interrupt.o(.constdata)
    g_pui32UnpendRegs                        0x00005150   Data          20  interrupt.o(.constdata)
    .constdata                               0x00005164   Section      596  sysctl.o(.constdata)
    g_pui32VCOFrequencies                    0x00005164   Data           8  sysctl.o(.constdata)
    g_pui32Xtals                             0x0000516c   Data         108  sysctl.o(.constdata)
    g_pppui32XTALtoVCO                       0x000051d8   Data         432  sysctl.o(.constdata)
    g_sXTALtoMEMTIM                          0x00005388   Data          48  sysctl.o(.constdata)
    .constdata                               0x000053b8   Section       16  arm_const_structs.o(.constdata)
    .constdata                               0x000053c8   Section     4096  arm_common_tables.o(.constdata)
    .constdata                               0x000063c8   Section      896  arm_common_tables.o(.constdata)
    .constdata                               0x00006748   Section       48  expf.o(.constdata)
    twotokover4top                           0x00006748   Data          16  expf.o(.constdata)
    twotokover4bot                           0x00006758   Data          16  expf.o(.constdata)
    twotokover4all                           0x00006768   Data          16  expf.o(.constdata)
    .constdata                               0x00006778   Section       64  logf.o(.constdata)
    logahi                                   0x00006778   Data          32  logf.o(.constdata)
    logalo                                   0x00006798   Data          32  logf.o(.constdata)
    .data                                    0x20000000   Section        8  main.o(.data)
    prob                                     0x20000004   Data           4  main.o(.data)
    .data                                    0x20000008   Section       20  sampler.o(.data)
    .data                                    0x2000001c   Section     2208  parameters.o(.data)
    .data                                    0x200008bc   Section       36  forward.o(.data)
    .bss                                     0x200008e0   Section     2048  sampler.o(.bss)
    .bss                                     0x200010e0   Section      208  forward.o(.bss)
    .bss                                     0x200011b0   Section       96  libspace.o(.bss)
    HEAP                                     0x20001210   Section     8192  startup_tm4c123.o(HEAP)
    Heap_Mem                                 0x20001210   Data        8192  startup_tm4c123.o(HEAP)
    STACK                                    0x20003210   Section     8192  startup_tm4c123.o(STACK)
    Stack_Mem                                0x20003210   Data        8192  startup_tm4c123.o(STACK)
    __initial_sp                             0x20005210   Data           0  startup_tm4c123.o(STACK)

    Global Symbols

    Symbol Name                              Value     Ov Type        Size  Object(Section)

    BuildAttributes$$THM_ISAv4$E$P$D$K$B$S$7EM$VFPi3$EXTD16$VFPS$VFMA$PE$A:L22UL41UL21$X:L11$S22US41US21$IEEE1$IW$USESV6$~STKCKD$USESV7$~SHL$OTIME$ROPI$IEEEX$EBA8$UX$STANDARDLIB$REQ8$PRES8$EABIv2 0x00000000   Number         0  anon$$obj.o ABSOLUTE
    __ARM_use_no_argv                        0x00000000   Number         0  main.o ABSOLUTE
    __Vectors                                0x00000000   Data           4  startup_tm4c123.o(RESET)
    __ARM_exceptions_init                     - Undefined Weak Reference
    __alloca_initialize                       - Undefined Weak Reference
    __arm_preinit_                            - Undefined Weak Reference
    __cpp_initialize__aeabi_                  - Undefined Weak Reference
    __cxa_finalize                            - Undefined Weak Reference
    __rt_locale                               - Undefined Weak Reference
    __sigvec_lookup                           - Undefined Weak Reference
    _atexit_init                              - Undefined Weak Reference
    _call_atexit_fns                          - Undefined Weak Reference
    _clock_init                               - Undefined Weak Reference
    _fp_trap_big                              - Undefined Weak Reference
    _fp_trap_init                             - Undefined Weak Reference
    _fp_trap_shutdown                         - Undefined Weak Reference
    _get_lc_collate                           - Undefined Weak Reference
    _get_lc_ctype                             - Undefined Weak Reference
    _get_lc_monetary                          - Undefined Weak Reference
    _get_lc_numeric                           - Undefined Weak Reference
    _get_lc_time                              - Undefined Weak Reference
    _getenv_init                              - Undefined Weak Reference
    _handle_redirection                       - Undefined Weak Reference
    _init_alloc                               - Undefined Weak Reference
    _init_user_alloc                          - Undefined Weak Reference
    _initio                                   - Undefined Weak Reference
    _rand_init                                - Undefined Weak Reference
    _signal_finish                            - Undefined Weak Reference
    _signal_init                              - Undefined Weak Reference
    _terminate_alloc                          - Undefined Weak Reference
    _terminate_user_alloc                     - Undefined Weak Reference
    _terminateio                              - Undefined Weak Reference
    __Vectors_End                            0x0000026c   Data           0  startup_tm4c123.o(RESET)
    __Vectors_Size                           0x0000026c   Number         0  startup_tm4c123.o ABSOLUTE
    __main                                   0x0000026d   Thumb Code     8  __main.o(!!!main)
    __scatterload                            0x00000275   Thumb Code     0  __scatter.o(!!!scatter)
    __scatterload_rt2                        0x00000275   Thumb Code    44  __scatter.o(!!!scatter)
    __scatterload_rt2_thumb_only             0x00000275   Thumb Code     0  __scatter.o(!!!scatter)
    __scatterload_null                       0x00000283   Thumb Code     0  __scatter.o(!!!scatter)
    __decompress                             0x000002a9   Thumb Code   100  __dclz77c.o(!!dclz77c)
    __decompress2                            0x000002a9   Thumb Code     0  __dclz77c.o(!!dclz77c)
    __scatterload_zeroinit                   0x0000030d   Thumb Code    28  __scatter_zi.o(!!handler_zi)
    arm_bitreversal_32                       0x00000329   Thumb Code   106  arm_bitreversal2.o(. text)
    arm_bitreversal_16                       0x00000393   Thumb Code    86  arm_bitreversal2.o(. text)
    __rt_lib_init                            0x000003e9   Thumb Code     0  libinit.o(.ARM.Collect$$libinit$$00000000)
    __rt_lib_init_fp_1                       0x000003eb   Thumb Code     0  libinit2.o(.ARM.Collect$$libinit$$00000001)
    __rt_lib_init_alloca_1                   0x000003ef   Thumb Code     0  libinit2.o(.ARM.Collect$$libinit$$0000002E)
    __rt_lib_init_argv_1                     0x000003ef   Thumb Code     0  libinit2.o(.ARM.Collect$$libinit$$0000002C)
    __rt_lib_init_atexit_1                   0x000003ef   Thumb Code     0  libinit2.o(.ARM.Collect$$libinit$$0000001B)
    __rt_lib_init_clock_1                    0x000003ef   Thumb Code     0  libinit2.o(.ARM.Collect$$libinit$$00000021)
    __rt_lib_init_cpp_1                      0x000003ef   Thumb Code     0  libinit2.o(.ARM.Collect$$libinit$$00000032)
    __rt_lib_init_exceptions_1               0x000003ef   Thumb Code     0  libinit2.o(.ARM.Collect$$libinit$$00000030)
    __rt_lib_init_fp_trap_1                  0x000003ef   Thumb Code     0  libinit2.o(.ARM.Collect$$libinit$$0000001F)
    __rt_lib_init_getenv_1                   0x000003ef   Thumb Code     0  libinit2.o(.ARM.Collect$$libinit$$00000023)
    __rt_lib_init_heap_1                     0x000003ef   Thumb Code     0  libinit2.o(.ARM.Collect$$libinit$$0000000A)
    __rt_lib_init_lc_collate_1               0x000003ef   Thumb Code     0  libinit2.o(.ARM.Collect$$libinit$$00000011)
    __rt_lib_init_lc_ctype_1                 0x000003ef   Thumb Code     0  libinit2.o(.ARM.Collect$$libinit$$00000013)
    __rt_lib_init_lc_monetary_1              0x000003ef   Thumb Code     0  libinit2.o(.ARM.Collect$$libinit$$00000015)
    __rt_lib_init_lc_numeric_1               0x000003ef   Thumb Code     0  libinit2.o(.ARM.Collect$$libinit$$00000017)
    __rt_lib_init_lc_time_1                  0x000003ef   Thumb Code     0  libinit2.o(.ARM.Collect$$libinit$$00000019)
    __rt_lib_init_preinit_1                  0x000003ef   Thumb Code     0  libinit2.o(.ARM.Collect$$libinit$$00000004)
    __rt_lib_init_rand_1                     0x000003ef   Thumb Code     0  libinit2.o(.ARM.Collect$$libinit$$0000000E)
    __rt_lib_init_return                     0x000003ef   Thumb Code     0  libinit2.o(.ARM.Collect$$libinit$$00000033)
    __rt_lib_init_signal_1                   0x000003ef   Thumb Code     0  libinit2.o(.ARM.Collect$$libinit$$0000001D)
    __rt_lib_init_stdio_1                    0x000003ef   Thumb Code     0  libinit2.o(.ARM.Collect$$libinit$$00000025)
    __rt_lib_init_user_alloc_1               0x000003ef   Thumb Code     0  libinit2.o(.ARM.Collect$$libinit$$0000000C)
    __rt_lib_shutdown                        0x000003f1   Thumb Code     0  libshutdown.o(.ARM.Collect$$libshutdown$$00000000)
    __rt_lib_shutdown_cpp_1                  0x000003f3   Thumb Code     0  libshutdown2.o(.ARM.Collect$$libshutdown$$00000002)
    __rt_lib_shutdown_fp_trap_1              0x000003f3   Thumb Code     0  libshutdown2.o(.ARM.Collect$$libshutdown$$00000007)
    __rt_lib_shutdown_heap_1                 0x000003f3   Thumb Code     0  libshutdown2.o(.ARM.Collect$$libshutdown$$0000000F)
    __rt_lib_shutdown_return                 0x000003f3   Thumb Code     0  libshutdown2.o(.ARM.Collect$$libshutdown$$00000010)
    __rt_lib_shutdown_signal_1               0x000003f3   Thumb Code     0  libshutdown2.o(.ARM.Collect$$libshutdown$$0000000A)
    __rt_lib_shutdown_stdio_1                0x000003f3   Thumb Code     0  libshutdown2.o(.ARM.Collect$$libshutdown$$00000004)
    __rt_lib_shutdown_user_alloc_1           0x000003f3   Thumb Code     0  libshutdown2.o(.ARM.Collect$$libshutdown$$0000000C)
    __rt_entry                               0x000003f5   Thumb Code     0  __rtentry.o(.ARM.Collect$$rtentry$$00000000)
    __rt_entry_presh_1                       0x000003f5   Thumb Code     0  __rtentry2.o(.ARM.Collect$$rtentry$$00000002)
    __rt_entry_sh                            0x000003f5   Thumb Code     0  __rtentry4.o(.ARM.Collect$$rtentry$$00000004)
    __rt_entry_li                            0x000003fb   Thumb Code     0  __rtentry2.o(.ARM.Collect$$rtentry$$0000000A)
    __rt_entry_postsh_1                      0x000003fb   Thumb Code     0  __rtentry2.o(.ARM.Collect$$rtentry$$00000009)
    __rt_entry_main                          0x000003ff   Thumb Code     0  __rtentry2.o(.ARM.Collect$$rtentry$$0000000D)
    __rt_entry_postli_1                      0x000003ff   Thumb Code     0  __rtentry2.o(.ARM.Collect$$rtentry$$0000000C)
    __rt_exit                                0x00000407   Thumb Code     0  rtexit.o(.ARM.Collect$$rtexit$$00000000)
    __rt_exit_ls                             0x00000409   Thumb Code     0  rtexit2.o(.ARM.Collect$$rtexit$$00000003)
    __rt_exit_prels_1                        0x00000409   Thumb Code     0  rtexit2.o(.ARM.Collect$$rtexit$$00000002)
    __rt_exit_exit                           0x0000040d   Thumb Code     0  rtexit2.o(.ARM.Collect$$rtexit$$00000004)
    SysCtlDelay                              0x00000415   Thumb Code     6  sysctl.o(.emb_text)
    Reset_Handler                            0x0000041d   Thumb Code     8  startup_tm4c123.o(.text)
    NMI_Handler                              0x00000425   Thumb Code     2  startup_tm4c123.o(.text)
    HardFault_Handler                        0x00000427   Thumb Code     2  startup_tm4c123.o(.text)
    MemManage_Handler                        0x00000429   Thumb Code     2  startup_tm4c123.o(.text)
    BusFault_Handler                         0x0000042b   Thumb Code     2  startup_tm4c123.o(.text)
    UsageFault_Handler                       0x0000042d   Thumb Code     2  startup_tm4c123.o(.text)
    SVC_Handler                              0x0000042f   Thumb Code     2  startup_tm4c123.o(.text)
    DebugMon_Handler                         0x00000431   Thumb Code     2  startup_tm4c123.o(.text)
    PendSV_Handler                           0x00000433   Thumb Code     2  startup_tm4c123.o(.text)
    GPIOA_Handler                            0x00000437   Thumb Code     2  startup_tm4c123.o(.text)
    GPIOB_Handler                            0x00000439   Thumb Code     2  startup_tm4c123.o(.text)
    GPIOC_Handler                            0x0000043b   Thumb Code     2  startup_tm4c123.o(.text)
    GPIOD_Handler                            0x0000043d   Thumb Code     2  startup_tm4c123.o(.text)
    GPIOE_Handler                            0x0000043f   Thumb Code     2  startup_tm4c123.o(.text)
    UART0_Handler                            0x00000441   Thumb Code     2  startup_tm4c123.o(.text)
    UART1_Handler                            0x00000443   Thumb Code     2  startup_tm4c123.o(.text)
    SSI0_Handler                             0x00000445   Thumb Code     2  startup_tm4c123.o(.text)
    I2C0_Handler                             0x00000447   Thumb Code     2  startup_tm4c123.o(.text)
    PMW0_FAULT_Handler                       0x00000449   Thumb Code     2  startup_tm4c123.o(.text)
    PWM0_0_Handler                           0x0000044b   Thumb Code     2  startup_tm4c123.o(.text)
    PWM0_1_Handler                           0x0000044d   Thumb Code     2  startup_tm4c123.o(.text)
    PWM0_2_Handler                           0x0000044f   Thumb Code     2  startup_tm4c123.o(.text)
    QEI0_Handler                             0x00000451   Thumb Code     2  startup_tm4c123.o(.text)
    ADC0SS1_Handler                          0x00000455   Thumb Code     2  startup_tm4c123.o(.text)
    ADC0SS2_Handler                          0x00000457   Thumb Code     2  startup_tm4c123.o(.text)
    ADC0SS3_Handler                          0x00000459   Thumb Code     2  startup_tm4c123.o(.text)
    WDT0_Handler                             0x0000045b   Thumb Code     2  startup_tm4c123.o(.text)
    TIMER0A_Handler                          0x0000045d   Thumb Code     2  startup_tm4c123.o(.text)
    TIMER0B_Handler                          0x0000045f   Thumb Code     2  startup_tm4c123.o(.text)
    TIMER1A_Handler                          0x00000461   Thumb Code     2  startup_tm4c123.o(.text)
    TIMER1B_Handler                          0x00000463   Thumb Code     2  startup_tm4c123.o(.text)
    TIMER2A_Handler                          0x00000465   Thumb Code     2  startup_tm4c123.o(.text)
    TIMER2B_Handler                          0x00000467   Thumb Code     2  startup_tm4c123.o(.text)
    COMP0_Handler                            0x00000469   Thumb Code     2  startup_tm4c123.o(.text)
    COMP1_Handler                            0x0000046b   Thumb Code     2  startup_tm4c123.o(.text)
    COMP2_Handler                            0x0000046d   Thumb Code     2  startup_tm4c123.o(.text)
    SYSCTL_Handler                           0x0000046f   Thumb Code     2  startup_tm4c123.o(.text)
    FLASH_Handler                            0x00000471   Thumb Code     2  startup_tm4c123.o(.text)
    GPIOF_Handler                            0x00000473   Thumb Code     2  startup_tm4c123.o(.text)
    GPIOG_Handler                            0x00000475   Thumb Code     2  startup_tm4c123.o(.text)
    GPIOH_Handler                            0x00000477   Thumb Code     2  startup_tm4c123.o(.text)
    UART2_Handler                            0x00000479   Thumb Code     2  startup_tm4c123.o(.text)
    SSI1_Handler                             0x0000047b   Thumb Code     2  startup_tm4c123.o(.text)
    TIMER3A_Handler                          0x0000047d   Thumb Code     2  startup_tm4c123.o(.text)
    TIMER3B_Handler                          0x0000047f   Thumb Code     2  startup_tm4c123.o(.text)
    I2C1_Handler                             0x00000481   Thumb Code     2  startup_tm4c123.o(.text)
    QEI1_Handler                             0x00000483   Thumb Code     2  startup_tm4c123.o(.text)
    CAN0_Handler                             0x00000485   Thumb Code     2  startup_tm4c123.o(.text)
    CAN1_Handler                             0x00000487   Thumb Code     2  startup_tm4c123.o(.text)
    CAN2_Handler                             0x00000489   Thumb Code     2  startup_tm4c123.o(.text)
    HIB_Handler                              0x0000048b   Thumb Code     2  startup_tm4c123.o(.text)
    USB0_Handler                             0x0000048d   Thumb Code     2  startup_tm4c123.o(.text)
    PWM0_3_Handler                           0x0000048f   Thumb Code     2  startup_tm4c123.o(.text)
    UDMA_Handler                             0x00000491   Thumb Code     2  startup_tm4c123.o(.text)
    ADC1SS0_Handler                          0x00000495   Thumb Code     2  startup_tm4c123.o(.text)
    ADC1SS1_Handler                          0x00000497   Thumb Code     2  startup_tm4c123.o(.text)
    ADC1SS2_Handler                          0x00000499   Thumb Code     2  startup_tm4c123.o(.text)
    ADC1SS3_Handler                          0x0000049b   Thumb Code     2  startup_tm4c123.o(.text)
    GPIOJ_Handler                            0x0000049d   Thumb Code     2  startup_tm4c123.o(.text)
    GPIOK_Handler                            0x0000049f   Thumb Code     2  startup_tm4c123.o(.text)
    GPIOL_Handler                            0x000004a1   Thumb Code     2  startup_tm4c123.o(.text)
    SSI2_Handler                             0x000004a3   Thumb Code     2  startup_tm4c123.o(.text)
    SSI3_Handler                             0x000004a5   Thumb Code     2  startup_tm4c123.o(.text)
    UART3_Handler                            0x000004a7   Thumb Code     2  startup_tm4c123.o(.text)
    UART4_Handler                            0x000004a9   Thumb Code     2  startup_tm4c123.o(.text)
    UART5_Handler                            0x000004ab   Thumb Code     2  startup_tm4c123.o(.text)
    UART6_Handler                            0x000004ad   Thumb Code     2  startup_tm4c123.o(.text)
    UART7_Handler                            0x000004af   Thumb Code     2  startup_tm4c123.o(.text)
    I2C2_Handler                             0x000004b1   Thumb Code     2  startup_tm4c123.o(.text)
    I2C3_Handler                             0x000004b3   Thumb Code     2  startup_tm4c123.o(.text)
    TIMER4A_Handler                          0x000004b5   Thumb Code     2  startup_tm4c123.o(.text)
    TIMER4B_Handler                          0x000004b7   Thumb Code     2  startup_tm4c123.o(.text)
    TIMER5A_Handler                          0x000004b9   Thumb Code     2  startup_tm4c123.o(.text)
    TIMER5B_Handler                          0x000004bb   Thumb Code     2  startup_tm4c123.o(.text)
    WTIMER0A_Handler                         0x000004bd   Thumb Code     2  startup_tm4c123.o(.text)
    WTIMER0B_Handler                         0x000004bf   Thumb Code     2  startup_tm4c123.o(.text)
    WTIMER1A_Handler                         0x000004c1   Thumb Code     2  startup_tm4c123.o(.text)
    WTIMER1B_Handler                         0x000004c3   Thumb Code     2  startup_tm4c123.o(.text)
    WTIMER2A_Handler                         0x000004c5   Thumb Code     2  startup_tm4c123.o(.text)
    WTIMER2B_Handler                         0x000004c7   Thumb Code     2  startup_tm4c123.o(.text)
    WTIMER3A_Handler                         0x000004c9   Thumb Code     2  startup_tm4c123.o(.text)
    WTIMER3B_Handler                         0x000004cb   Thumb Code     2  startup_tm4c123.o(.text)
    WTIMER4A_Handler                         0x000004cd   Thumb Code     2  startup_tm4c123.o(.text)
    WTIMER4B_Handler                         0x000004cf   Thumb Code     2  startup_tm4c123.o(.text)
    WTIMER5A_Handler                         0x000004d1   Thumb Code     2  startup_tm4c123.o(.text)
    WTIMER5B_Handler                         0x000004d3   Thumb Code     2  startup_tm4c123.o(.text)
    FPU_Handler                              0x000004d5   Thumb Code     2  startup_tm4c123.o(.text)
    I2C4_Handler                             0x000004d7   Thumb Code     2  startup_tm4c123.o(.text)
    I2C5_Handler                             0x000004d9   Thumb Code     2  startup_tm4c123.o(.text)
    GPIOM_Handler                            0x000004db   Thumb Code     2  startup_tm4c123.o(.text)
    GPION_Handler                            0x000004dd   Thumb Code     2  startup_tm4c123.o(.text)
    QEI2_Handler                             0x000004df   Thumb Code     2  startup_tm4c123.o(.text)
    GPIOP0_Handler                           0x000004e1   Thumb Code     2  startup_tm4c123.o(.text)
    GPIOP1_Handler                           0x000004e3   Thumb Code     2  startup_tm4c123.o(.text)
    GPIOP2_Handler                           0x000004e5   Thumb Code     2  startup_tm4c123.o(.text)
    GPIOP3_Handler                           0x000004e7   Thumb Code     2  startup_tm4c123.o(.text)
    GPIOP4_Handler                           0x000004e9   Thumb Code     2  startup_tm4c123.o(.text)
    GPIOP5_Handler                           0x000004eb   Thumb Code     2  startup_tm4c123.o(.text)
    GPIOP6_Handler                           0x000004ed   Thumb Code     2  startup_tm4c123.o(.text)
    GPIOP7_Handler                           0x000004ef   Thumb Code     2  startup_tm4c123.o(.text)
    GPIOQ0_Handler                           0x000004f1   Thumb Code     2  startup_tm4c123.o(.text)
    GPIOQ1_Handler                           0x000004f3   Thumb Code     2  startup_tm4c123.o(.text)
    GPIOQ2_Handler                           0x000004f5   Thumb Code     2  startup_tm4c123.o(.text)
    GPIOQ3_Handler                           0x000004f7   Thumb Code     2  startup_tm4c123.o(.text)
    GPIOQ4_Handler                           0x000004f9   Thumb Code     2  startup_tm4c123.o(.text)
    GPIOQ5_Handler                           0x000004fb   Thumb Code     2  startup_tm4c123.o(.text)
    GPIOQ6_Handler                           0x000004fd   Thumb Code     2  startup_tm4c123.o(.text)
    GPIOQ7_Handler                           0x000004ff   Thumb Code     2  startup_tm4c123.o(.text)
    GPIOR_Handler                            0x00000501   Thumb Code     2  startup_tm4c123.o(.text)
    GPIOS_Handler                            0x00000503   Thumb Code     2  startup_tm4c123.o(.text)
    PMW1_0_Handler                           0x00000505   Thumb Code     2  startup_tm4c123.o(.text)
    PWM1_1_Handler                           0x00000507   Thumb Code     2  startup_tm4c123.o(.text)
    PWM1_2_Handler                           0x00000509   Thumb Code     2  startup_tm4c123.o(.text)
    PWM1_3_Handler                           0x0000050b   Thumb Code     2  startup_tm4c123.o(.text)
    PWM1_FAULT_Handler                       0x0000050d   Thumb Code     2  startup_tm4c123.o(.text)
    __user_initial_stackheap                 0x00000511   Thumb Code     0  startup_tm4c123.o(.text)
    arm_dot_prod_f32                         0x00000535   Thumb Code   256  arm_dot_prod_f32.o(.text)
    arm_mult_f32                             0x00000639   Thumb Code   210  arm_mult_f32.o(.text)
    arm_scale_f32                            0x0000070d   Thumb Code   152  arm_scale_f32.o(.text)
    arm_sub_f32                              0x000007a5   Thumb Code   210  arm_sub_f32.o(.text)
    arm_cmplx_mag_f32                        0x00000879   Thumb Code   246  arm_cmplx_mag_f32.o(.text)
    arm_mat_init_f32                         0x00000975   Thumb Code     8  arm_mat_init_f32.o(.text)
    arm_mat_mult_f32                         0x0000097d   Thumb Code   312  arm_mat_mult_f32.o(.text)
    arm_cfft_radix8by2_f32                   0x00000ab9   Thumb Code   398  arm_cfft_f32.o(.text)
    arm_cfft_radix8by4_f32                   0x00000c47   Thumb Code  1098  arm_cfft_f32.o(.text)
    arm_cfft_f32                             0x00001091   Thumb Code   330  arm_cfft_f32.o(.text)
    arm_mean_f32                             0x000011dd   Thumb Code   138  arm_mean_f32.o(.text)
    arm_copy_f32                             0x0000126d   Thumb Code   132  arm_copy_f32.o(.text)
    arm_fill_f32                             0x000012f1   Thumb Code   148  arm_fill_f32.o(.text)
    arm_radix8_butterfly_f32                 0x00001385   Thumb Code  1244  arm_cfft_radix8_f32.o(.text)
    __aeabi_memcpy4                          0x00001861   Thumb Code     0  rt_memcpy_w.o(.text)
    __aeabi_memcpy8                          0x00001861   Thumb Code     0  rt_memcpy_w.o(.text)
    __rt_memcpy_w                            0x00001861   Thumb Code   100  rt_memcpy_w.o(.text)
    _memcpy_lastbytes_aligned                0x000018a9   Thumb Code     0  rt_memcpy_w.o(.text)
    __use_two_region_memory                  0x000018c5   Thumb Code     2  heapauxi.o(.text)
    __rt_heap_escrow$2region                 0x000018c7   Thumb Code     2  heapauxi.o(.text)
    __rt_heap_expand$2region                 0x000018c9   Thumb Code     2  heapauxi.o(.text)
    __read_errno                             0x000018cb   Thumb Code    10  _rserrno.o(.text)
    __set_errno                              0x000018d5   Thumb Code    12  _rserrno.o(.text)
    __aeabi_errno_addr                       0x000018e1   Thumb Code     8  rt_errno_addr_intlibspace.o(.text)
    __errno$intlibspace                      0x000018e1   Thumb Code     0  rt_errno_addr_intlibspace.o(.text)
    __rt_errno_addr$intlibspace              0x000018e1   Thumb Code     0  rt_errno_addr_intlibspace.o(.text)
    _fp_trap                                 0x000018e9   Thumb Code    44  _fptrap.o(.text)
    __user_libspace                          0x00001919   Thumb Code     8  libspace.o(.text)
    __user_perproc_libspace                  0x00001919   Thumb Code     0  libspace.o(.text)
    __user_perthread_libspace                0x00001919   Thumb Code     0  libspace.o(.text)
    __user_setup_stackheap                   0x00001921   Thumb Code    74  sys_stackheap_outer.o(.text)
    exit                                     0x0000196b   Thumb Code    18  exit.o(.text)
    __rt_SIGFPE                              0x0000197d   Thumb Code    14  defsig_fpe_outer.o(.text)
    __sig_exit                               0x0000198b   Thumb Code    10  defsig_exit.o(.text)
    __rt_SIGFPE_inner                        0x00001995   Thumb Code    62  defsig_fpe_inner.o(.text)
    _sys_exit                                0x00001a41   Thumb Code     8  sys_exit.o(.text)
    __default_signal_display                 0x00001a4d   Thumb Code    50  defsig_general.o(.text)
    _ttywrch                                 0x00001a7f   Thumb Code    14  sys_wrch.o(.text)
    __I$use$semihosting                      0x00001a8d   Thumb Code     0  use_no_semi.o(.text)
    __use_no_semihosting_swi                 0x00001a8d   Thumb Code     2  use_no_semi.o(.text)
    __semihosting_library_function           0x00001a8f   Thumb Code     0  indicate_semi.o(.text)
    ADC0SS0_Handler                          0x00001a91   Thumb Code   126  sampler.o(i.ADC0SS0_Handler)
    ADCClockConfigSet                        0x00001b2d   Thumb Code    28  adc.o(i.ADCClockConfigSet)
    ADCIntClear                              0x00001b49   Thumb Code    10  adc.o(i.ADCIntClear)
    ADCIntDisable                            0x00001b53   Thumb Code    16  adc.o(i.ADCIntDisable)
    ADCIntEnable                             0x00001b63   Thumb Code    16  adc.o(i.ADCIntEnable)
    ADCSequenceDMAEnable                     0x00001b73   Thumb Code    16  adc.o(i.ADCSequenceDMAEnable)
    GPIODirModeSet                           0x00001b83   Thumb Code    40  gpio.o(i.GPIODirModeSet)
    GPIOPadConfigSet                         0x00001bab   Thumb Code   312  gpio.o(i.GPIOPadConfigSet)
    GPIOPinTypeADC                           0x00001ce3   Thumb Code    28  gpio.o(i.GPIOPinTypeADC)
    IntDisable                               0x00001d01   Thumb Code    92  interrupt.o(i.IntDisable)
    IntEnable                                0x00001d65   Thumb Code    92  interrupt.o(i.IntEnable)
    SysCtlClockGet                           0x00001dc9   Thumb Code   304  sysctl.o(i.SysCtlClockGet)
    SysCtlClockSet                           0x00001f1d   Thumb Code   270  sysctl.o(i.SysCtlClockSet)
    SysTick_Handler                          0x0000203d   Thumb Code    12  sampler.o(i.SysTick_Handler)
    SystemInit                               0x0000204d   Thumb Code   112  system_tm4c123.o(i.SystemInit)
    UDMAERR_Handler                          0x000020e5   Thumb Code    38  sampler.o(i.UDMAERR_Handler)
    __ARM_fpclassifyf                        0x00002111   Thumb Code    38  fpclassifyf.o(i.__ARM_fpclassifyf)
    __hardfp_expf                            0x00002139   Thumb Code   426  expf.o(i.__hardfp_expf)
    __mathlib_expf                           0x00002139   Thumb Code     0  expf.o(i.__hardfp_expf)
    __hardfp_logf                            0x00002321   Thumb Code   320  logf.o(i.__hardfp_logf)
    __mathlib_logf                           0x00002321   Thumb Code     0  logf.o(i.__hardfp_logf)
    __mathlib_flt_divzero                    0x0000248d   Thumb Code    14  funder.o(i.__mathlib_flt_divzero)
    __mathlib_flt_infnan                     0x000024a1   Thumb Code     6  funder.o(i.__mathlib_flt_infnan)
    __mathlib_flt_invalid                    0x000024a9   Thumb Code    10  funder.o(i.__mathlib_flt_invalid)
    __mathlib_flt_overflow                   0x000024b9   Thumb Code    10  funder.o(i.__mathlib_flt_overflow)
    __mathlib_flt_underflow                  0x000024c9   Thumb Code    10  funder.o(i.__mathlib_flt_underflow)
    emission                                 0x000024d9   Thumb Code   146  forward.o(i.emission)
    forward_step                             0x0000258d   Thumb Code   178  forward.o(i.forward_step)
    get_MFCC                                 0x00002665   Thumb Code   390  mfcc.o(i.get_MFCC)
    init_ADC                                 0x00002811   Thumb Code   226  sampler.o(i.init_ADC)
    init_forward                             0x00002905   Thumb Code    74  forward.o(i.init_forward)
    init_peripherals                         0x00002975   Thumb Code   236  sampler.o(i.init_peripherals)
    main                                     0x00002a89   Thumb Code   812  main.o(i.main)
    uDMAChannelAttributeDisable              0x00002e05   Thumb Code    66  udma.o(i.uDMAChannelAttributeDisable)
    uDMAChannelAttributeEnable               0x00002e4d   Thumb Code    66  udma.o(i.uDMAChannelAttributeEnable)
    uDMAChannelControlSet                    0x00002e95   Thumb Code    24  udma.o(i.uDMAChannelControlSet)
    uDMAChannelEnable                        0x00002eb5   Thumb Code    16  udma.o(i.uDMAChannelEnable)
    uDMAChannelTransferSet                   0x00002ec9   Thumb Code   124  udma.o(i.uDMAChannelTransferSet)
    uDMAControlBaseSet                       0x00002f49   Thumb Code     6  udma.o(i.uDMAControlBaseSet)
    uDMAEnable                               0x00002f55   Thumb Code     8  udma.o(i.uDMAEnable)
    __aeabi_d2f                              0x00002f61   Thumb Code     0  d2f_clz.o(x$fpl$d2f)
    _d2f                                     0x00002f61   Thumb Code   700  d2f_clz.o(x$fpl$d2f)
    __aeabi_dadd                             0x00003225   Thumb Code     0  daddsub_clz.o(x$fpl$dadd)
    _dadd                                    0x00003225   Thumb Code   580  daddsub_clz.o(x$fpl$dadd)
    __fpl_dcmp_Inf                           0x00003471   Thumb Code    24  dcmpi.o(x$fpl$dcmpinf)
    __aeabi_i2d                              0x00003489   Thumb Code     0  dflt_clz.o(x$fpl$dflt)
    _dflt                                    0x00003489   Thumb Code    46  dflt_clz.o(x$fpl$dflt)
    __dflt_normalise                         0x000034b7   Thumb Code    26  dflt_clz.o(x$fpl$dfltn)
    __aeabi_cdcmple                          0x000034d1   Thumb Code     0  dleqf.o(x$fpl$dleqf)
    _dcmple                                  0x000034d1   Thumb Code   120  dleqf.o(x$fpl$dleqf)
    __fpl_dcmple_InfNaN                      0x00003529   Thumb Code     0  dleqf.o(x$fpl$dleqf)
    __aeabi_dmul                             0x00003549   Thumb Code     0  dmul_clz.o(x$fpl$dmul)
    _dmul                                    0x00003549   Thumb Code   440  dmul_clz.o(x$fpl$dmul)
    __fpl_dnaninf                            0x00003709   Thumb Code   258  dnaninf.o(x$fpl$dnaninf)
    __fpl_drenorm2                           0x0000380b   Thumb Code   106  drenorm_clz.o(x$fpl$drenorm)
    __fpl_drenorm1                           0x00003875   Thumb Code     6  drenorm_clz.o(x$fpl$drenorm)
    __fpl_dretinf                            0x0000387b   Thumb Code    12  dretinf.o(x$fpl$dretinf)
    __aeabi_cdrcmple                         0x00003887   Thumb Code     0  drleqf.o(x$fpl$drleqf)
    _drcmple                                 0x00003887   Thumb Code    98  drleqf.o(x$fpl$drleqf)
    __aeabi_dsub                             0x000038e9   Thumb Code     0  daddsub_clz.o(x$fpl$dsub)
    _dsub                                    0x000038e9   Thumb Code   664  daddsub_clz.o(x$fpl$dsub)
    __dunder                                 0x00003b85   Thumb Code   314  dunder_clz.o(x$fpl$dunder)
    __dunder_d                               0x00003cbf   Thumb Code    64  dunder_clz.o(x$fpl$dunder)
    __fpl_exception                          0x00003d01   Thumb Code   454  except.o(x$fpl$exception)
    __aeabi_f2d                              0x00003eed   Thumb Code     0  f2d.o(x$fpl$f2d)
    _f2d                                     0x00003eed   Thumb Code   122  f2d.o(x$fpl$f2d)
    __fpl_fnaninf                            0x00003f67   Thumb Code   242  fnaninf.o(x$fpl$fnaninf)
    _fp_init                                 0x00004059   Thumb Code    10  fpinit.o(x$fpl$fpinit)
    __fplib_config_fpu_vfp                   0x00004061   Thumb Code     0  fpinit.o(x$fpl$fpinit)
    __fplib_config_pureend_doubles           0x00004061   Thumb Code     0  fpinit.o(x$fpl$fpinit)
    __fpl_fretinf                            0x00004063   Thumb Code    10  fretinf.o(x$fpl$fretinf)
    __funder                                 0x0000406d   Thumb Code   254  funder_clz.o(x$fpl$funder)
    __funder_d                               0x0000416b   Thumb Code    62  funder_clz.o(x$fpl$funder)
    __fpl_return_NaN                         0x000041a9   Thumb Code   178  retnan.o(x$fpl$retnan)
    _fp_trapveneer                           0x0000425b   Thumb Code    36  trapv.o(x$fpl$trapveneer)
    __fpl_cmpreturn                          0x0000427f   Thumb Code    90  trapv.o(x$fpl$trapveneer)
    __I$use$fp                               0x000042d8   Number         0  usenofp.o(x$fpl$usenofp)
    filterbank2                              0x000042d8   Data        1024  melfilterconfig.o(.constdata)
    filterbank1                              0x000046d8   Data        1024  melfilterconfig.o(.constdata)
    cosines                                  0x00004ad8   Data        1248  melfilterconfig.o(.constdata)
    centerFreq                               0x00004fb8   Data         112  mfcc.o(.constdata)
    arm_cfft_sR_f32_len512                   0x000053b8   Data          16  arm_const_structs.o(.constdata)
    twiddleCoef_512                          0x000053c8   Data        4096  arm_common_tables.o(.constdata)
    armBitRevIndexTable512                   0x000063c8   Data         896  arm_common_tables.o(.constdata)
    Region$$Table$$Base                      0x000067b8   Number         0  anon$$obj.o(Region$$Table)
    Region$$Table$$Limit                     0x000067d8   Number         0  anon$$obj.o(Region$$Table)
    n_prev                                   0x20000000   Data           4  main.o(.data)
    n                                        0x20000008   Data           4  sampler.o(.data)
    g_ui32DMAErrCount                        0x2000000c   Data           4  sampler.o(.data)
    g_ui32SysTickCount                       0x20000010   Data           4  sampler.o(.data)
    start                                    0x20000014   Data           4  sampler.o(.data)
    stop                                     0x20000018   Data           4  sampler.o(.data)
    start_prob                               0x2000001c   Data          16  parameters.o(.data)
    transitions                              0x2000002c   Data          64  parameters.o(.data)
    means                                    0x2000006c   Data         192  parameters.o(.data)
    covars_norm                              0x2000012c   Data          16  parameters.o(.data)
    denominators                             0x2000013c   Data         192  parameters.o(.data)
    mfccs                                    0x200001fc   Data        1728  parameters.o(.data)
    exponents_sum                            0x200008bc   Data           4  forward.o(.data)
    probability                              0x200008c0   Data           4  forward.o(.data)
    scale                                    0x200008c4   Data           4  forward.o(.data)
    A                                        0x200008c8   Data           8  forward.o(.data)
    alphas_prev                              0x200008d0   Data           8  forward.o(.data)
    alphas                                   0x200008d8   Data           8  forward.o(.data)
    ucControlTable                           0x200008e0   Data        1024  sampler.o(.bss)
    ADC_OUT_0                                0x20000ce0   Data         512  sampler.o(.bss)
    ADC_OUT_1                                0x20000ee0   Data         512  sampler.o(.bss)
    exponents                                0x200010e0   Data          48  forward.o(.bss)
    differences                              0x20001110   Data          48  forward.o(.bss)
    ones_b                                   0x20001140   Data          48  forward.o(.bss)
    b                                        0x20001170   Data          16  forward.o(.bss)
    alphas_f32                               0x20001180   Data          16  forward.o(.bss)
    alphas_prev_f32                          0x20001190   Data          16  forward.o(.bss)
    ones_a                                   0x200011a0   Data          16  forward.o(.bss)
    __libspace_start                         0x200011b0   Data          96  libspace.o(.bss)
    __temporary_stack_top$libspace           0x20001210   Data           0  libspace.o(.bss)



==============================================================================

Memory Map of the image

  Image Entry point : 0x0000026d

  Load Region LR_IROM1 (Base: 0x00000000, Size: 0x000070b8, Max: 0x00040000, ABSOLUTE, COMPRESSED[0x0000708c])

    Execution Region ER_IROM1 (Base: 0x00000000, Size: 0x000067d8, Max: 0x00040000, ABSOLUTE)

    Base Addr    Size         Type   Attr      Idx    E Section Name        Object

    0x00000000   0x0000026c   Data   RO          330    RESET               startup_tm4c123.o
    0x0000026c   0x00000008   Code   RO         2153  * !!!main             c_w.l(__main.o)
    0x00000274   0x00000034   Code   RO         2416    !!!scatter          c_w.l(__scatter.o)
    0x000002a8   0x00000064   Code   RO         2414    !!dclz77c           c_w.l(__dclz77c.o)
    0x0000030c   0x0000001c   Code   RO         2418    !!handler_zi        c_w.l(__scatter_zi.o)
    0x00000328   0x000000c0   Code   RO         2061    . text              arm_cortexM4lf_math.lib(arm_bitreversal2.o)
    0x000003e8   0x00000002   Code   RO         2287    .ARM.Collect$$libinit$$00000000  c_w.l(libinit.o)
    0x000003ea   0x00000004   Code   RO         2296    .ARM.Collect$$libinit$$00000001  c_w.l(libinit2.o)
    0x000003ee   0x00000000   Code   RO         2299    .ARM.Collect$$libinit$$00000004  c_w.l(libinit2.o)
    0x000003ee   0x00000000   Code   RO         2302    .ARM.Collect$$libinit$$0000000A  c_w.l(libinit2.o)
    0x000003ee   0x00000000   Code   RO         2304    .ARM.Collect$$libinit$$0000000C  c_w.l(libinit2.o)
    0x000003ee   0x00000000   Code   RO         2306    .ARM.Collect$$libinit$$0000000E  c_w.l(libinit2.o)
    0x000003ee   0x00000000   Code   RO         2309    .ARM.Collect$$libinit$$00000011  c_w.l(libinit2.o)
    0x000003ee   0x00000000   Code   RO         2311    .ARM.Collect$$libinit$$00000013  c_w.l(libinit2.o)
    0x000003ee   0x00000000   Code   RO         2313    .ARM.Collect$$libinit$$00000015  c_w.l(libinit2.o)
    0x000003ee   0x00000000   Code   RO         2315    .ARM.Collect$$libinit$$00000017  c_w.l(libinit2.o)
    0x000003ee   0x00000000   Code   RO         2317    .ARM.Collect$$libinit$$00000019  c_w.l(libinit2.o)
    0x000003ee   0x00000000   Code   RO         2319    .ARM.Collect$$libinit$$0000001B  c_w.l(libinit2.o)
    0x000003ee   0x00000000   Code   RO         2321    .ARM.Collect$$libinit$$0000001D  c_w.l(libinit2.o)
    0x000003ee   0x00000000   Code   RO         2323    .ARM.Collect$$libinit$$0000001F  c_w.l(libinit2.o)
    0x000003ee   0x00000000   Code   RO         2325    .ARM.Collect$$libinit$$00000021  c_w.l(libinit2.o)
    0x000003ee   0x00000000   Code   RO         2327    .ARM.Collect$$libinit$$00000023  c_w.l(libinit2.o)
    0x000003ee   0x00000000   Code   RO         2329    .ARM.Collect$$libinit$$00000025  c_w.l(libinit2.o)
    0x000003ee   0x00000000   Code   RO         2333    .ARM.Collect$$libinit$$0000002C  c_w.l(libinit2.o)
    0x000003ee   0x00000000   Code   RO         2335    .ARM.Collect$$libinit$$0000002E  c_w.l(libinit2.o)
    0x000003ee   0x00000000   Code   RO         2337    .ARM.Collect$$libinit$$00000030  c_w.l(libinit2.o)
    0x000003ee   0x00000000   Code   RO         2339    .ARM.Collect$$libinit$$00000032  c_w.l(libinit2.o)
    0x000003ee   0x00000002   Code   RO         2340    .ARM.Collect$$libinit$$00000033  c_w.l(libinit2.o)
    0x000003f0   0x00000002   Code   RO         2371    .ARM.Collect$$libshutdown$$00000000  c_w.l(libshutdown.o)
    0x000003f2   0x00000000   Code   RO         2397    .ARM.Collect$$libshutdown$$00000002  c_w.l(libshutdown2.o)
    0x000003f2   0x00000000   Code   RO         2399    .ARM.Collect$$libshutdown$$00000004  c_w.l(libshutdown2.o)
    0x000003f2   0x00000000   Code   RO         2402    .ARM.Collect$$libshutdown$$00000007  c_w.l(libshutdown2.o)
    0x000003f2   0x00000000   Code   RO         2405    .ARM.Collect$$libshutdown$$0000000A  c_w.l(libshutdown2.o)
    0x000003f2   0x00000000   Code   RO         2407    .ARM.Collect$$libshutdown$$0000000C  c_w.l(libshutdown2.o)
    0x000003f2   0x00000000   Code   RO         2410    .ARM.Collect$$libshutdown$$0000000F  c_w.l(libshutdown2.o)
    0x000003f2   0x00000002   Code   RO         2411    .ARM.Collect$$libshutdown$$00000010  c_w.l(libshutdown2.o)
    0x000003f4   0x00000000   Code   RO         2203    .ARM.Collect$$rtentry$$00000000  c_w.l(__rtentry.o)
    0x000003f4   0x00000000   Code   RO         2246    .ARM.Collect$$rtentry$$00000002  c_w.l(__rtentry2.o)
    0x000003f4   0x00000006   Code   RO         2258    .ARM.Collect$$rtentry$$00000004  c_w.l(__rtentry4.o)
    0x000003fa   0x00000000   Code   RO         2248    .ARM.Collect$$rtentry$$00000009  c_w.l(__rtentry2.o)
    0x000003fa   0x00000004   Code   RO         2249    .ARM.Collect$$rtentry$$0000000A  c_w.l(__rtentry2.o)
    0x000003fe   0x00000000   Code   RO         2251    .ARM.Collect$$rtentry$$0000000C  c_w.l(__rtentry2.o)
    0x000003fe   0x00000008   Code   RO         2252    .ARM.Collect$$rtentry$$0000000D  c_w.l(__rtentry2.o)
    0x00000406   0x00000002   Code   RO         2288    .ARM.Collect$$rtexit$$00000000  c_w.l(rtexit.o)
    0x00000408   0x00000000   Code   RO         2344    .ARM.Collect$$rtexit$$00000002  c_w.l(rtexit2.o)
    0x00000408   0x00000004   Code   RO         2345    .ARM.Collect$$rtexit$$00000003  c_w.l(rtexit2.o)
    0x0000040c   0x00000006   Code   RO         2346    .ARM.Collect$$rtexit$$00000004  c_w.l(rtexit2.o)
    0x00000412   0x00000002   PAD
    0x00000414   0x00000006   Code   RO         1083    .emb_text           driverlib.lib(sysctl.o)
    0x0000041a   0x00000002   PAD
    0x0000041c   0x00000118   Code   RO          331    .text               startup_tm4c123.o
    0x00000534   0x00000104   Code   RO         1602    .text               arm_cortexM4lf_math.lib(arm_dot_prod_f32.o)
    0x00000638   0x000000d2   Code   RO         1648    .text               arm_cortexM4lf_math.lib(arm_mult_f32.o)
    0x0000070a   0x00000002   PAD
    0x0000070c   0x00000098   Code   RO         1672    .text               arm_cortexM4lf_math.lib(arm_scale_f32.o)
    0x000007a4   0x000000d2   Code   RO         1696    .text               arm_cortexM4lf_math.lib(arm_sub_f32.o)
    0x00000876   0x00000002   PAD
    0x00000878   0x000000fc   Code   RO         1720    .text               arm_cortexM4lf_math.lib(arm_cmplx_mag_f32.o)
    0x00000974   0x00000008   Code   RO         1747    .text               arm_cortexM4lf_math.lib(arm_mat_init_f32.o)
    0x0000097c   0x0000013c   Code   RO         1771    .text               arm_cortexM4lf_math.lib(arm_mat_mult_f32.o)
    0x00000ab8   0x00000722   Code   RO         1795    .text               arm_cortexM4lf_math.lib(arm_cfft_f32.o)
    0x000011da   0x00000002   PAD
    0x000011dc   0x00000090   Code   RO         1823    .text               arm_cortexM4lf_math.lib(arm_mean_f32.o)
    0x0000126c   0x00000084   Code   RO         1847    .text               arm_cortexM4lf_math.lib(arm_copy_f32.o)
    0x000012f0   0x00000094   Code   RO         1871    .text               arm_cortexM4lf_math.lib(arm_fill_f32.o)
    0x00001384   0x000004dc   Code   RO         2040    .text               arm_cortexM4lf_math.lib(arm_cfft_radix8_f32.o)
    0x00001860   0x00000064   Code   RO         2149    .text               c_w.l(rt_memcpy_w.o)
    0x000018c4   0x00000006   Code   RO         2151    .text               c_w.l(heapauxi.o)
    0x000018ca   0x00000016   Code   RO         2204    .text               c_w.l(_rserrno.o)
    0x000018e0   0x00000008   Code   RO         2263    .text               c_w.l(rt_errno_addr_intlibspace.o)
    0x000018e8   0x00000030   Code   RO         2265    .text               c_w.l(_fptrap.o)
    0x00001918   0x00000008   Code   RO         2271    .text               c_w.l(libspace.o)
    0x00001920   0x0000004a   Code   RO         2274    .text               c_w.l(sys_stackheap_outer.o)
    0x0000196a   0x00000012   Code   RO         2276    .text               c_w.l(exit.o)
    0x0000197c   0x0000000e   Code   RO         2278    .text               c_w.l(defsig_fpe_outer.o)
    0x0000198a   0x0000000a   Code   RO         2292    .text               c_w.l(defsig_exit.o)
    0x00001994   0x000000ac   Code   RO         2294    .text               c_w.l(defsig_fpe_inner.o)
    0x00001a40   0x0000000c   Code   RO         2341    .text               c_w.l(sys_exit.o)
    0x00001a4c   0x00000032   Code   RO         2352    .text               c_w.l(defsig_general.o)
    0x00001a7e   0x0000000e   Code   RO         2358    .text               c_w.l(sys_wrch.o)
    0x00001a8c   0x00000002   Code   RO         2360    .text               c_w.l(use_no_semi.o)
    0x00001a8e   0x00000000   Code   RO         2362    .text               c_w.l(indicate_semi.o)
    0x00001a8e   0x00000002   PAD
    0x00001a90   0x0000009c   Code   RO           87    i.ADC0SS0_Handler   sampler.o
    0x00001b2c   0x0000001c   Code   RO          384    i.ADCClockConfigSet  driverlib.lib(adc.o)
    0x00001b48   0x0000000a   Code   RO          393    i.ADCIntClear       driverlib.lib(adc.o)
    0x00001b52   0x00000010   Code   RO          395    i.ADCIntDisable     driverlib.lib(adc.o)
    0x00001b62   0x00000010   Code   RO          397    i.ADCIntEnable      driverlib.lib(adc.o)
    0x00001b72   0x00000010   Code   RO          410    i.ADCSequenceDMAEnable  driverlib.lib(adc.o)
    0x00001b82   0x00000028   Code   RO          665    i.GPIODirModeSet    driverlib.lib(gpio.o)
    0x00001baa   0x00000138   Code   RO          677    i.GPIOPadConfigSet  driverlib.lib(gpio.o)
    0x00001ce2   0x0000001c   Code   RO          680    i.GPIOPinTypeADC    driverlib.lib(gpio.o)
    0x00001cfe   0x00000002   PAD
    0x00001d00   0x00000064   Code   RO          967    i.IntDisable        driverlib.lib(interrupt.o)
    0x00001d64   0x00000064   Code   RO          968    i.IntEnable         driverlib.lib(interrupt.o)
    0x00001dc8   0x00000154   Code   RO         1086    i.SysCtlClockGet    driverlib.lib(sysctl.o)
    0x00001f1c   0x00000120   Code   RO         1088    i.SysCtlClockSet    driverlib.lib(sysctl.o)
    0x0000203c   0x00000010   Code   RO           88    i.SysTick_Handler   sampler.o
    0x0000204c   0x00000098   Code   RO          338    i.SystemInit        system_tm4c123.o
    0x000020e4   0x0000002c   Code   RO           90    i.UDMAERR_Handler   sampler.o
    0x00002110   0x00000026   Code   RO         2229    i.__ARM_fpclassifyf  m_wm.l(fpclassifyf.o)
    0x00002136   0x00000002   PAD
    0x00002138   0x000001e8   Code   RO         2175    i.__hardfp_expf     m_wm.l(expf.o)
    0x00002320   0x0000016c   Code   RO         2189    i.__hardfp_logf     m_wm.l(logf.o)
    0x0000248c   0x00000014   Code   RO         2231    i.__mathlib_flt_divzero  m_wm.l(funder.o)
    0x000024a0   0x00000006   Code   RO         2232    i.__mathlib_flt_infnan  m_wm.l(funder.o)
    0x000024a6   0x00000002   PAD
    0x000024a8   0x00000010   Code   RO         2234    i.__mathlib_flt_invalid  m_wm.l(funder.o)
    0x000024b8   0x00000010   Code   RO         2235    i.__mathlib_flt_overflow  m_wm.l(funder.o)
    0x000024c8   0x00000010   Code   RO         2237    i.__mathlib_flt_underflow  m_wm.l(funder.o)
    0x000024d8   0x000000b4   Code   RO          283    i.emission          forward.o
    0x0000258c   0x000000d8   Code   RO          284    i.forward_step      forward.o
    0x00002664   0x000001ac   Code   RO          209    i.get_MFCC          mfcc.o
    0x00002810   0x000000f4   Code   RO           91    i.init_ADC          sampler.o
    0x00002904   0x00000070   Code   RO          285    i.init_forward      forward.o
    0x00002974   0x00000114   Code   RO           92    i.init_peripherals  sampler.o
    0x00002a88   0x0000037c   Code   RO            3    i.main              main.o
    0x00002e04   0x00000048   Code   RO         1432    i.uDMAChannelAttributeDisable  driverlib.lib(udma.o)
    0x00002e4c   0x00000048   Code   RO         1433    i.uDMAChannelAttributeEnable  driverlib.lib(udma.o)
    0x00002e94   0x00000020   Code   RO         1435    i.uDMAChannelControlSet  driverlib.lib(udma.o)
    0x00002eb4   0x00000014   Code   RO         1437    i.uDMAChannelEnable  driverlib.lib(udma.o)
    0x00002ec8   0x00000080   Code   RO         1445    i.uDMAChannelTransferSet  driverlib.lib(udma.o)
    0x00002f48   0x0000000c   Code   RO         1448    i.uDMAControlBaseSet  driverlib.lib(udma.o)
    0x00002f54   0x0000000c   Code   RO         1450    i.uDMAEnable        driverlib.lib(udma.o)
    0x00002f60   0x000002c4   Code   RO         2155    x$fpl$d2f           g_wm.l(d2f_clz.o)
    0x00003224   0x0000024c   Code   RO         2157    x$fpl$dadd          g_wm.l(daddsub_clz.o)
    0x00003470   0x00000018   Code   RO         2267    x$fpl$dcmpinf       g_wm.l(dcmpi.o)
    0x00003488   0x0000002e   Code   RO         2164    x$fpl$dflt          g_wm.l(dflt_clz.o)
    0x000034b6   0x0000001a   Code   RO         2165    x$fpl$dfltn         g_wm.l(dflt_clz.o)
    0x000034d0   0x00000078   Code   RO         2206    x$fpl$dleqf         g_wm.l(dleqf.o)
    0x00003548   0x000001c0   Code   RO         2169    x$fpl$dmul          g_wm.l(dmul_clz.o)
    0x00003708   0x00000102   Code   RO         2208    x$fpl$dnaninf       g_wm.l(dnaninf.o)
    0x0000380a   0x00000070   Code   RO         2210    x$fpl$drenorm       g_wm.l(drenorm_clz.o)
    0x0000387a   0x0000000c   Code   RO         2212    x$fpl$dretinf       g_wm.l(dretinf.o)
    0x00003886   0x00000062   Code   RO         2171    x$fpl$drleqf        g_wm.l(drleqf.o)
    0x000038e8   0x0000029c   Code   RO         2159    x$fpl$dsub          g_wm.l(daddsub_clz.o)
    0x00003b84   0x0000017a   Code   RO         2214    x$fpl$dunder        g_wm.l(dunder_clz.o)
    0x00003cfe   0x00000002   PAD
    0x00003d00   0x000001ec   Code   RO         2216    x$fpl$exception     g_wm.l(except.o)
    0x00003eec   0x0000007a   Code   RO         2173    x$fpl$f2d           g_wm.l(f2d.o)
    0x00003f66   0x000000f2   Code   RO         2218    x$fpl$fnaninf       g_wm.l(fnaninf.o)
    0x00004058   0x0000000a   Code   RO         2356    x$fpl$fpinit        g_wm.l(fpinit.o)
    0x00004062   0x0000000a   Code   RO         2220    x$fpl$fretinf       g_wm.l(fretinf.o)
    0x0000406c   0x0000013c   Code   RO         2222    x$fpl$funder        g_wm.l(funder_clz.o)
    0x000041a8   0x000000b2   Code   RO         2269    x$fpl$retnan        g_wm.l(retnan.o)
    0x0000425a   0x0000007e   Code   RO         2226    x$fpl$trapveneer    g_wm.l(trapv.o)
    0x000042d8   0x00000000   Code   RO         2228    x$fpl$usenofp       g_wm.l(usenofp.o)
    0x000042d8   0x00000ce0   Data   RO          186    .constdata          melfilterconfig.o
    0x00004fb8   0x000000a0   Data   RO          210    .constdata          mfcc.o
    0x00005058   0x0000010c   Data   RO          984    .constdata          driverlib.lib(interrupt.o)
    0x00005164   0x00000254   Data   RO         1139    .constdata          driverlib.lib(sysctl.o)
    0x000053b8   0x00000010   Data   RO         1900    .constdata          arm_cortexM4lf_math.lib(arm_const_structs.o)
    0x000053c8   0x00001000   Data   RO         2074    .constdata          arm_cortexM4lf_math.lib(arm_common_tables.o)
    0x000063c8   0x00000380   Data   RO         2103    .constdata          arm_cortexM4lf_math.lib(arm_common_tables.o)
    0x00006748   0x00000030   Data   RO         2178    .constdata          m_wm.l(expf.o)
    0x00006778   0x00000040   Data   RO         2192    .constdata          m_wm.l(logf.o)
    0x000067b8   0x00000020   Data   RO         2412    Region$$Table       anon$$obj.o


    Execution Region RW_IRAM1 (Base: 0x20000000, Size: 0x00005210, Max: 0x00008000, ABSOLUTE, COMPRESSED[0x000008b4])

    Base Addr    Size         Type   Attr      Idx    E Section Name        Object

    0x20000000   0x00000008   Data   RW            4    .data               main.o
    0x20000008   0x00000014   Data   RW           94    .data               sampler.o
    0x2000001c   0x000008a0   Data   RW          262    .data               parameters.o
    0x200008bc   0x00000024   Data   RW          287    .data               forward.o
    0x200008e0   0x00000800   Zero   RW           93    .bss                sampler.o
    0x200010e0   0x000000d0   Zero   RW          286    .bss                forward.o
    0x200011b0   0x00000060   Zero   RW         2272    .bss                c_w.l(libspace.o)
    0x20001210   0x00002000   Zero   RW          329    HEAP                startup_tm4c123.o
    0x20003210   0x00002000   Zero   RW          328    STACK               startup_tm4c123.o


==============================================================================

Image component sizes


      Code (inc. data)   RO Data    RW Data    ZI Data      Debug   Object Name

       508        110          0         36        208       7436   forward.o
       892         80          0          8          0      18508   main.o
         0          0       3296          0          0        618   melfilterconfig.o
       428         38        160          0          0       1644   mfcc.o
         0          0          0       2208          0        706   parameters.o
       736         98          0         20       2048       3811   sampler.o
       280         28        620          0      16384       5440   startup_tm4c123.o
       152         40          0          0          0        585   system_tm4c123.o

    ----------------------------------------------------------------------
      2996        394       4108       2272      18640      38748   Object Totals
         0          0         32          0          0          0   (incl. Generated)
         0          0          0          0          0          0   (incl. Padding)

    ----------------------------------------------------------------------

      Code (inc. data)   RO Data    RW Data    ZI Data      Debug   Library Member Name

       192          0          0          0          0        572   arm_bitreversal2.o
      1826          0          0          0          0       4025   arm_cfft_f32.o
      1244          4          0          0          0       3123   arm_cfft_radix8_f32.o
       252          6          0          0          0      14588   arm_cmplx_mag_f32.o
         0          0       4992          0          0       4704   arm_common_tables.o
         0          0         16          0          0       4212   arm_const_structs.o
       132          0          0          0          0        903   arm_copy_f32.o
       260          4          0          0          0      17631   arm_dot_prod_f32.o
       148          0          0          0          0       1231   arm_fill_f32.o
         8          0          0          0          0        999   arm_mat_init_f32.o
       316          4          0          0          0       2375   arm_mat_mult_f32.o
       144          6          0          0          0        955   arm_mean_f32.o
       210          0          0          0          0       1199   arm_mult_f32.o
       152          0          0          0          0       1084   arm_scale_f32.o
       210          0          0          0          0       1142   arm_sub_f32.o
       100          0          0          0          0          0   __dclz77c.o
         8          0          0          0          0         68   __main.o
         0          0          0          0          0          0   __rtentry.o
        12          0          0          0          0          0   __rtentry2.o
         6          0          0          0          0          0   __rtentry4.o
        52          8          0          0          0          0   __scatter.o
        28          0          0          0          0          0   __scatter_zi.o
        48          4          0          0          0         84   _fptrap.o
        22          0          0          0          0        100   _rserrno.o
        10          0          0          0          0         68   defsig_exit.o
       172        110          0          0          0         76   defsig_fpe_inner.o
        14          0          0          0          0         80   defsig_fpe_outer.o
        50          0          0          0          0         88   defsig_general.o
        18          0          0          0          0         80   exit.o
         6          0          0          0          0        152   heapauxi.o
         0          0          0          0          0          0   indicate_semi.o
         2          0          0          0          0          0   libinit.o
         6          0          0          0          0          0   libinit2.o
         2          0          0          0          0          0   libshutdown.o
         2          0          0          0          0          0   libshutdown2.o
         8          4          0          0         96         68   libspace.o
         8          4          0          0          0         68   rt_errno_addr_intlibspace.o
       100          0          0          0          0         80   rt_memcpy_w.o
         2          0          0          0          0          0   rtexit.o
        10          0          0          0          0          0   rtexit2.o
        12          4          0          0          0         68   sys_exit.o
        74          0          0          0          0         80   sys_stackheap_outer.o
        14          0          0          0          0         76   sys_wrch.o
         2          0          0          0          0         68   use_no_semi.o
        86          0          0          0          0       5532   adc.o
       380          0          0          0          0       2749   gpio.o
       200         16        268          0          0       2105   interrupt.o
       634         54        596          0          0       3898   sysctl.o
       348         38          0          0          0      18894   udma.o
       708         16          0          0          0        140   d2f_clz.o
      1256         28          0          0          0        408   daddsub_clz.o
        24          0          0          0          0        116   dcmpi.o
        72          0          0          0          0        232   dflt_clz.o
       120          8          0          0          0        140   dleqf.o
       448         16          0          0          0        164   dmul_clz.o
       258          4          0          0          0        156   dnaninf.o
       112          0          0          0          0        160   drenorm_clz.o
        12          0          0          0          0        116   dretinf.o
        98          0          0          0          0        128   drleqf.o
       378          0          0          0          0        168   dunder_clz.o
       492         36          0          0          0        148   except.o
       122          8          0          0          0        132   f2d.o
       242          4          0          0          0        144   fnaninf.o
        10          0          0          0          0        116   fpinit.o
        10          0          0          0          0        116   fretinf.o
       316          0          0          0          0        132   funder_clz.o
       178          0          0          0          0        116   retnan.o
       126          0          0          0          0        148   trapv.o
         0          0          0          0          0          0   usenofp.o
       488         62         48          0          0        236   expf.o
        38          0          0          0          0        116   fpclassifyf.o
        74         24          0          0          0        580   funder.o
       364         44         64          0          0        140   logf.o

    ----------------------------------------------------------------------
     13496        516       5984          0         96      97277   Library Totals
        20          0          0          0          0          0   (incl. Padding)

    ----------------------------------------------------------------------

      Code (inc. data)   RO Data    RW Data    ZI Data      Debug   Library Name

      5094         24       5008          0          0      58743   arm_cortexM4lf_math.lib
       788        134          0          0         96       1304   c_w.l
      1648        108        864          0          0      33178   driverlib.lib
      4982        120          0          0          0       2980   g_wm.l
       964        130        112          0          0       1072   m_wm.l

    ----------------------------------------------------------------------
     13496        516       5984          0         96      97277   Library Totals

    ----------------------------------------------------------------------

==============================================================================


      Code (inc. data)   RO Data    RW Data    ZI Data      Debug   

     16492        910      10092       2272      18736     129501   Grand Totals
     16492        910      10092       2228      18736     129501   ELF Image Totals (compressed)
     16492        910      10092       2228          0          0   ROM Totals

==============================================================================

    Total RO  Size (Code + RO Data)                26584 (  25.96kB)
    Total RW  Size (RW Data + ZI Data)             21008 (  20.52kB)
    Total ROM Size (Code + RO Data + RW Data)      28812 (  28.14kB)

==============================================================================

