Component: ARM Compiler 5.06 update 4 (build 422) Tool: armlink [4d35d2]

==============================================================================

Section Cross References

    main.o(i.main) refers to sysctl.o(i.SysCtlClockSet) for SysCtlClockSet
    main.o(i.main) refers to sysctl.o(.emb_text) for SysCtlDelay
    main.o(i.main) refers to mfcc.o(i.getMFCC) for getMFCC
    main.o(i.main) refers to main.o(.bss) for word
    main.o(i.main) refers to arm_fft_bin_data.o(.data) for testInput_f32_10khz
    main.o(i.main) refers to main.o(.data) for ind
    mfcc.o(i.getMFCC) refers to arm_cfft_f32.o(.text) for arm_cfft_f32
    mfcc.o(i.getMFCC) refers to arm_cmplx_mag_f32.o(.text) for arm_cmplx_mag_f32
    mfcc.o(i.getMFCC) refers to arm_fill_f32.o(.text) for arm_fill_f32
    mfcc.o(i.getMFCC) refers to rt_memcpy_w.o(.text) for __aeabi_memcpy4
    mfcc.o(i.getMFCC) refers to arm_dot_prod_f32.o(.text) for arm_dot_prod_f32
    mfcc.o(i.getMFCC) refers to logf.o(i.__hardfp_logf) for __hardfp_logf
    mfcc.o(i.getMFCC) refers to f2d.o(x$fpl$f2d) for __aeabi_f2d
    mfcc.o(i.getMFCC) refers to dmul_clz.o(x$fpl$dmul) for __aeabi_dmul
    mfcc.o(i.getMFCC) refers to d2f_clz.o(x$fpl$d2f) for __aeabi_d2f
    mfcc.o(i.getMFCC) refers to arm_const_structs.o(.constdata) for arm_cfft_sR_f32_len512
    mfcc.o(i.getMFCC) refers to mfcc.o(.constdata) for centerFreq
    mfcc.o(i.getMFCC) refers to mfcc.o(.data) for filterbank2
    startup_armcm4.o(STACK) refers (Special) to heapauxi.o(.text) for __use_two_region_memory
    startup_armcm4.o(HEAP) refers (Special) to heapauxi.o(.text) for __use_two_region_memory
    startup_armcm4.o(RESET) refers (Special) to heapauxi.o(.text) for __use_two_region_memory
    startup_armcm4.o(RESET) refers to startup_armcm4.o(STACK) for __initial_sp
    startup_armcm4.o(RESET) refers to startup_armcm4.o(.text) for Reset_Handler
    startup_armcm4.o(.text) refers (Special) to heapauxi.o(.text) for __use_two_region_memory
    startup_armcm4.o(.text) refers to system_armcm4.o(i.SystemInit) for SystemInit
    startup_armcm4.o(.text) refers to __main.o(!!!main) for __main
    startup_armcm4.o(.text) refers to startup_armcm4.o(HEAP) for Heap_Mem
    startup_armcm4.o(.text) refers to startup_armcm4.o(STACK) for Stack_Mem
    system_armcm4.o(i.SystemCoreClockUpdate) refers to system_armcm4.o(.data) for SystemCoreClock
    system_armcm4.o(i.SystemInit) refers to system_armcm4.o(.data) for SystemCoreClock
    sysctl.o(i.SysCtlClockFreqSet) refers to sysctl.o(.constdata) for .constdata
    sysctl.o(i.SysCtlClockGet) refers to sysctl.o(.constdata) for .constdata
    sysctl.o(i.SysCtlClockSet) refers to sysctl.o(.emb_text) for SysCtlDelay
    sysctl.o(i.SysCtlDeepSleep) refers to cpu.o(.emb_text) for CPUwfi
    sysctl.o(i.SysCtlIntRegister) refers to interrupt.o(i.IntRegister) for IntRegister
    sysctl.o(i.SysCtlIntRegister) refers to interrupt.o(i.IntEnable) for IntEnable
    sysctl.o(i.SysCtlIntUnregister) refers to interrupt.o(i.IntDisable) for IntDisable
    sysctl.o(i.SysCtlIntUnregister) refers to interrupt.o(i.IntUnregister) for IntUnregister
    sysctl.o(i.SysCtlSleep) refers to cpu.o(.emb_text) for CPUwfi
    sysctl.o(i.SysCtlVCOGet) refers to sysctl.o(.constdata) for .constdata
    arm_cfft_f32.o(.text) refers to arm_cfft_radix8_f32.o(.text) for arm_radix8_butterfly_f32
    arm_cfft_f32.o(.text) refers to arm_bitreversal2.o(. text) for arm_bitreversal_32
    arm_const_structs.o(.constdata) refers to arm_common_tables.o(.constdata) for twiddleCoef_16
    arm_const_structs.o(.constdata) refers to arm_common_tables.o(.constdata) for armBitRevIndexTable16
    arm_const_structs.o(.constdata) refers to arm_common_tables.o(.constdata) for twiddleCoef_32
    arm_const_structs.o(.constdata) refers to arm_common_tables.o(.constdata) for armBitRevIndexTable32
    arm_const_structs.o(.constdata) refers to arm_common_tables.o(.constdata) for twiddleCoef_64
    arm_const_structs.o(.constdata) refers to arm_common_tables.o(.constdata) for armBitRevIndexTable64
    arm_const_structs.o(.constdata) refers to arm_common_tables.o(.constdata) for twiddleCoef_128
    arm_const_structs.o(.constdata) refers to arm_common_tables.o(.constdata) for armBitRevIndexTable128
    arm_const_structs.o(.constdata) refers to arm_common_tables.o(.constdata) for twiddleCoef_256
    arm_const_structs.o(.constdata) refers to arm_common_tables.o(.constdata) for armBitRevIndexTable256
    arm_const_structs.o(.constdata) refers to arm_common_tables.o(.constdata) for twiddleCoef_512
    arm_const_structs.o(.constdata) refers to arm_common_tables.o(.constdata) for armBitRevIndexTable512
    arm_const_structs.o(.constdata) refers to arm_common_tables.o(.constdata) for twiddleCoef_1024
    arm_const_structs.o(.constdata) refers to arm_common_tables.o(.constdata) for armBitRevIndexTable1024
[...]
    logf.o(i.__hardfp_logf) refers to _rserrno.o(.text) for __set_errno
    logf.o(i.__hardfp_logf) refers to funder.o(i.__mathlib_flt_invalid) for __mathlib_flt_invalid
    logf.o(i.__hardfp_logf) refers to funder.o(i.__mathlib_flt_divzero) for __mathlib_flt_divzero
    logf.o(i.__hardfp_logf) refers to logf.o(.constdata) for .constdata
    logf.o(i.__softfp_logf) refers (Special) to usenofp.o(x$fpl$usenofp) for __I$use$fp
    logf.o(i.__softfp_logf) refers to logf.o(i.__hardfp_logf) for __hardfp_logf
    logf.o(i.logf) refers (Special) to usenofp.o(x$fpl$usenofp) for __I$use$fp
    logf.o(i.logf) refers to logf.o(i.__hardfp_logf) for __hardfp_logf
    logf.o(.constdata) refers (Special) to usenofp.o(x$fpl$usenofp) for __I$use$fp
    logf_x.o(i.____hardfp_logf$lsc) refers (Special) to usenofp.o(x$fpl$usenofp) for __I$use$fp
    logf_x.o(i.____hardfp_logf$lsc) refers to funder.o(i.__mathlib_flt_infnan) for __mathlib_flt_infnan
    logf_x.o(i.____hardfp_logf$lsc) refers to _rserrno.o(.text) for __set_errno
    logf_x.o(i.____hardfp_logf$lsc) refers to logf_x.o(.constdata) for .constdata
    logf_x.o(i.____softfp_logf$lsc) refers (Special) to usenofp.o(x$fpl$usenofp) for __I$use$fp
    logf_x.o(i.____softfp_logf$lsc) refers to logf_x.o(i.____hardfp_logf$lsc) for ____hardfp_logf$lsc
    logf_x.o(i.__logf$lsc) refers (Special) to usenofp.o(x$fpl$usenofp) for __I$use$fp
    logf_x.o(i.__logf$lsc) refers to logf_x.o(i.____hardfp_logf$lsc) for ____hardfp_logf$lsc
    logf_x.o(.constdata) refers (Special) to usenofp.o(x$fpl$usenofp) for __I$use$fp
    __rtentry.o(.ARM.Collect$$rtentry$$00000000) refers (Special) to __rtentry2.o(.ARM.Collect$$rtentry$$0000000A) for __rt_entry_li
    __rtentry.o(.ARM.Collect$$rtentry$$00000000) refers (Special) to __rtentry2.o(.ARM.Collect$$rtentry$$0000000D) for __rt_entry_main
    __rtentry.o(.ARM.Collect$$rtentry$$00000000) refers (Special) to __rtentry2.o(.ARM.Collect$$rtentry$$0000000C) for __rt_entry_postli_1
    __rtentry.o(.ARM.Collect$$rtentry$$00000000) refers (Special) to __rtentry2.o(.ARM.Collect$$rtentry$$00000009) for __rt_entry_postsh_1
    __rtentry.o(.ARM.Collect$$rtentry$$00000000) refers (Special) to __rtentry2.o(.ARM.Collect$$rtentry$$00000002) for __rt_entry_presh_1
    __rtentry.o(.ARM.Collect$$rtentry$$00000000) refers (Special) to __rtentry4.o(.ARM.Collect$$rtentry$$00000004) for __rt_entry_sh
    _rserrno.o(.text) refers to rt_errno_addr_intlibspace.o(.text) for __aeabi_errno_addr
    dflt_clz.o(x$fpl$dfltu) refers (Special) to usenofp.o(x$fpl$usenofp) for __I$use$fp
    dflt_clz.o(x$fpl$dflt) refers (Special) to usenofp.o(x$fpl$usenofp) for __I$use$fp
    dflt_clz.o(x$fpl$dfltn) refers (Special) to usenofp.o(x$fpl$usenofp) for __I$use$fp
    dnaninf.o(x$fpl$dnaninf) refers (Special) to usenofp.o(x$fpl$usenofp) for __I$use$fp
    dnaninf.o(x$fpl$dnaninf) refers to except.o(x$fpl$exception) for __fpl_exception
    dnaninf.o(x$fpl$dnaninf) refers to dunder_clz.o(x$fpl$dunder) for __dunder_d
    drenorm_clz.o(x$fpl$drenorm) refers (Special) to usenofp.o(x$fpl$usenofp) for __I$use$fp
    dretinf.o(x$fpl$dretinf) refers (Special) to usenofp.o(x$fpl$usenofp) for __I$use$fp
    dunder_clz.o(x$fpl$dunder) refers (Special) to usenofp.o(x$fpl$usenofp) for __I$use$fp
    dunder_clz.o(x$fpl$dunder) refers to except.o(x$fpl$exception) for __fpl_exception
    dunder_clz.o(x$fpl$dunder) refers to drenorm_clz.o(x$fpl$drenorm) for __fpl_drenorm1
    dunder_clz.o(x$fpl$dunder) refers to trapv.o(x$fpl$trapveneer) for _fp_trapveneer
    except.o(x$fpl$exception) refers (Special) to usenofp.o(x$fpl$usenofp) for __I$use$fp
    except.o(x$fpl$exception) refers to trapv.o(x$fpl$trapveneer) for _fp_trapveneer
    except.o(x$fpl$exception) refers to retnan.o(x$fpl$retnan) for __fpl_return_NaN
    fnaninf.o(x$fpl$fnaninf) refers (Special) to usenofp.o(x$fpl$usenofp) for __I$use$fp
    fnaninf.o(x$fpl$fnaninf) refers to except.o(x$fpl$exception) for __fpl_exception
    fnaninf.o(x$fpl$fnaninf) refers to funder_clz.o(x$fpl$funder) for __funder_d
    fretinf.o(x$fpl$fretinf) refers (Special) to usenofp.o(x$fpl$usenofp) for __I$use$fp
    funder_clz.o(x$fpl$funder) refers (Special) to usenofp.o(x$fpl$usenofp) for __I$use$fp
    funder_clz.o(x$fpl$funder) refers to except.o(x$fpl$exception) for __fpl_exception
    funder_clz.o(x$fpl$funder) refers to trapv.o(x$fpl$trapveneer) for _fp_trapveneer
    trapv.o(x$fpl$trapveneer) refers (Special) to usenofp.o(x$fpl$usenofp) for __I$use$fp
    trapv.o(x$fpl$trapveneer) refers to _fptrap.o(.text) for _fp_trap
    __rtentry2.o(.ARM.Collect$$rtentry$$00000008) refers to boardinit2.o(.text) for _platform_post_stackheap_init
    __rtentry2.o(.ARM.Collect$$rtentry$$0000000A) refers to libinit.o(.ARM.Collect$$libinit$$00000000) for __rt_lib_init
    __rtentry2.o(.ARM.Collect$$rtentry$$0000000B) refers to boardinit3.o(.text) for _platform_post_lib_init
    __rtentry2.o(.ARM.Collect$$rtentry$$0000000D) refers to main.o(i.main) for main
    __rtentry2.o(.ARM.Collect$$rtentry$$0000000D) refers to exit.o(.text) for exit
    __rtentry2.o(.ARM.exidx) refers to __rtentry2.o(.ARM.Collect$$rtentry$$00000001) for .ARM.Collect$$rtentry$$00000001
    __rtentry2.o(.ARM.exidx) refers to __rtentry2.o(.ARM.Collect$$rtentry$$00000008) for .ARM.Collect$$rtentry$$00000008
    __rtentry2.o(.ARM.exidx) refers to __rtentry2.o(.ARM.Collect$$rtentry$$0000000A) for .ARM.Collect$$rtentry$$0000000A
    __rtentry2.o(.ARM.exidx) refers to __rtentry2.o(.ARM.Collect$$rtentry$$0000000B) for .ARM.Collect$$rtentry$$0000000B
    __rtentry2.o(.ARM.exidx) refers to __rtentry2.o(.ARM.Collect$$rtentry$$0000000D) for .ARM.Collect$$rtentry$$0000000D
    __rtentry4.o(.ARM.Collect$$rtentry$$00000004) refers to sys_stackheap_outer.o(.text) for __user_setup_stackheap
    __rtentry4.o(.ARM.exidx) refers to __rtentry4.o(.ARM.Collect$$rtentry$$00000004) for .ARM.Collect$$rtentry$$00000004
    rt_errno_addr.o(.text) refers to rt_errno_addr.o(.bss) for __aeabi_errno_addr_data
    rt_errno_addr_intlibspace.o(.text) refers to libspace.o(.bss) for __libspace_start
    _fptrap.o(.text) refers to defsig_fpe_outer.o(.text) for __rt_SIGFPE
    retnan.o(x$fpl$retnan) refers (Special) to usenofp.o(x$fpl$usenofp) for __I$use$fp
    retnan.o(x$fpl$retnan) refers to trapv.o(x$fpl$trapveneer) for __fpl_cmpreturn
    libspace.o(.text) refers to libspace.o(.bss) for __libspace_start
    sys_stackheap_outer.o(.text) refers to libspace.o(.text) for __user_perproc_libspace
    sys_stackheap_outer.o(.text) refers to startup_armcm4.o(.text) for __user_initial_stackheap
    exit.o(.text) refers to rtexit.o(.ARM.Collect$$rtexit$$00000000) for __rt_exit
    defsig_fpe_outer.o(.text) refers to defsig_fpe_inner.o(.text) for __rt_SIGFPE_inner
    defsig_fpe_outer.o(.text) refers to defsig_exit.o(.text) for __sig_exit
    defsig_fpe_formal.o(.text) refers to rt_raise.o(.text) for __rt_raise
    libinit.o(.ARM.Collect$$libinit$$00000000) refers (Special) to libinit2.o(.ARM.Collect$$libinit$$0000002E) for __rt_lib_init_alloca_1
    libinit.o(.ARM.Collect$$libinit$$00000000) refers (Special) to libinit2.o(.ARM.Collect$$libinit$$0000002C) for __rt_lib_init_argv_1
    libinit.o(.ARM.Collect$$libinit$$00000000) refers (Special) to libinit2.o(.ARM.Collect$$libinit$$0000001B) for __rt_lib_init_atexit_1
    libinit.o(.ARM.Collect$$libinit$$00000000) refers (Special) to libinit2.o(.ARM.Collect$$libinit$$00000021) for __rt_lib_init_clock_1
    libinit.o(.ARM.Collect$$libinit$$00000000) refers (Special) to libinit2.o(.ARM.Collect$$libinit$$00000032) for __rt_lib_init_cpp_1
    libinit.o(.ARM.Collect$$libinit$$00000000) refers (Special) to libinit2.o(.ARM.Collect$$libinit$$00000030) for __rt_lib_init_exceptions_1
    libinit.o(.ARM.Collect$$libinit$$00000000) refers (Special) to libinit2.o(.ARM.Collect$$libinit$$00000001) for __rt_lib_init_fp_1
    libinit.o(.ARM.Collect$$libinit$$00000000) refers (Special) to libinit2.o(.ARM.Collect$$libinit$$0000001F) for __rt_lib_init_fp_trap_1
    libinit.o(.ARM.Collect$$libinit$$00000000) refers (Special) to libinit2.o(.ARM.Collect$$libinit$$00000023) for __rt_lib_init_getenv_1
    libinit.o(.ARM.Collect$$libinit$$00000000) refers (Special) to libinit2.o(.ARM.Collect$$libinit$$0000000A) for __rt_lib_init_heap_1
    libinit.o(.ARM.Collect$$libinit$$00000000) refers (Special) to libinit2.o(.ARM.Collect$$libinit$$00000011) for __rt_lib_init_lc_collate_1
    libinit.o(.ARM.Collect$$libinit$$00000000) refers (Special) to libinit2.o(.ARM.Collect$$libinit$$00000013) for __rt_lib_init_lc_ctype_1
    libinit.o(.ARM.Collect$$libinit$$00000000) refers (Special) to libinit2.o(.ARM.Collect$$libinit$$00000015) for __rt_lib_init_lc_monetary_1
    libinit.o(.ARM.Collect$$libinit$$00000000) refers (Special) to libinit2.o(.ARM.Collect$$libinit$$00000017) for __rt_lib_init_lc_numeric_1
    libinit.o(.ARM.Collect$$libinit$$00000000) refers (Special) to libinit2.o(.ARM.Collect$$libinit$$00000019) for __rt_lib_init_lc_time_1
    libinit.o(.ARM.Collect$$libinit$$00000000) refers (Special) to libinit2.o(.ARM.Collect$$libinit$$00000004) for __rt_lib_init_preinit_1
    libinit.o(.ARM.Collect$$libinit$$00000000) refers (Special) to libinit2.o(.ARM.Collect$$libinit$$0000000E) for __rt_lib_init_rand_1
    libinit.o(.ARM.Collect$$libinit$$00000000) refers (Special) to libinit2.o(.ARM.Collect$$libinit$$00000033) for __rt_lib_init_return
    libinit.o(.ARM.Collect$$libinit$$00000000) refers (Special) to libinit2.o(.ARM.Collect$$libinit$$0000001D) for __rt_lib_init_signal_1
    libinit.o(.ARM.Collect$$libinit$$00000000) refers (Special) to libinit2.o(.ARM.Collect$$libinit$$00000025) for __rt_lib_init_stdio_1
    libinit.o(.ARM.Collect$$libinit$$00000000) refers (Special) to libinit2.o(.ARM.Collect$$libinit$$0000000C) for __rt_lib_init_user_alloc_1
    rtexit.o(.ARM.Collect$$rtexit$$00000000) refers (Special) to rtexit2.o(.ARM.Collect$$rtexit$$00000004) for __rt_exit_exit
    rtexit.o(.ARM.Collect$$rtexit$$00000000) refers (Special) to rtexit2.o(.ARM.Collect$$rtexit$$00000003) for __rt_exit_ls
    rtexit.o(.ARM.Collect$$rtexit$$00000000) refers (Special) to rtexit2.o(.ARM.Collect$$rtexit$$00000002) for __rt_exit_prels_1
    rtexit.o(.ARM.exidx) refers (Special) to rtexit2.o(.ARM.Collect$$rtexit$$00000004) for __rt_exit_exit
    rtexit.o(.ARM.exidx) refers (Special) to rtexit2.o(.ARM.Collect$$rtexit$$00000003) for __rt_exit_ls
    rtexit.o(.ARM.exidx) refers (Special) to rtexit2.o(.ARM.Collect$$rtexit$$00000002) for __rt_exit_prels_1
    rtexit.o(.ARM.exidx) refers to rtexit.o(.ARM.Collect$$rtexit$$00000000) for .ARM.Collect$$rtexit$$00000000
    rt_raise.o(.text) refers to __raise.o(.text) for __raise
    rt_raise.o(.text) refers to sys_exit.o(.text) for _sys_exit
    defsig_exit.o(.text) refers to sys_exit.o(.text) for _sys_exit
    defsig_fpe_inner.o(.text) refers to defsig_general.o(.text) for __default_signal_display
    libinit2.o(.ARM.Collect$$libinit$$00000001) refers to fpinit.o(x$fpl$fpinit) for _fp_init
    libinit2.o(.ARM.Collect$$libinit$$00000010) refers to libinit2.o(.ARM.Collect$$libinit$$0000000F) for .ARM.Collect$$libinit$$0000000F
    libinit2.o(.ARM.Collect$$libinit$$00000012) refers to libinit2.o(.ARM.Collect$$libinit$$0000000F) for .ARM.Collect$$libinit$$0000000F
    libinit2.o(.ARM.Collect$$libinit$$00000014) refers to libinit2.o(.ARM.Collect$$libinit$$0000000F) for .ARM.Collect$$libinit$$0000000F
    libinit2.o(.ARM.Collect$$libinit$$00000016) refers to libinit2.o(.ARM.Collect$$libinit$$0000000F) for .ARM.Collect$$libinit$$0000000F
    libinit2.o(.ARM.Collect$$libinit$$00000018) refers to libinit2.o(.ARM.Collect$$libinit$$0000000F) for .ARM.Collect$$libinit$$0000000F
    libinit2.o(.ARM.Collect$$libinit$$00000026) refers to argv_veneer.o(.emb_text) for __ARM_argv_veneer
    libinit2.o(.ARM.Collect$$libinit$$00000027) refers to argv_veneer.o(.emb_text) for __ARM_argv_veneer
    sys_exit.o(.text) refers (Special) to use_no_semi.o(.text) for __I$use$semihosting
    sys_exit.o(.text) refers (Special) to indicate_semi.o(.text) for __semihosting_library_function
    rtexit2.o(.ARM.Collect$$rtexit$$00000003) refers to libshutdown.o(.ARM.Collect$$libshutdown$$00000000) for __rt_lib_shutdown
    rtexit2.o(.ARM.Collect$$rtexit$$00000004) refers to sys_exit.o(.text) for _sys_exit
    rtexit2.o(.ARM.exidx) refers to rtexit2.o(.ARM.Collect$$rtexit$$00000001) for .ARM.Collect$$rtexit$$00000001
    rtexit2.o(.ARM.exidx) refers to rtexit2.o(.ARM.Collect$$rtexit$$00000003) for .ARM.Collect$$rtexit$$00000003
    rtexit2.o(.ARM.exidx) refers to rtexit2.o(.ARM.Collect$$rtexit$$00000004) for .ARM.Collect$$rtexit$$00000004
    __raise.o(.text) refers to defsig.o(CL$$defsig) for __default_signal_handler
    defsig_general.o(.text) refers to sys_wrch.o(.text) for _ttywrch
    argv_veneer.o(.emb_text) refers to no_argv.o(.text) for __ARM_get_argv
    sys_wrch.o(.text) refers (Special) to use_no_semi.o(.text) for __I$use$semihosting
    sys_wrch.o(.text) refers (Special) to indicate_semi.o(.text) for __semihosting_library_function
    defsig.o(CL$$defsig) refers to defsig_fpe_inner.o(.text) for __rt_SIGFPE_inner
    defsig.o(CL$$defsig) refers to defsig_rtmem_inner.o(.text) for __rt_SIGRTMEM_inner
    _get_argv_nomalloc.o(.text) refers (Special) to hrguard.o(.text) for __heap_region$guard
    _get_argv_nomalloc.o(.text) refers to defsig_rtmem_outer.o(.text) for __rt_SIGRTMEM
    _get_argv_nomalloc.o(.text) refers to sys_command.o(.text) for _sys_command_string
    libshutdown.o(.ARM.Collect$$libshutdown$$00000000) refers (Special) to libshutdown2.o(.ARM.Collect$$libshutdown$$00000002) for __rt_lib_shutdown_cpp_1
    libshutdown.o(.ARM.Collect$$libshutdown$$00000000) refers (Special) to libshutdown2.o(.ARM.Collect$$libshutdown$$00000007) for __rt_lib_shutdown_fp_trap_1
    libshutdown.o(.ARM.Collect$$libshutdown$$00000000) refers (Special) to libshutdown2.o(.ARM.Collect$$libshutdown$$0000000F) for __rt_lib_shutdown_heap_1
    libshutdown.o(.ARM.Collect$$libshutdown$$00000000) refers (Special) to libshutdown2.o(.ARM.Collect$$libshutdown$$00000010) for __rt_lib_shutdown_return
    libshutdown.o(.ARM.Collect$$libshutdown$$00000000) refers (Special) to libshutdown2.o(.ARM.Collect$$libshutdown$$0000000A) for __rt_lib_shutdown_signal_1
    libshutdown.o(.ARM.Collect$$libshutdown$$00000000) refers (Special) to libshutdown2.o(.ARM.Collect$$libshutdown$$00000004) for __rt_lib_shutdown_stdio_1
    libshutdown.o(.ARM.Collect$$libshutdown$$00000000) refers (Special) to libshutdown2.o(.ARM.Collect$$libshutdown$$0000000C) for __rt_lib_shutdown_user_alloc_1
    sys_command.o(.text) refers (Special) to use_no_semi.o(.text) for __I$use$semihosting
    sys_command.o(.text) refers (Special) to indicate_semi.o(.text) for __semihosting_library_function
    defsig_abrt_inner.o(.text) refers to defsig_general.o(.text) for __default_signal_display
    defsig_rtred_inner.o(.text) refers to defsig_general.o(.text) for __default_signal_display
    defsig_rtmem_inner.o(.text) refers to defsig_general.o(.text) for __default_signal_display
    defsig_rtmem_outer.o(.text) refers to defsig_rtmem_inner.o(.text) for __rt_SIGRTMEM_inner
    defsig_rtmem_outer.o(.text) refers to defsig_exit.o(.text) for __sig_exit
    defsig_rtmem_formal.o(.text) refers to rt_raise.o(.text) for __rt_raise
    defsig_stak_inner.o(.text) refers to defsig_general.o(.text) for __default_signal_display
    defsig_pvfn_inner.o(.text) refers to defsig_general.o(.text) for __default_signal_display
    defsig_cppl_inner.o(.text) refers to defsig_general.o(.text) for __default_signal_display
    defsig_segv_inner.o(.text) refers to defsig_general.o(.text) for __default_signal_display
    defsig_other.o(.text) refers to defsig_general.o(.text) for __default_signal_display


==============================================================================

Removing Unused input sections from the image.

    Removing arm_fft_bin_data.o(.rev16_text), (4 bytes).
    Removing arm_fft_bin_data.o(.revsh_text), (4 bytes).
    Removing main.o(.rev16_text), (4 bytes).
    Removing main.o(.revsh_text), (4 bytes).
    Removing mfcc.o(.rev16_text), (4 bytes).
    Removing mfcc.o(.revsh_text), (4 bytes).
    Removing system_armcm4.o(.rev16_text), (4 bytes).
    Removing system_armcm4.o(.revsh_text), (4 bytes).
    Removing system_armcm4.o(i.SystemCoreClockUpdate), (16 bytes).
    Removing sysctl.o(i.SysCtlAltClkConfig), (12 bytes).
    Removing sysctl.o(i.SysCtlClockFreqSet), (740 bytes).
    Removing sysctl.o(i.SysCtlClockGet), (340 bytes).
    Removing sysctl.o(i.SysCtlClockOutConfig), (20 bytes).
    Removing sysctl.o(i.SysCtlDeepSleep), (32 bytes).
    Removing sysctl.o(i.SysCtlDeepSleepClockConfigSet), (112 bytes).
    Removing sysctl.o(i.SysCtlDeepSleepClockSet), (12 bytes).
    Removing sysctl.o(i.SysCtlDeepSleepPowerSet), (12 bytes).
    Removing sysctl.o(i.SysCtlFlashSectorSizeGet), (56 bytes).
    Removing sysctl.o(i.SysCtlFlashSizeGet), (56 bytes).
    Removing sysctl.o(i.SysCtlGPIOAHBDisable), (28 bytes).
    Removing sysctl.o(i.SysCtlGPIOAHBEnable), (24 bytes).
    Removing sysctl.o(i.SysCtlIntClear), (12 bytes).
    Removing sysctl.o(i.SysCtlIntDisable), (16 bytes).
    Removing sysctl.o(i.SysCtlIntEnable), (16 bytes).
    Removing sysctl.o(i.SysCtlIntRegister), (20 bytes).
    Removing sysctl.o(i.SysCtlIntStatus), (16 bytes).
    Removing sysctl.o(i.SysCtlIntUnregister), (18 bytes).
    Removing sysctl.o(i.SysCtlLDODeepSleepGet), (12 bytes).
    Removing sysctl.o(i.SysCtlLDODeepSleepSet), (12 bytes).
    Removing sysctl.o(i.SysCtlLDOSleepGet), (12 bytes).
    Removing sysctl.o(i.SysCtlLDOSleepSet), (12 bytes).
    Removing sysctl.o(i.SysCtlMOSCConfigSet), (12 bytes).
    Removing sysctl.o(i.SysCtlNMIClear), (16 bytes).
    Removing sysctl.o(i.SysCtlNMIStatus), (12 bytes).
    Removing sysctl.o(i.SysCtlPIOSCCalibrate), (76 bytes).
    Removing sysctl.o(i.SysCtlPWMClockGet), (24 bytes).
    Removing sysctl.o(i.SysCtlPWMClockSet), (20 bytes).
    Removing sysctl.o(i.SysCtlPeripheralClockGating), (68 bytes).
    Removing sysctl.o(i.SysCtlPeripheralDeepSleepDisable), (40 bytes).
    Removing sysctl.o(i.SysCtlPeripheralDeepSleepEnable), (40 bytes).
    Removing sysctl.o(i.SysCtlPeripheralDisable), (40 bytes).
    Removing sysctl.o(i.SysCtlPeripheralEnable), (40 bytes).
    Removing sysctl.o(i.SysCtlPeripheralPowerOff), (40 bytes).
    Removing sysctl.o(i.SysCtlPeripheralPowerOn), (40 bytes).
    Removing sysctl.o(i.SysCtlPeripheralPresent), (44 bytes).
    Removing sysctl.o(i.SysCtlPeripheralReady), (44 bytes).
    Removing sysctl.o(i.SysCtlPeripheralReset), (60 bytes).
    Removing sysctl.o(i.SysCtlPeripheralSleepDisable), (40 bytes).
    Removing sysctl.o(i.SysCtlPeripheralSleepEnable), (40 bytes).
    Removing sysctl.o(i.SysCtlReset), (16 bytes).
    Removing sysctl.o(i.SysCtlResetBehaviorGet), (12 bytes).
    Removing sysctl.o(i.SysCtlResetBehaviorSet), (12 bytes).
    Removing sysctl.o(i.SysCtlResetCauseClear), (16 bytes).
    Removing sysctl.o(i.SysCtlResetCauseGet), (12 bytes).
    Removing sysctl.o(i.SysCtlSRAMSizeGet), (16 bytes).
    Removing sysctl.o(i.SysCtlSleep), (4 bytes).
    Removing sysctl.o(i.SysCtlSleepPowerSet), (12 bytes).
    Removing sysctl.o(i.SysCtlUSBPLLDisable), (16 bytes).
    Removing sysctl.o(i.SysCtlUSBPLLEnable), (16 bytes).
    Removing sysctl.o(i.SysCtlVCOGet), (120 bytes).
    Removing sysctl.o(i.SysCtlVoltageEventClear), (16 bytes).
    Removing sysctl.o(i.SysCtlVoltageEventConfig), (12 bytes).
    Removing sysctl.o(i.SysCtlVoltageEventStatus), (12 bytes).
    Removing sysctl.o(.constdata), (596 bytes).
    Removing arm_dot_prod_f32.o(.rev16_text), (4 bytes).
    Removing arm_dot_prod_f32.o(.revsh_text), (4 bytes).
    Removing arm_dot_prod_f32.o(.rrx_text), (6 bytes).
    Removing arm_cmplx_mag_f32.o(.rev16_text), (4 bytes).
    Removing arm_cmplx_mag_f32.o(.revsh_text), (4 bytes).
    Removing arm_cmplx_mag_f32.o(.rrx_text), (6 bytes).
    Removing arm_cfft_f32.o(.rev16_text), (4 bytes).
    Removing arm_cfft_f32.o(.revsh_text), (4 bytes).
    Removing arm_cfft_f32.o(.rrx_text), (6 bytes).
    Removing arm_fill_f32.o(.rev16_text), (4 bytes).
    Removing arm_fill_f32.o(.revsh_text), (4 bytes).
    Removing arm_fill_f32.o(.rrx_text), (6 bytes).
    Removing arm_const_structs.o(.rev16_text), (4 bytes).
    Removing arm_const_structs.o(.revsh_text), (4 bytes).
    Removing arm_const_structs.o(.rrx_text), (6 bytes).
    Removing arm_const_structs.o(.constdata), (16 bytes).
    Removing arm_const_structs.o(.constdata), (16 bytes).
    Removing arm_const_structs.o(.constdata), (16 bytes).
    Removing arm_const_structs.o(.constdata), (16 bytes).
    Removing arm_const_structs.o(.constdata), (16 bytes).
    Removing arm_const_structs.o(.constdata), (16 bytes).
    Removing arm_const_structs.o(.constdata), (16 bytes).
    Removing arm_const_structs.o(.constdata), (16 bytes).
    Removing arm_const_structs.o(.constdata), (16 bytes).
    Removing arm_const_structs.o(.constdata), (16 bytes).
    Removing arm_const_structs.o(.constdata), (16 bytes).
    Removing arm_const_structs.o(.constdata), (16 bytes).
    Removing arm_const_structs.o(.constdata), (16 bytes).
    Removing arm_const_structs.o(.constdata), (16 bytes).
    Removing arm_const_structs.o(.constdata), (16 bytes).
    Removing arm_const_structs.o(.constdata), (16 bytes).
    Removing arm_const_structs.o(.constdata), (16 bytes).
    Removing arm_const_structs.o(.constdata), (16 bytes).
    Removing arm_const_structs.o(.constdata), (16 bytes).
    Removing arm_const_structs.o(.constdata), (16 bytes).
    Removing arm_const_structs.o(.constdata), (16 bytes).
    Removing arm_const_structs.o(.constdata), (16 bytes).
    Removing arm_const_structs.o(.constdata), (16 bytes).
    Removing arm_const_structs.o(.constdata), (16 bytes).
    Removing arm_const_structs.o(.constdata), (16 bytes).
    Removing arm_const_structs.o(.constdata), (16 bytes).
    Removing arm_const_structs.o(.constdata), (24 bytes).
    Removing arm_const_structs.o(.constdata), (24 bytes).
    Removing arm_const_structs.o(.constdata), (24 bytes).
    Removing arm_const_structs.o(.constdata), (24 bytes).
    Removing arm_const_structs.o(.constdata), (24 bytes).
    Removing arm_const_structs.o(.constdata), (24 bytes).
    Removing arm_const_structs.o(.constdata), (24 bytes).
    Removing arm_const_structs.o(.constdata), (24 bytes).
    Removing arm_const_structs.o(.constdata), (24 bytes).
    Removing arm_const_structs.o(.constdata), (24 bytes).
    Removing arm_const_structs.o(.constdata), (24 bytes).
    Removing arm_const_structs.o(.constdata), (24 bytes).
    Removing arm_const_structs.o(.constdata), (24 bytes).
    Removing arm_const_structs.o(.constdata), (24 bytes).
    Removing arm_const_structs.o(.constdata), (24 bytes).
    Removing arm_const_structs.o(.constdata), (24 bytes).
    Removing arm_const_structs.o(.constdata), (24 bytes).
    Removing arm_const_structs.o(.constdata), (24 bytes).
    Removing arm_const_structs.o(.constdata), (24 bytes).
    Removing arm_const_structs.o(.constdata), (24 bytes).
    Removing arm_const_structs.o(.constdata), (24 bytes).
    Removing arm_const_structs.o(.constdata), (24 bytes).
    Removing arm_const_structs.o(.constdata), (24 bytes).
    Removing arm_const_structs.o(.constdata), (24 bytes).
    Removing arm_const_structs.o(.constdata), (24 bytes).
    Removing arm_const_structs.o(.constdata), (24 bytes).
    Removing cpu.o(.emb_text), (38 bytes).
    Removing interrupt.o(i.IntDisable), (100 bytes).
    Removing interrupt.o(i.IntEnable), (100 bytes).
    Removing interrupt.o(i.IntIsEnabled), (96 bytes).
    Removing interrupt.o(i.IntMasterDisable), (14 bytes).
    Removing interrupt.o(i.IntMasterEnable), (14 bytes).
    Removing interrupt.o(i.IntPendClear), (68 bytes).
    Removing interrupt.o(i.IntPendSet), (84 bytes).
    Removing interrupt.o(i.IntPriorityGet), (28 bytes).
    Removing interrupt.o(i.IntPriorityGroupingGet), (36 bytes).
    Removing interrupt.o(i.IntPriorityGroupingSet), (28 bytes).
    Removing interrupt.o(i.IntPriorityMaskGet), (4 bytes).
    Removing interrupt.o(i.IntPriorityMaskSet), (4 bytes).
    Removing interrupt.o(i.IntPrioritySet), (40 bytes).
    Removing interrupt.o(i.IntRegister), (52 bytes).
    Removing interrupt.o(i.IntTrigger), (12 bytes).
    Removing interrupt.o(i.IntUnregister), (20 bytes).
    Removing interrupt.o(i._IntDefaultHandler), (2 bytes).
    Removing interrupt.o(.constdata), (268 bytes).
    Removing interrupt.o(vtable), (620 bytes).
    Removing arm_rfft_init_q15.o(.rev16_text), (4 bytes).
    Removing arm_rfft_init_q15.o(.revsh_text), (4 bytes).
    Removing arm_rfft_init_q15.o(.rrx_text), (6 bytes).
    Removing arm_rfft_init_q15.o(.text), (204 bytes).
    Removing arm_rfft_init_q15.o(.constdata), (32768 bytes).
    Removing arm_rfft_init_q31.o(.rev16_text), (4 bytes).
    Removing arm_rfft_init_q31.o(.revsh_text), (4 bytes).
    Removing arm_rfft_init_q31.o(.rrx_text), (6 bytes).
    Removing arm_rfft_init_q31.o(.text), (204 bytes).
    Removing arm_rfft_init_q31.o(.constdata), (65536 bytes).
    Removing arm_cfft_radix8_f32.o(.rev16_text), (4 bytes).
    Removing arm_cfft_radix8_f32.o(.revsh_text), (4 bytes).
    Removing arm_cfft_radix8_f32.o(.rrx_text), (6 bytes).
    Removing arm_common_tables.o(.rev16_text), (4 bytes).
    Removing arm_common_tables.o(.revsh_text), (4 bytes).
    Removing arm_common_tables.o(.rrx_text), (6 bytes).
    Removing arm_common_tables.o(.constdata), (2048 bytes).
    Removing arm_common_tables.o(.constdata), (128 bytes).
    Removing arm_common_tables.o(.constdata), (256 bytes).
    Removing arm_common_tables.o(.constdata), (512 bytes).
    Removing arm_common_tables.o(.constdata), (1024 bytes).
    Removing arm_common_tables.o(.constdata), (2048 bytes).
    Removing arm_common_tables.o(.constdata), (8192 bytes).
    Removing arm_common_tables.o(.constdata), (16384 bytes).
    Removing arm_common_tables.o(.constdata), (32768 bytes).
    Removing arm_common_tables.o(.constdata), (96 bytes).
    Removing arm_common_tables.o(.constdata), (192 bytes).
    Removing arm_common_tables.o(.constdata), (384 bytes).
    Removing arm_common_tables.o(.constdata), (768 bytes).
    Removing arm_common_tables.o(.constdata), (1536 bytes).
    Removing arm_common_tables.o(.constdata), (3072 bytes).
    Removing arm_common_tables.o(.constdata), (6144 bytes).
    Removing arm_common_tables.o(.constdata), (12288 bytes).
    Removing arm_common_tables.o(.constdata), (24576 bytes).
    Removing arm_common_tables.o(.constdata), (48 bytes).
    Removing arm_common_tables.o(.constdata), (96 bytes).
    Removing arm_common_tables.o(.constdata), (192 bytes).
    Removing arm_common_tables.o(.constdata), (384 bytes).
    Removing arm_common_tables.o(.constdata), (768 bytes).
    Removing arm_common_tables.o(.constdata), (1536 bytes).
    Removing arm_common_tables.o(.constdata), (3072 bytes).
    Removing arm_common_tables.o(.constdata), (6144 bytes).
    Removing arm_common_tables.o(.constdata), (12288 bytes).
    Removing arm_common_tables.o(.constdata), (128 bytes).
    Removing arm_common_tables.o(.constdata), (256 bytes).
    Removing arm_common_tables.o(.constdata), (40 bytes).
    Removing arm_common_tables.o(.constdata), (96 bytes).
    Removing arm_common_tables.o(.constdata), (112 bytes).
    Removing arm_common_tables.o(.constdata), (416 bytes).
    Removing arm_common_tables.o(.constdata), (880 bytes).
    Removing arm_common_tables.o(.constdata), (3600 bytes).
    Removing arm_common_tables.o(.constdata), (7616 bytes).
    Removing arm_common_tables.o(.constdata), (8064 bytes).
    Removing arm_common_tables.o(.constdata), (24 bytes).
    Removing arm_common_tables.o(.constdata), (48 bytes).
    Removing arm_common_tables.o(.constdata), (112 bytes).
    Removing arm_common_tables.o(.constdata), (224 bytes).
    Removing arm_common_tables.o(.constdata), (480 bytes).
    Removing arm_common_tables.o(.constdata), (960 bytes).
    Removing arm_common_tables.o(.constdata), (1984 bytes).
    Removing arm_common_tables.o(.constdata), (3968 bytes).
    Removing arm_common_tables.o(.constdata), (8064 bytes).
    Removing arm_common_tables.o(.constdata), (128 bytes).
    Removing arm_common_tables.o(.constdata), (256 bytes).
    Removing arm_common_tables.o(.constdata), (512 bytes).
    Removing arm_common_tables.o(.constdata), (1024 bytes).
    Removing arm_common_tables.o(.constdata), (2048 bytes).
    Removing arm_common_tables.o(.constdata), (4096 bytes).
    Removing arm_common_tables.o(.constdata), (8192 bytes).
    Removing arm_common_tables.o(.constdata), (16384 bytes).
    Removing arm_common_tables.o(.constdata), (2052 bytes).
    Removing arm_common_tables.o(.constdata), (2052 bytes).
    Removing arm_common_tables.o(.constdata), (1026 bytes).

224 unused section(s) (total 316514 bytes) removed from the image.

==============================================================================

Image Symbol Table

    Local Symbols

    Symbol Name                              Value     Ov Type        Size  Object(Section)

    RESET                                    0x00000000   Section      192  startup_armcm4.o(RESET)
    ../clib/angel/boardlib.s                 0x00000000   Number         0  boardinit3.o ABSOLUTE
    ../clib/angel/boardlib.s                 0x00000000   Number         0  boardshut.o ABSOLUTE
    ../clib/angel/boardlib.s                 0x00000000   Number         0  boardinit2.o ABSOLUTE
    ../clib/angel/boardlib.s                 0x00000000   Number         0  boardinit1.o ABSOLUTE
    ../clib/angel/dczerorl2.s                0x00000000   Number         0  __dczerorl2.o ABSOLUTE
    ../clib/angel/handlers.s                 0x00000000   Number         0  __scatter_zi.o ABSOLUTE
    ../clib/angel/kernel.s                   0x00000000   Number         0  __rtentry.o ABSOLUTE
    ../clib/angel/kernel.s                   0x00000000   Number         0  rtexit.o ABSOLUTE
    ../clib/angel/kernel.s                   0x00000000   Number         0  __rtentry4.o ABSOLUTE
    ../clib/angel/kernel.s                   0x00000000   Number         0  __rtentry2.o ABSOLUTE
    ../clib/angel/kernel.s                   0x00000000   Number         0  rtexit2.o ABSOLUTE
    ../clib/angel/rt.s                       0x00000000   Number         0  rt_errno_addr.o ABSOLUTE
    ../clib/angel/rt.s                       0x00000000   Number         0  rt_raise.o ABSOLUTE
    ../clib/angel/rt.s                       0x00000000   Number         0  rt_errno_addr_intlibspace.o ABSOLUTE
    ../clib/angel/scatter.s                  0x00000000   Number         0  __scatter.o ABSOLUTE
    ../clib/angel/startup.s                  0x00000000   Number         0  __main.o ABSOLUTE
    ../clib/angel/sys.s                      0x00000000   Number         0  use_no_semi.o ABSOLUTE
    ../clib/angel/sys.s                      0x00000000   Number         0  indicate_semi.o ABSOLUTE
    ../clib/angel/sys.s                      0x00000000   Number         0  sys_stackheap_outer.o ABSOLUTE
    ../clib/angel/sys.s                      0x00000000   Number         0  libspace.o ABSOLUTE
    ../clib/angel/sysapp.c                   0x00000000   Number         0  sys_exit.o ABSOLUTE
    ../clib/angel/sysapp.c                   0x00000000   Number         0  sys_command.o ABSOLUTE
    ../clib/angel/sysapp.c                   0x00000000   Number         0  sys_wrch.o ABSOLUTE
    ../clib/armsys.c                         0x00000000   Number         0  argv_veneer.o ABSOLUTE
    ../clib/armsys.c                         0x00000000   Number         0  no_argv.o ABSOLUTE
    ../clib/armsys.c                         0x00000000   Number         0  _get_argv_nomalloc.o ABSOLUTE
    ../clib/armsys.c                         0x00000000   Number         0  argv_veneer.o ABSOLUTE
    ../clib/fenv.c                           0x00000000   Number         0  _rserrno.o ABSOLUTE
    ../clib/fenv.c                           0x00000000   Number         0  _fptrap.o ABSOLUTE
    ../clib/heapalloc.c                      0x00000000   Number         0  hrguard.o ABSOLUTE
    ../clib/heapaux.c                        0x00000000   Number         0  heapauxi.o ABSOLUTE
    ../clib/libinit.s                        0x00000000   Number         0  libshutdown.o ABSOLUTE
    ../clib/libinit.s                        0x00000000   Number         0  libinit.o ABSOLUTE
    ../clib/libinit.s                        0x00000000   Number         0  libshutdown2.o ABSOLUTE
    ../clib/libinit.s                        0x00000000   Number         0  libinit2.o ABSOLUTE
    ../clib/memcpset.s                       0x00000000   Number         0  rt_memcpy_w.o ABSOLUTE
    ../clib/signal.c                         0x00000000   Number         0  defsig_rtred_inner.o ABSOLUTE
    ../clib/signal.c                         0x00000000   Number         0  defsig_abrt_inner.o ABSOLUTE
    ../clib/signal.c                         0x00000000   Number         0  defsig_exit.o ABSOLUTE
    ../clib/signal.c                         0x00000000   Number         0  defsig_fpe_inner.o ABSOLUTE
    ../clib/signal.c                         0x00000000   Number         0  defsig_other.o ABSOLUTE
    ../clib/signal.c                         0x00000000   Number         0  defsig_segv_inner.o ABSOLUTE
    ../clib/signal.c                         0x00000000   Number         0  defsig_pvfn_inner.o ABSOLUTE
    ../clib/signal.c                         0x00000000   Number         0  __raise.o ABSOLUTE
    ../clib/signal.c                         0x00000000   Number         0  defsig_stak_inner.o ABSOLUTE
    ../clib/signal.c                         0x00000000   Number         0  defsig_rtmem_formal.o ABSOLUTE
    ../clib/signal.c                         0x00000000   Number         0  defsig_general.o ABSOLUTE
    ../clib/signal.c                         0x00000000   Number         0  defsig_fpe_formal.o ABSOLUTE
    ../clib/signal.c                         0x00000000   Number         0  defsig_fpe_outer.o ABSOLUTE
    ../clib/signal.c                         0x00000000   Number         0  defsig_cppl_inner.o ABSOLUTE
    ../clib/signal.c                         0x00000000   Number         0  defsig_rtmem_outer.o ABSOLUTE
    ../clib/signal.c                         0x00000000   Number         0  defsig_rtmem_inner.o ABSOLUTE
    ../clib/signal.s                         0x00000000   Number         0  defsig.o ABSOLUTE
    ../clib/stdlib.c                         0x00000000   Number         0  exit.o ABSOLUTE
    ../fplib/d2f.s                           0x00000000   Number         0  d2f_clz.o ABSOLUTE
    ../fplib/dflt.s                          0x00000000   Number         0  dflt_clz.o ABSOLUTE
    ../fplib/dmul.s                          0x00000000   Number         0  dmul_clz.o ABSOLUTE
    ../fplib/dnaninf.s                       0x00000000   Number         0  dnaninf.o ABSOLUTE
    ../fplib/drenorm.s                       0x00000000   Number         0  drenorm_clz.o ABSOLUTE
    ../fplib/dretinf.s                       0x00000000   Number         0  dretinf.o ABSOLUTE
    ../fplib/dunder.s                        0x00000000   Number         0  dunder_clz.o ABSOLUTE
    ../fplib/except.s                        0x00000000   Number         0  except.o ABSOLUTE
    ../fplib/f2d.s                           0x00000000   Number         0  f2d.o ABSOLUTE
    ../fplib/fnaninf.s                       0x00000000   Number         0  fnaninf.o ABSOLUTE
    ../fplib/fpinit.s                        0x00000000   Number         0  fpinit.o ABSOLUTE
    ../fplib/fretinf.s                       0x00000000   Number         0  fretinf.o ABSOLUTE
    ../fplib/funder.s                        0x00000000   Number         0  funder_clz.o ABSOLUTE
    ../fplib/retnan.s                        0x00000000   Number         0  retnan.o ABSOLUTE
    ../fplib/trapv.s                         0x00000000   Number         0  trapv.o ABSOLUTE
    ../fplib/usenofp.s                       0x00000000   Number         0  usenofp.o ABSOLUTE
    ../mathlib/funder.c                      0x00000000   Number         0  funder.o ABSOLUTE
    ../mathlib/logf.c                        0x00000000   Number         0  logf.o ABSOLUTE
    ../mathlib/logf.c                        0x00000000   Number         0  logf_x.o ABSOLUTE
    ..\..\Source\BasicMathFunctions\arm_dot_prod_f32.c 0x00000000   Number         0  arm_dot_prod_f32.o ABSOLUTE
    ..\..\Source\CommonTables\arm_common_tables.c 0x00000000   Number         0  arm_common_tables.o ABSOLUTE
    ..\..\Source\CommonTables\arm_const_structs.c 0x00000000   Number         0  arm_const_structs.o ABSOLUTE
    ..\..\Source\ComplexMathFunctions\arm_cmplx_mag_f32.c 0x00000000   Number         0  arm_cmplx_mag_f32.o ABSOLUTE
    ..\..\Source\SupportFunctions\arm_fill_f32.c 0x00000000   Number         0  arm_fill_f32.o ABSOLUTE
    ..\..\Source\TransformFunctions\arm_cfft_f32.c 0x00000000   Number         0  arm_cfft_f32.o ABSOLUTE
    ..\..\Source\TransformFunctions\arm_cfft_radix8_f32.c 0x00000000   Number         0  arm_cfft_radix8_f32.o ABSOLUTE
    ..\..\Source\TransformFunctions\arm_rfft_init_q15.c 0x00000000   Number         0  arm_rfft_init_q15.o ABSOLUTE
    ..\..\Source\TransformFunctions\arm_rfft_init_q31.c 0x00000000   Number         0  arm_rfft_init_q31.o ABSOLUTE
    ..\Source\ARM\startup_ARMCM4.s           0x00000000   Number         0  startup_armcm4.o ABSOLUTE
    ..\Source\system_ARMCM4.c                0x00000000   Number         0  system_armcm4.o ABSOLUTE
    ..\\..\\Source\\BasicMathFunctions\\arm_dot_prod_f32.c 0x00000000   Number         0  arm_dot_prod_f32.o ABSOLUTE
    ..\\..\\Source\\CommonTables\\arm_common_tables.c 0x00000000   Number         0  arm_common_tables.o ABSOLUTE
    ..\\..\\Source\\CommonTables\\arm_const_structs.c 0x00000000   Number         0  arm_const_structs.o ABSOLUTE
    ..\\..\\Source\\ComplexMathFunctions\\arm_cmplx_mag_f32.c 0x00000000   Number         0  arm_cmplx_mag_f32.o ABSOLUTE
    ..\\..\\Source\\SupportFunctions\\arm_fill_f32.c 0x00000000   Number         0  arm_fill_f32.o ABSOLUTE
    ..\\..\\Source\\TransformFunctions\\arm_bitreversal2.S 0x00000000   Number         0  arm_bitreversal2.o ABSOLUTE
    ..\\..\\Source\\TransformFunctions\\arm_cfft_f32.c 0x00000000   Number         0  arm_cfft_f32.o ABSOLUTE
    ..\\..\\Source\\TransformFunctions\\arm_cfft_radix8_f32.c 0x00000000   Number         0  arm_cfft_radix8_f32.o ABSOLUTE
    ..\\..\\Source\\TransformFunctions\\arm_rfft_init_q15.c 0x00000000   Number         0  arm_rfft_init_q15.o ABSOLUTE
    ..\\..\\Source\\TransformFunctions\\arm_rfft_init_q31.c 0x00000000   Number         0  arm_rfft_init_q31.o ABSOLUTE
    ..\\Source\\system_ARMCM4.c              0x00000000   Number         0  system_armcm4.o ABSOLUTE
    ..\\arm_fft_bin_data.c                   0x00000000   Number         0  arm_fft_bin_data.o ABSOLUTE
    ..\\main.c                               0x00000000   Number         0  main.o ABSOLUTE
    ..\arm_fft_bin_data.c                    0x00000000   Number         0  arm_fft_bin_data.o ABSOLUTE
    ..\main.c                                0x00000000   Number         0  main.o ABSOLUTE
    cpu.c                                    0x00000000   Number         0  cpu.o ABSOLUTE
    cpu.c                                    0x00000000   Number         0  cpu.o ABSOLUTE
    dc.s                                     0x00000000   Number         0  dc.o ABSOLUTE
    interrupt.c                              0x00000000   Number         0  interrupt.o ABSOLUTE
    mfcc.c                                   0x00000000   Number         0  mfcc.o ABSOLUTE
    mfcc.c                                   0x00000000   Number         0  mfcc.o ABSOLUTE
    sysctl.c                                 0x00000000   Number         0  sysctl.o ABSOLUTE
    sysctl.c                                 0x00000000   Number         0  sysctl.o ABSOLUTE
    !!!main                                  0x000000c0   Section        8  __main.o(!!!main)
    !!!scatter                               0x000000c8   Section       52  __scatter.o(!!!scatter)
    !!dczerorl2                              0x000000fc   Section       90  __dczerorl2.o(!!dczerorl2)
    !!handler_zi                             0x00000158   Section       28  __scatter_zi.o(!!handler_zi)
    . text                                   0x00000174   Section      192  arm_bitreversal2.o(. text)
    $v0                                      0x00000174   Number         0  arm_bitreversal2.o(. text)
    .ARM.Collect$$libinit$$00000000          0x00000234   Section        2  libinit.o(.ARM.Collect$$libinit$$00000000)
    .ARM.Collect$$libinit$$00000001          0x00000236   Section        4  libinit2.o(.ARM.Collect$$libinit$$00000001)
    .ARM.Collect$$libinit$$00000004          0x0000023a   Section        0  libinit2.o(.ARM.Collect$$libinit$$00000004)
    .ARM.Collect$$libinit$$0000000A          0x0000023a   Section        0  libinit2.o(.ARM.Collect$$libinit$$0000000A)
    .ARM.Collect$$libinit$$0000000C          0x0000023a   Section        0  libinit2.o(.ARM.Collect$$libinit$$0000000C)
    .ARM.Collect$$libinit$$0000000E          0x0000023a   Section        0  libinit2.o(.ARM.Collect$$libinit$$0000000E)
    .ARM.Collect$$libinit$$00000011          0x0000023a   Section        0  libinit2.o(.ARM.Collect$$libinit$$00000011)
    .ARM.Collect$$libinit$$00000013          0x0000023a   Section        0  libinit2.o(.ARM.Collect$$libinit$$00000013)
    .ARM.Collect$$libinit$$00000015          0x0000023a   Section        0  libinit2.o(.ARM.Collect$$libinit$$00000015)
    .ARM.Collect$$libinit$$00000017          0x0000023a   Section        0  libinit2.o(.ARM.Collect$$libinit$$00000017)
    .ARM.Collect$$libinit$$00000019          0x0000023a   Section        0  libinit2.o(.ARM.Collect$$libinit$$00000019)
    .ARM.Collect$$libinit$$0000001B          0x0000023a   Section        0  libinit2.o(.ARM.Collect$$libinit$$0000001B)
    .ARM.Collect$$libinit$$0000001D          0x0000023a   Section        0  libinit2.o(.ARM.Collect$$libinit$$0000001D)
    .ARM.Collect$$libinit$$0000001F          0x0000023a   Section        0  libinit2.o(.ARM.Collect$$libinit$$0000001F)
    .ARM.Collect$$libinit$$00000021          0x0000023a   Section        0  libinit2.o(.ARM.Collect$$libinit$$00000021)
    .ARM.Collect$$libinit$$00000023          0x0000023a   Section        0  libinit2.o(.ARM.Collect$$libinit$$00000023)
    .ARM.Collect$$libinit$$00000025          0x0000023a   Section        0  libinit2.o(.ARM.Collect$$libinit$$00000025)
    .ARM.Collect$$libinit$$0000002C          0x0000023a   Section        0  libinit2.o(.ARM.Collect$$libinit$$0000002C)
    .ARM.Collect$$libinit$$0000002E          0x0000023a   Section        0  libinit2.o(.ARM.Collect$$libinit$$0000002E)
    .ARM.Collect$$libinit$$00000030          0x0000023a   Section        0  libinit2.o(.ARM.Collect$$libinit$$00000030)
    .ARM.Collect$$libinit$$00000032          0x0000023a   Section        0  libinit2.o(.ARM.Collect$$libinit$$00000032)
    .ARM.Collect$$libinit$$00000033          0x0000023a   Section        2  libinit2.o(.ARM.Collect$$libinit$$00000033)
    .ARM.Collect$$libshutdown$$00000000      0x0000023c   Section        2  libshutdown.o(.ARM.Collect$$libshutdown$$00000000)
    .ARM.Collect$$libshutdown$$00000002      0x0000023e   Section        0  libshutdown2.o(.ARM.Collect$$libshutdown$$00000002)
    .ARM.Collect$$libshutdown$$00000004      0x0000023e   Section        0  libshutdown2.o(.ARM.Collect$$libshutdown$$00000004)
    .ARM.Collect$$libshutdown$$00000007      0x0000023e   Section        0  libshutdown2.o(.ARM.Collect$$libshutdown$$00000007)
    .ARM.Collect$$libshutdown$$0000000A      0x0000023e   Section        0  libshutdown2.o(.ARM.Collect$$libshutdown$$0000000A)
    .ARM.Collect$$libshutdown$$0000000C      0x0000023e   Section        0  libshutdown2.o(.ARM.Collect$$libshutdown$$0000000C)
    .ARM.Collect$$libshutdown$$0000000F      0x0000023e   Section        0  libshutdown2.o(.ARM.Collect$$libshutdown$$0000000F)
    .ARM.Collect$$libshutdown$$00000010      0x0000023e   Section        2  libshutdown2.o(.ARM.Collect$$libshutdown$$00000010)
    .ARM.Collect$$rtentry$$00000000          0x00000240   Section        0  __rtentry.o(.ARM.Collect$$rtentry$$00000000)
    .ARM.Collect$$rtentry$$00000002          0x00000240   Section        0  __rtentry2.o(.ARM.Collect$$rtentry$$00000002)
    .ARM.Collect$$rtentry$$00000004          0x00000240   Section        6  __rtentry4.o(.ARM.Collect$$rtentry$$00000004)
    .ARM.Collect$$rtentry$$00000009          0x00000246   Section        0  __rtentry2.o(.ARM.Collect$$rtentry$$00000009)
    .ARM.Collect$$rtentry$$0000000A          0x00000246   Section        4  __rtentry2.o(.ARM.Collect$$rtentry$$0000000A)
    .ARM.Collect$$rtentry$$0000000C          0x0000024a   Section        0  __rtentry2.o(.ARM.Collect$$rtentry$$0000000C)
    .ARM.Collect$$rtentry$$0000000D          0x0000024a   Section        8  __rtentry2.o(.ARM.Collect$$rtentry$$0000000D)
    .ARM.Collect$$rtexit$$00000000           0x00000252   Section        2  rtexit.o(.ARM.Collect$$rtexit$$00000000)
    .ARM.Collect$$rtexit$$00000002           0x00000254   Section        0  rtexit2.o(.ARM.Collect$$rtexit$$00000002)
    .ARM.Collect$$rtexit$$00000003           0x00000254   Section        4  rtexit2.o(.ARM.Collect$$rtexit$$00000003)
    .ARM.Collect$$rtexit$$00000004           0x00000258   Section        6  rtexit2.o(.ARM.Collect$$rtexit$$00000004)
    .emb_text                                0x00000260   Section        6  sysctl.o(.emb_text)
    $v0                                      0x00000260   Number         0  sysctl.o(.emb_text)
    .text                                    0x00000268   Section       64  startup_armcm4.o(.text)
    $v0                                      0x00000268   Number         0  startup_armcm4.o(.text)
    .text                                    0x000002a8   Section        0  arm_dot_prod_f32.o(.text)
    .text                                    0x000003ac   Section        0  arm_cmplx_mag_f32.o(.text)
    .text                                    0x000004a8   Section        0  arm_cfft_f32.o(.text)
    .text                                    0x00000bca   Section        0  arm_fill_f32.o(.text)
    .text                                    0x00000c60   Section        0  arm_cfft_radix8_f32.o(.text)
    .text                                    0x0000113c   Section      100  rt_memcpy_w.o(.text)
    .text                                    0x000011a0   Section        0  heapauxi.o(.text)
    .text                                    0x000011a6   Section        0  _rserrno.o(.text)
    .text                                    0x000011bc   Section        8  rt_errno_addr_intlibspace.o(.text)
    .text                                    0x000011c4   Section        0  _fptrap.o(.text)
    .text                                    0x000011f4   Section        8  libspace.o(.text)
    .text                                    0x000011fc   Section       74  sys_stackheap_outer.o(.text)
    .text                                    0x00001246   Section        0  exit.o(.text)
    .text                                    0x00001258   Section        0  defsig_fpe_outer.o(.text)
    .text                                    0x00001266   Section        0  defsig_exit.o(.text)
    .text                                    0x00001270   Section        0  defsig_fpe_inner.o(.text)
    .text                                    0x0000131c   Section        0  sys_exit.o(.text)
    .text                                    0x00001328   Section        0  defsig_general.o(.text)
    .text                                    0x0000135a   Section        0  sys_wrch.o(.text)
    .text                                    0x00001368   Section        2  use_no_semi.o(.text)
    .text                                    0x0000136a   Section        0  indicate_semi.o(.text)
    i.SysCtlClockSet                         0x0000136c   Section        0  sysctl.o(i.SysCtlClockSet)
    i.SystemInit                             0x0000148c   Section        0  system_armcm4.o(i.SystemInit)
    i.__hardfp_logf                          0x000014ac   Section        0  logf.o(i.__hardfp_logf)
    i.__mathlib_flt_divzero                  0x00001618   Section        0  funder.o(i.__mathlib_flt_divzero)
    i.__mathlib_flt_infnan                   0x0000162c   Section        0  funder.o(i.__mathlib_flt_infnan)
    i.__mathlib_flt_invalid                  0x00001634   Section        0  funder.o(i.__mathlib_flt_invalid)
    i.getMFCC                                0x00001644   Section        0  mfcc.o(i.getMFCC)
    i.main                                   0x0000186c   Section        0  main.o(i.main)
    x$fpl$d2f                                0x0000189c   Section      708  d2f_clz.o(x$fpl$d2f)
    $v0                                      0x0000189c   Number         0  d2f_clz.o(x$fpl$d2f)
    x$fpl$dfltn                              0x00001b60   Section       26  dflt_clz.o(x$fpl$dfltn)
    $v0                                      0x00001b60   Number         0  dflt_clz.o(x$fpl$dfltn)
    x$fpl$dmul                               0x00001b7c   Section      448  dmul_clz.o(x$fpl$dmul)
    $v0                                      0x00001b7c   Number         0  dmul_clz.o(x$fpl$dmul)
    x$fpl$dnaninf                            0x00001d3c   Section      258  dnaninf.o(x$fpl$dnaninf)
    $v0                                      0x00001d3c   Number         0  dnaninf.o(x$fpl$dnaninf)
    x$fpl$drenorm                            0x00001e3e   Section      112  drenorm_clz.o(x$fpl$drenorm)
    $v0                                      0x00001e3e   Number         0  drenorm_clz.o(x$fpl$drenorm)
    x$fpl$dretinf                            0x00001eae   Section       12  dretinf.o(x$fpl$dretinf)
    $v0                                      0x00001eae   Number         0  dretinf.o(x$fpl$dretinf)
    x$fpl$dunder                             0x00001eba   Section      378  dunder_clz.o(x$fpl$dunder)
    $v0                                      0x00001eba   Number         0  dunder_clz.o(x$fpl$dunder)
    x$fpl$exception                          0x00002034   Section      492  except.o(x$fpl$exception)
    $v0                                      0x00002034   Number         0  except.o(x$fpl$exception)
    x$fpl$f2d                                0x00002220   Section      122  f2d.o(x$fpl$f2d)
    $v0                                      0x00002220   Number         0  f2d.o(x$fpl$f2d)
    x$fpl$fnaninf                            0x0000229a   Section      242  fnaninf.o(x$fpl$fnaninf)
    $v0                                      0x0000229a   Number         0  fnaninf.o(x$fpl$fnaninf)
    x$fpl$fpinit                             0x0000238c   Section       10  fpinit.o(x$fpl$fpinit)
    $v0                                      0x0000238c   Number         0  fpinit.o(x$fpl$fpinit)
    x$fpl$fretinf                            0x00002396   Section       10  fretinf.o(x$fpl$fretinf)
    $v0                                      0x00002396   Number         0  fretinf.o(x$fpl$fretinf)
    x$fpl$funder                             0x000023a0   Section      316  funder_clz.o(x$fpl$funder)
    $v0                                      0x000023a0   Number         0  funder_clz.o(x$fpl$funder)
    x$fpl$retnan                             0x000024dc   Section      178  retnan.o(x$fpl$retnan)
    $v0                                      0x000024dc   Number         0  retnan.o(x$fpl$retnan)
    x$fpl$trapveneer                         0x0000258e   Section      126  trapv.o(x$fpl$trapveneer)
    $v0                                      0x0000258e   Number         0  trapv.o(x$fpl$trapveneer)
    x$fpl$usenofp                            0x0000260c   Section        0  usenofp.o(x$fpl$usenofp)
    .constdata                               0x00002610   Section      880  mfcc.o(.constdata)
    influenceFactors                         0x000028b0   Data          96  mfcc.o(.constdata)
    .constdata                               0x00002980   Section       16  arm_const_structs.o(.constdata)
    .constdata                               0x00002990   Section     4096  arm_common_tables.o(.constdata)
    .constdata                               0x00003990   Section      896  arm_common_tables.o(.constdata)
    .constdata                               0x00003d10   Section       64  logf.o(.constdata)
    logahi                                   0x00003d10   Data          32  logf.o(.constdata)
    logalo                                   0x00003d30   Data          32  logf.o(.constdata)
    .data                                    0x20000000   Section     4096  arm_fft_bin_data.o(.data)
    .data                                    0x20001000   Section        1  main.o(.data)
    .data                                    0x20001004   Section     4096  mfcc.o(.data)
    .data                                    0x20002004   Section        4  system_armcm4.o(.data)
    .bss                                     0x20002008   Section       96  main.o(.bss)
    word                                     0x20002008   Data          96  main.o(.bss)
    .bss                                     0x20002068   Section       96  libspace.o(.bss)
    HEAP                                     0x200020c8   Section     3072  startup_armcm4.o(HEAP)
    Heap_Mem                                 0x200020c8   Data        3072  startup_armcm4.o(HEAP)
    STACK                                    0x20002cc8   Section     1024  startup_armcm4.o(STACK)
    Stack_Mem                                0x20002cc8   Data        1024  startup_armcm4.o(STACK)
    __initial_sp                             0x200030c8   Data           0  startup_armcm4.o(STACK)

    Global Symbols

    Symbol Name                              Value     Ov Type        Size  Object(Section)

    BuildAttributes$$THM_ISAv4$E$P$D$K$B$S$7EM$VFPi3$EXTD16$VFPS$VFMA$PE$A:L22UL41UL21$X:L11$S22US41US21$IEEE1$IW$USESV6$~STKCKD$USESV7$~SHL$OTIME$ROPI$IEEEX$EBA8$UX$STANDARDLIB$REQ8$PRES8$EABIv2 0x00000000   Number         0  anon$$obj.o ABSOLUTE
    __ARM_use_no_argv                        0x00000000   Number         0  main.o ABSOLUTE
    __Vectors                                0x00000000   Data           4  startup_armcm4.o(RESET)
    __ARM_exceptions_init                     - Undefined Weak Reference
    __alloca_initialize                       - Undefined Weak Reference
    __arm_preinit_                            - Undefined Weak Reference
    __cpp_initialize__aeabi_                  - Undefined Weak Reference
    __cxa_finalize                            - Undefined Weak Reference
    __rt_locale                               - Undefined Weak Reference
    __sigvec_lookup                           - Undefined Weak Reference
    _atexit_init                              - Undefined Weak Reference
    _call_atexit_fns                          - Undefined Weak Reference
    _clock_init                               - Undefined Weak Reference
    _fp_trap_big                              - Undefined Weak Reference
    _fp_trap_init                             - Undefined Weak Reference
    _fp_trap_shutdown                         - Undefined Weak Reference
    _get_lc_collate                           - Undefined Weak Reference
    _get_lc_ctype                             - Undefined Weak Reference
    _get_lc_monetary                          - Undefined Weak Reference
    _get_lc_numeric                           - Undefined Weak Reference
    _get_lc_time                              - Undefined Weak Reference
    _getenv_init                              - Undefined Weak Reference
    _handle_redirection                       - Undefined Weak Reference
    _init_alloc                               - Undefined Weak Reference
    _init_user_alloc                          - Undefined Weak Reference
    _initio                                   - Undefined Weak Reference
    _rand_init                                - Undefined Weak Reference
    _signal_finish                            - Undefined Weak Reference
    _signal_init                              - Undefined Weak Reference
    _terminate_alloc                          - Undefined Weak Reference
    _terminate_user_alloc                     - Undefined Weak Reference
    _terminateio                              - Undefined Weak Reference
    __Vectors_End                            0x000000c0   Data           0  startup_armcm4.o(RESET)
    __Vectors_Size                           0x000000c0   Number         0  startup_armcm4.o ABSOLUTE
    __main                                   0x000000c1   Thumb Code     8  __main.o(!!!main)
    __scatterload                            0x000000c9   Thumb Code     0  __scatter.o(!!!scatter)
    __scatterload_rt2                        0x000000c9   Thumb Code    44  __scatter.o(!!!scatter)
    __scatterload_rt2_thumb_only             0x000000c9   Thumb Code     0  __scatter.o(!!!scatter)
    __scatterload_null                       0x000000d7   Thumb Code     0  __scatter.o(!!!scatter)
    __decompress                             0x000000fd   Thumb Code    90  __dczerorl2.o(!!dczerorl2)
    __decompress1                            0x000000fd   Thumb Code     0  __dczerorl2.o(!!dczerorl2)
    __scatterload_zeroinit                   0x00000159   Thumb Code    28  __scatter_zi.o(!!handler_zi)
    arm_bitreversal_32                       0x00000175   Thumb Code   106  arm_bitreversal2.o(. text)
    arm_bitreversal_16                       0x000001df   Thumb Code    86  arm_bitreversal2.o(. text)
    __rt_lib_init                            0x00000235   Thumb Code     0  libinit.o(.ARM.Collect$$libinit$$00000000)
    __rt_lib_init_fp_1                       0x00000237   Thumb Code     0  libinit2.o(.ARM.Collect$$libinit$$00000001)
    __rt_lib_init_alloca_1                   0x0000023b   Thumb Code     0  libinit2.o(.ARM.Collect$$libinit$$0000002E)
    __rt_lib_init_argv_1                     0x0000023b   Thumb Code     0  libinit2.o(.ARM.Collect$$libinit$$0000002C)
    __rt_lib_init_atexit_1                   0x0000023b   Thumb Code     0  libinit2.o(.ARM.Collect$$libinit$$0000001B)
    __rt_lib_init_clock_1                    0x0000023b   Thumb Code     0  libinit2.o(.ARM.Collect$$libinit$$00000021)
    __rt_lib_init_cpp_1                      0x0000023b   Thumb Code     0  libinit2.o(.ARM.Collect$$libinit$$00000032)
    __rt_lib_init_exceptions_1               0x0000023b   Thumb Code     0  libinit2.o(.ARM.Collect$$libinit$$00000030)
    __rt_lib_init_fp_trap_1                  0x0000023b   Thumb Code     0  libinit2.o(.ARM.Collect$$libinit$$0000001F)
    __rt_lib_init_getenv_1                   0x0000023b   Thumb Code     0  libinit2.o(.ARM.Collect$$libinit$$00000023)
    __rt_lib_init_heap_1                     0x0000023b   Thumb Code     0  libinit2.o(.ARM.Collect$$libinit$$0000000A)
    __rt_lib_init_lc_collate_1               0x0000023b   Thumb Code     0  libinit2.o(.ARM.Collect$$libinit$$00000011)
    __rt_lib_init_lc_ctype_1                 0x0000023b   Thumb Code     0  libinit2.o(.ARM.Collect$$libinit$$00000013)
    __rt_lib_init_lc_monetary_1              0x0000023b   Thumb Code     0  libinit2.o(.ARM.Collect$$libinit$$00000015)
    __rt_lib_init_lc_numeric_1               0x0000023b   Thumb Code     0  libinit2.o(.ARM.Collect$$libinit$$00000017)
    __rt_lib_init_lc_time_1                  0x0000023b   Thumb Code     0  libinit2.o(.ARM.Collect$$libinit$$00000019)
    __rt_lib_init_preinit_1                  0x0000023b   Thumb Code     0  libinit2.o(.ARM.Collect$$libinit$$00000004)
    __rt_lib_init_rand_1                     0x0000023b   Thumb Code     0  libinit2.o(.ARM.Collect$$libinit$$0000000E)
    __rt_lib_init_return                     0x0000023b   Thumb Code     0  libinit2.o(.ARM.Collect$$libinit$$00000033)
    __rt_lib_init_signal_1                   0x0000023b   Thumb Code     0  libinit2.o(.ARM.Collect$$libinit$$0000001D)
    __rt_lib_init_stdio_1                    0x0000023b   Thumb Code     0  libinit2.o(.ARM.Collect$$libinit$$00000025)
    __rt_lib_init_user_alloc_1               0x0000023b   Thumb Code     0  libinit2.o(.ARM.Collect$$libinit$$0000000C)
    __rt_lib_shutdown                        0x0000023d   Thumb Code     0  libshutdown.o(.ARM.Collect$$libshutdown$$00000000)
    __rt_lib_shutdown_cpp_1                  0x0000023f   Thumb Code     0  libshutdown2.o(.ARM.Collect$$libshutdown$$00000002)
    __rt_lib_shutdown_fp_trap_1              0x0000023f   Thumb Code     0  libshutdown2.o(.ARM.Collect$$libshutdown$$00000007)
    __rt_lib_shutdown_heap_1                 0x0000023f   Thumb Code     0  libshutdown2.o(.ARM.Collect$$libshutdown$$0000000F)
    __rt_lib_shutdown_return                 0x0000023f   Thumb Code     0  libshutdown2.o(.ARM.Collect$$libshutdown$$00000010)
    __rt_lib_shutdown_signal_1               0x0000023f   Thumb Code     0  libshutdown2.o(.ARM.Collect$$libshutdown$$0000000A)
    __rt_lib_shutdown_stdio_1                0x0000023f   Thumb Code     0  libshutdown2.o(.ARM.Collect$$libshutdown$$00000004)
    __rt_lib_shutdown_user_alloc_1           0x0000023f   Thumb Code     0  libshutdown2.o(.ARM.Collect$$libshutdown$$0000000C)
    __rt_entry                               0x00000241   Thumb Code     0  __rtentry.o(.ARM.Collect$$rtentry$$00000000)
    __rt_entry_presh_1                       0x00000241   Thumb Code     0  __rtentry2.o(.ARM.Collect$$rtentry$$00000002)
    __rt_entry_sh                            0x00000241   Thumb Code     0  __rtentry4.o(.ARM.Collect$$rtentry$$00000004)
    __rt_entry_li                            0x00000247   Thumb Code     0  __rtentry2.o(.ARM.Collect$$rtentry$$0000000A)
    __rt_entry_postsh_1                      0x00000247   Thumb Code     0  __rtentry2.o(.ARM.Collect$$rtentry$$00000009)
    __rt_entry_main                          0x0000024b   Thumb Code     0  __rtentry2.o(.ARM.Collect$$rtentry$$0000000D)
    __rt_entry_postli_1                      0x0000024b   Thumb Code     0  __rtentry2.o(.ARM.Collect$$rtentry$$0000000C)
    __rt_exit                                0x00000253   Thumb Code     0  rtexit.o(.ARM.Collect$$rtexit$$00000000)
    __rt_exit_ls                             0x00000255   Thumb Code     0  rtexit2.o(.ARM.Collect$$rtexit$$00000003)
    __rt_exit_prels_1                        0x00000255   Thumb Code     0  rtexit2.o(.ARM.Collect$$rtexit$$00000002)
    __rt_exit_exit                           0x00000259   Thumb Code     0  rtexit2.o(.ARM.Collect$$rtexit$$00000004)
    SysCtlDelay                              0x00000261   Thumb Code     6  sysctl.o(.emb_text)
    Reset_Handler                            0x00000269   Thumb Code     8  startup_armcm4.o(.text)
    NMI_Handler                              0x00000271   Thumb Code     2  startup_armcm4.o(.text)
    HardFault_Handler                        0x00000273   Thumb Code     2  startup_armcm4.o(.text)
    MemManage_Handler                        0x00000275   Thumb Code     2  startup_armcm4.o(.text)
    BusFault_Handler                         0x00000277   Thumb Code     2  startup_armcm4.o(.text)
    UsageFault_Handler                       0x00000279   Thumb Code     2  startup_armcm4.o(.text)
    SVC_Handler                              0x0000027b   Thumb Code     2  startup_armcm4.o(.text)
    DebugMon_Handler                         0x0000027d   Thumb Code     2  startup_armcm4.o(.text)
    PendSV_Handler                           0x0000027f   Thumb Code     2  startup_armcm4.o(.text)
    SysTick_Handler                          0x00000281   Thumb Code     2  startup_armcm4.o(.text)
    AACI_IRQHandler                          0x00000283   Thumb Code     0  startup_armcm4.o(.text)
    CAN_IRQHandler                           0x00000283   Thumb Code     0  startup_armcm4.o(.text)
    CHLCD_IRQHandler                         0x00000283   Thumb Code     0  startup_armcm4.o(.text)
    CLCD_IRQHandler                          0x00000283   Thumb Code     0  startup_armcm4.o(.text)
    CPU_CLCD_IRQHandler                      0x00000283   Thumb Code     0  startup_armcm4.o(.text)
    ENET_IRQHandler                          0x00000283   Thumb Code     0  startup_armcm4.o(.text)
    FLEXRAY_IRQHandler                       0x00000283   Thumb Code     0  startup_armcm4.o(.text)
    I2C_IRQHandler                           0x00000283   Thumb Code     0  startup_armcm4.o(.text)
    LIN_IRQHandler                           0x00000283   Thumb Code     0  startup_armcm4.o(.text)
    MCIA_IRQHandler                          0x00000283   Thumb Code     0  startup_armcm4.o(.text)
    MCIB_IRQHandler                          0x00000283   Thumb Code     0  startup_armcm4.o(.text)
    RTC_IRQHandler                           0x00000283   Thumb Code     0  startup_armcm4.o(.text)
    SPI_IRQHandler                           0x00000283   Thumb Code     0  startup_armcm4.o(.text)
    TIM0_IRQHandler                          0x00000283   Thumb Code     0  startup_armcm4.o(.text)
    TIM2_IRQHandler                          0x00000283   Thumb Code     0  startup_armcm4.o(.text)
    UART0_IRQHandler                         0x00000283   Thumb Code     0  startup_armcm4.o(.text)
    UART1_IRQHandler                         0x00000283   Thumb Code     0  startup_armcm4.o(.text)
    UART2_IRQHandler                         0x00000283   Thumb Code     0  startup_armcm4.o(.text)
    UART3_IRQHandler                         0x00000283   Thumb Code     0  startup_armcm4.o(.text)
    UART4_IRQHandler                         0x00000283   Thumb Code     0  startup_armcm4.o(.text)
    USBDC_IRQHandler                         0x00000283   Thumb Code     0  startup_armcm4.o(.text)
    USBHC_IRQHandler                         0x00000283   Thumb Code     0  startup_armcm4.o(.text)
    WDT_IRQHandler                           0x00000283   Thumb Code     0  startup_armcm4.o(.text)
    __user_initial_stackheap                 0x00000285   Thumb Code    10  startup_armcm4.o(.text)
    arm_dot_prod_f32                         0x000002a9   Thumb Code   256  arm_dot_prod_f32.o(.text)
    arm_cmplx_mag_f32                        0x000003ad   Thumb Code   246  arm_cmplx_mag_f32.o(.text)
    arm_cfft_radix8by2_f32                   0x000004a9   Thumb Code   398  arm_cfft_f32.o(.text)
    arm_cfft_radix8by4_f32                   0x00000637   Thumb Code  1098  arm_cfft_f32.o(.text)
    arm_cfft_f32                             0x00000a81   Thumb Code   330  arm_cfft_f32.o(.text)
    arm_fill_f32                             0x00000bcb   Thumb Code   148  arm_fill_f32.o(.text)
    arm_radix8_butterfly_f32                 0x00000c61   Thumb Code  1244  arm_cfft_radix8_f32.o(.text)
    __aeabi_memcpy4                          0x0000113d   Thumb Code     0  rt_memcpy_w.o(.text)
    __aeabi_memcpy8                          0x0000113d   Thumb Code     0  rt_memcpy_w.o(.text)
    __rt_memcpy_w                            0x0000113d   Thumb Code   100  rt_memcpy_w.o(.text)
    _memcpy_lastbytes_aligned                0x00001185   Thumb Code     0  rt_memcpy_w.o(.text)
    __use_two_region_memory                  0x000011a1   Thumb Code     2  heapauxi.o(.text)
    __rt_heap_escrow$2region                 0x000011a3   Thumb Code     2  heapauxi.o(.text)
    __rt_heap_expand$2region                 0x000011a5   Thumb Code     2  heapauxi.o(.text)
    __read_errno                             0x000011a7   Thumb Code    10  _rserrno.o(.text)
    __set_errno                              0x000011b1   Thumb Code    12  _rserrno.o(.text)
    __aeabi_errno_addr                       0x000011bd   Thumb Code     8  rt_errno_addr_intlibspace.o(.text)
    __errno$intlibspace                      0x000011bd   Thumb Code     0  rt_errno_addr_intlibspace.o(.text)
    __rt_errno_addr$intlibspace              0x000011bd   Thumb Code     0  rt_errno_addr_intlibspace.o(.text)
    _fp_trap                                 0x000011c5   Thumb Code    44  _fptrap.o(.text)
    __user_libspace                          0x000011f5   Thumb Code     8  libspace.o(.text)
    __user_perproc_libspace                  0x000011f5   Thumb Code     0  libspace.o(.text)
    __user_perthread_libspace                0x000011f5   Thumb Code     0  libspace.o(.text)
    __user_setup_stackheap                   0x000011fd   Thumb Code    74  sys_stackheap_outer.o(.text)
    exit                                     0x00001247   Thumb Code    18  exit.o(.text)
    __rt_SIGFPE                              0x00001259   Thumb Code    14  defsig_fpe_outer.o(.text)
    __sig_exit                               0x00001267   Thumb Code    10  defsig_exit.o(.text)
    __rt_SIGFPE_inner                        0x00001271   Thumb Code    62  defsig_fpe_inner.o(.text)
    _sys_exit                                0x0000131d   Thumb Code     8  sys_exit.o(.text)
    __default_signal_display                 0x00001329   Thumb Code    50  defsig_general.o(.text)
    _ttywrch                                 0x0000135b   Thumb Code    14  sys_wrch.o(.text)
    __I$use$semihosting                      0x00001369   Thumb Code     0  use_no_semi.o(.text)
    __use_no_semihosting_swi                 0x00001369   Thumb Code     2  use_no_semi.o(.text)
    __semihosting_library_function           0x0000136b   Thumb Code     0  indicate_semi.o(.text)
    SysCtlClockSet                           0x0000136d   Thumb Code   270  sysctl.o(i.SysCtlClockSet)
    SystemInit                               0x0000148d   Thumb Code    20  system_armcm4.o(i.SystemInit)
    __hardfp_logf                            0x000014ad   Thumb Code   320  logf.o(i.__hardfp_logf)
    __mathlib_logf                           0x000014ad   Thumb Code     0  logf.o(i.__hardfp_logf)
    __mathlib_flt_divzero                    0x00001619   Thumb Code    14  funder.o(i.__mathlib_flt_divzero)
    __mathlib_flt_infnan                     0x0000162d   Thumb Code     6  funder.o(i.__mathlib_flt_infnan)
    __mathlib_flt_invalid                    0x00001635   Thumb Code    10  funder.o(i.__mathlib_flt_invalid)
    getMFCC                                  0x00001645   Thumb Code   520  mfcc.o(i.getMFCC)
    main                                     0x0000186d   Thumb Code    30  main.o(i.main)
    __aeabi_d2f                              0x0000189d   Thumb Code     0  d2f_clz.o(x$fpl$d2f)
    _d2f                                     0x0000189d   Thumb Code   700  d2f_clz.o(x$fpl$d2f)
    __dflt_normalise                         0x00001b61   Thumb Code    26  dflt_clz.o(x$fpl$dfltn)
    __aeabi_dmul                             0x00001b7d   Thumb Code     0  dmul_clz.o(x$fpl$dmul)
    _dmul                                    0x00001b7d   Thumb Code   440  dmul_clz.o(x$fpl$dmul)
    __fpl_dnaninf                            0x00001d3d   Thumb Code   258  dnaninf.o(x$fpl$dnaninf)
    __fpl_drenorm2                           0x00001e3f   Thumb Code   106  drenorm_clz.o(x$fpl$drenorm)
    __fpl_drenorm1                           0x00001ea9   Thumb Code     6  drenorm_clz.o(x$fpl$drenorm)
    __fpl_dretinf                            0x00001eaf   Thumb Code    12  dretinf.o(x$fpl$dretinf)
    __dunder                                 0x00001ebb   Thumb Code   314  dunder_clz.o(x$fpl$dunder)
    __dunder_d                               0x00001ff5   Thumb Code    64  dunder_clz.o(x$fpl$dunder)
    __fpl_exception                          0x00002035   Thumb Code   454  except.o(x$fpl$exception)
    __aeabi_f2d                              0x00002221   Thumb Code     0  f2d.o(x$fpl$f2d)
    _f2d                                     0x00002221   Thumb Code   122  f2d.o(x$fpl$f2d)
    __fpl_fnaninf                            0x0000229b   Thumb Code   242  fnaninf.o(x$fpl$fnaninf)
    _fp_init                                 0x0000238d   Thumb Code    10  fpinit.o(x$fpl$fpinit)
    __fplib_config_fpu_vfp                   0x00002395   Thumb Code     0  fpinit.o(x$fpl$fpinit)
    __fplib_config_pureend_doubles           0x00002395   Thumb Code     0  fpinit.o(x$fpl$fpinit)
    __fpl_fretinf                            0x00002397   Thumb Code    10  fretinf.o(x$fpl$fretinf)
    __funder                                 0x000023a1   Thumb Code   254  funder_clz.o(x$fpl$funder)
    __funder_d                               0x0000249f   Thumb Code    62  funder_clz.o(x$fpl$funder)
    __fpl_return_NaN                         0x000024dd   Thumb Code   178  retnan.o(x$fpl$retnan)
    _fp_trapveneer                           0x0000258f   Thumb Code    36  trapv.o(x$fpl$trapveneer)
    __fpl_cmpreturn                          0x000025b3   Thumb Code    90  trapv.o(x$fpl$trapveneer)
    __I$use$fp                               0x0000260c   Number         0  usenofp.o(x$fpl$usenofp)
    cosines                                  0x00002610   Data         672  mfcc.o(.constdata)
    centerFreq                               0x00002910   Data         112  mfcc.o(.constdata)
    arm_cfft_sR_f32_len512                   0x00002980   Data          16  arm_const_structs.o(.constdata)
    twiddleCoef_512                          0x00002990   Data        4096  arm_common_tables.o(.constdata)
    armBitRevIndexTable512                   0x00003990   Data         896  arm_common_tables.o(.constdata)
    Region$$Table$$Base                      0x00003d50   Number         0  anon$$obj.o(Region$$Table)
    Region$$Table$$Limit                     0x00003d70   Number         0  anon$$obj.o(Region$$Table)
    testInput_f32_10khz                      0x20000000   Data        4096  arm_fft_bin_data.o(.data)
    ind                                      0x20001000   Data           1  main.o(.data)
    filterbank1                              0x20001004   Data        2048  mfcc.o(.data)
    filterbank2                              0x20001804   Data        2048  mfcc.o(.data)
    SystemCoreClock                          0x20002004   Data           4  system_armcm4.o(.data)
    __libspace_start                         0x20002068   Data          96  libspace.o(.bss)
    __temporary_stack_top$libspace           0x200020c8   Data           0  libspace.o(.bss)



==============================================================================

Memory Map of the image

  Image Entry point : 0x000000c1

  Load Region LR_IROM1 (Base: 0x00000000, Size: 0x00005d78, Max: 0x00040000, ABSOLUTE, COMPRESSED[0x00005428])

    Execution Region ER_IROM1 (Base: 0x00000000, Size: 0x00003d70, Max: 0x00040000, ABSOLUTE)

    Base Addr    Size         Type   Attr      Idx    E Section Name        Object

    0x00000000   0x000000c0   Data   RO          182    RESET               startup_armcm4.o
    0x000000c0   0x00000008   Code   RO         1097  * !!!main             c_w.l(__main.o)
    0x000000c8   0x00000034   Code   RO         1330    !!!scatter          c_w.l(__scatter.o)
    0x000000fc   0x0000005a   Code   RO         1328    !!dczerorl2         c_w.l(__dczerorl2.o)
    0x00000156   0x00000002   PAD
    0x00000158   0x0000001c   Code   RO         1332    !!handler_zi        c_w.l(__scatter_zi.o)
    0x00000174   0x000000c0   Code   RO         1005    . text              arm_cortexM4lf_math.lib(arm_bitreversal2.o)
    0x00000234   0x00000002   Code   RO         1201    .ARM.Collect$$libinit$$00000000  c_w.l(libinit.o)
    0x00000236   0x00000004   Code   RO         1210    .ARM.Collect$$libinit$$00000001  c_w.l(libinit2.o)
    0x0000023a   0x00000000   Code   RO         1213    .ARM.Collect$$libinit$$00000004  c_w.l(libinit2.o)
    0x0000023a   0x00000000   Code   RO         1216    .ARM.Collect$$libinit$$0000000A  c_w.l(libinit2.o)
    0x0000023a   0x00000000   Code   RO         1218    .ARM.Collect$$libinit$$0000000C  c_w.l(libinit2.o)
    0x0000023a   0x00000000   Code   RO         1220    .ARM.Collect$$libinit$$0000000E  c_w.l(libinit2.o)
    0x0000023a   0x00000000   Code   RO         1223    .ARM.Collect$$libinit$$00000011  c_w.l(libinit2.o)
    0x0000023a   0x00000000   Code   RO         1225    .ARM.Collect$$libinit$$00000013  c_w.l(libinit2.o)
    0x0000023a   0x00000000   Code   RO         1227    .ARM.Collect$$libinit$$00000015  c_w.l(libinit2.o)
    0x0000023a   0x00000000   Code   RO         1229    .ARM.Collect$$libinit$$00000017  c_w.l(libinit2.o)
    0x0000023a   0x00000000   Code   RO         1231    .ARM.Collect$$libinit$$00000019  c_w.l(libinit2.o)
    0x0000023a   0x00000000   Code   RO         1233    .ARM.Collect$$libinit$$0000001B  c_w.l(libinit2.o)
    0x0000023a   0x00000000   Code   RO         1235    .ARM.Collect$$libinit$$0000001D  c_w.l(libinit2.o)
    0x0000023a   0x00000000   Code   RO         1237    .ARM.Collect$$libinit$$0000001F  c_w.l(libinit2.o)
    0x0000023a   0x00000000   Code   RO         1239    .ARM.Collect$$libinit$$00000021  c_w.l(libinit2.o)
    0x0000023a   0x00000000   Code   RO         1241    .ARM.Collect$$libinit$$00000023  c_w.l(libinit2.o)
    0x0000023a   0x00000000   Code   RO         1243    .ARM.Collect$$libinit$$00000025  c_w.l(libinit2.o)
    0x0000023a   0x00000000   Code   RO         1247    .ARM.Collect$$libinit$$0000002C  c_w.l(libinit2.o)
    0x0000023a   0x00000000   Code   RO         1249    .ARM.Collect$$libinit$$0000002E  c_w.l(libinit2.o)
    0x0000023a   0x00000000   Code   RO         1251    .ARM.Collect$$libinit$$00000030  c_w.l(libinit2.o)
    0x0000023a   0x00000000   Code   RO         1253    .ARM.Collect$$libinit$$00000032  c_w.l(libinit2.o)
    0x0000023a   0x00000002   Code   RO         1254    .ARM.Collect$$libinit$$00000033  c_w.l(libinit2.o)
    0x0000023c   0x00000002   Code   RO         1285    .ARM.Collect$$libshutdown$$00000000  c_w.l(libshutdown.o)
    0x0000023e   0x00000000   Code   RO         1311    .ARM.Collect$$libshutdown$$00000002  c_w.l(libshutdown2.o)
    0x0000023e   0x00000000   Code   RO         1313    .ARM.Collect$$libshutdown$$00000004  c_w.l(libshutdown2.o)
    0x0000023e   0x00000000   Code   RO         1316    .ARM.Collect$$libshutdown$$00000007  c_w.l(libshutdown2.o)
    0x0000023e   0x00000000   Code   RO         1319    .ARM.Collect$$libshutdown$$0000000A  c_w.l(libshutdown2.o)
    0x0000023e   0x00000000   Code   RO         1321    .ARM.Collect$$libshutdown$$0000000C  c_w.l(libshutdown2.o)
    0x0000023e   0x00000000   Code   RO         1324    .ARM.Collect$$libshutdown$$0000000F  c_w.l(libshutdown2.o)
    0x0000023e   0x00000002   Code   RO         1325    .ARM.Collect$$libshutdown$$00000010  c_w.l(libshutdown2.o)
    0x00000240   0x00000000   Code   RO         1119    .ARM.Collect$$rtentry$$00000000  c_w.l(__rtentry.o)
    0x00000240   0x00000000   Code   RO         1162    .ARM.Collect$$rtentry$$00000002  c_w.l(__rtentry2.o)
    0x00000240   0x00000006   Code   RO         1174    .ARM.Collect$$rtentry$$00000004  c_w.l(__rtentry4.o)
    0x00000246   0x00000000   Code   RO         1164    .ARM.Collect$$rtentry$$00000009  c_w.l(__rtentry2.o)
    0x00000246   0x00000004   Code   RO         1165    .ARM.Collect$$rtentry$$0000000A  c_w.l(__rtentry2.o)
    0x0000024a   0x00000000   Code   RO         1167    .ARM.Collect$$rtentry$$0000000C  c_w.l(__rtentry2.o)
    0x0000024a   0x00000008   Code   RO         1168    .ARM.Collect$$rtentry$$0000000D  c_w.l(__rtentry2.o)
    0x00000252   0x00000002   Code   RO         1202    .ARM.Collect$$rtexit$$00000000  c_w.l(rtexit.o)
    0x00000254   0x00000000   Code   RO         1258    .ARM.Collect$$rtexit$$00000002  c_w.l(rtexit2.o)
    0x00000254   0x00000004   Code   RO         1259    .ARM.Collect$$rtexit$$00000003  c_w.l(rtexit2.o)
    0x00000258   0x00000006   Code   RO         1260    .ARM.Collect$$rtexit$$00000004  c_w.l(rtexit2.o)
    0x0000025e   0x00000002   PAD
    0x00000260   0x00000006   Code   RO          226    .emb_text           driverlib.lib(sysctl.o)
    0x00000266   0x00000002   PAD
    0x00000268   0x00000040   Code   RO          183    .text               startup_armcm4.o
    0x000002a8   0x00000104   Code   RO          604    .text               arm_cortexM4lf_math.lib(arm_dot_prod_f32.o)
    0x000003ac   0x000000fc   Code   RO          650    .text               arm_cortexM4lf_math.lib(arm_cmplx_mag_f32.o)
    0x000004a8   0x00000722   Code   RO          677    .text               arm_cortexM4lf_math.lib(arm_cfft_f32.o)
    0x00000bca   0x00000094   Code   RO          705    .text               arm_cortexM4lf_math.lib(arm_fill_f32.o)
    0x00000c5e   0x00000002   PAD
    0x00000c60   0x000004dc   Code   RO          984    .text               arm_cortexM4lf_math.lib(arm_cfft_radix8_f32.o)
    0x0000113c   0x00000064   Code   RO         1093    .text               c_w.l(rt_memcpy_w.o)
    0x000011a0   0x00000006   Code   RO         1095    .text               c_w.l(heapauxi.o)
    0x000011a6   0x00000016   Code   RO         1120    .text               c_w.l(_rserrno.o)
    0x000011bc   0x00000008   Code   RO         1179    .text               c_w.l(rt_errno_addr_intlibspace.o)
    0x000011c4   0x00000030   Code   RO         1181    .text               c_w.l(_fptrap.o)
    0x000011f4   0x00000008   Code   RO         1185    .text               c_w.l(libspace.o)
    0x000011fc   0x0000004a   Code   RO         1188    .text               c_w.l(sys_stackheap_outer.o)
    0x00001246   0x00000012   Code   RO         1190    .text               c_w.l(exit.o)
    0x00001258   0x0000000e   Code   RO         1192    .text               c_w.l(defsig_fpe_outer.o)
    0x00001266   0x0000000a   Code   RO         1206    .text               c_w.l(defsig_exit.o)
    0x00001270   0x000000ac   Code   RO         1208    .text               c_w.l(defsig_fpe_inner.o)
    0x0000131c   0x0000000c   Code   RO         1255    .text               c_w.l(sys_exit.o)
    0x00001328   0x00000032   Code   RO         1266    .text               c_w.l(defsig_general.o)
    0x0000135a   0x0000000e   Code   RO         1272    .text               c_w.l(sys_wrch.o)
    0x00001368   0x00000002   Code   RO         1274    .text               c_w.l(use_no_semi.o)
    0x0000136a   0x00000000   Code   RO         1276    .text               c_w.l(indicate_semi.o)
    0x0000136a   0x00000002   PAD
    0x0000136c   0x00000120   Code   RO          231    i.SysCtlClockSet    driverlib.lib(sysctl.o)
    0x0000148c   0x00000020   Code   RO          190    i.SystemInit        system_armcm4.o
    0x000014ac   0x0000016c   Code   RO         1105    i.__hardfp_logf     m_wm.l(logf.o)
    0x00001618   0x00000014   Code   RO         1147    i.__mathlib_flt_divzero  m_wm.l(funder.o)
    0x0000162c   0x00000006   Code   RO         1148    i.__mathlib_flt_infnan  m_wm.l(funder.o)
    0x00001632   0x00000002   PAD
    0x00001634   0x00000010   Code   RO         1150    i.__mathlib_flt_invalid  m_wm.l(funder.o)
    0x00001644   0x00000228   Code   RO          132    i.getMFCC           mfcc.o
    0x0000186c   0x00000030   Code   RO           48    i.main              main.o
    0x0000189c   0x000002c4   Code   RO         1099    x$fpl$d2f           g_wm.l(d2f_clz.o)
    0x00001b60   0x0000001a   Code   RO         1124    x$fpl$dfltn         g_wm.l(dflt_clz.o)
    0x00001b7a   0x00000002   PAD
    0x00001b7c   0x000001c0   Code   RO         1101    x$fpl$dmul          g_wm.l(dmul_clz.o)
    0x00001d3c   0x00000102   Code   RO         1128    x$fpl$dnaninf       g_wm.l(dnaninf.o)
    0x00001e3e   0x00000070   Code   RO         1130    x$fpl$drenorm       g_wm.l(drenorm_clz.o)
    0x00001eae   0x0000000c   Code   RO         1132    x$fpl$dretinf       g_wm.l(dretinf.o)
    0x00001eba   0x0000017a   Code   RO         1134    x$fpl$dunder        g_wm.l(dunder_clz.o)
    0x00002034   0x000001ec   Code   RO         1136    x$fpl$exception     g_wm.l(except.o)
    0x00002220   0x0000007a   Code   RO         1103    x$fpl$f2d           g_wm.l(f2d.o)
    0x0000229a   0x000000f2   Code   RO         1138    x$fpl$fnaninf       g_wm.l(fnaninf.o)
    0x0000238c   0x0000000a   Code   RO         1270    x$fpl$fpinit        g_wm.l(fpinit.o)
    0x00002396   0x0000000a   Code   RO         1140    x$fpl$fretinf       g_wm.l(fretinf.o)
    0x000023a0   0x0000013c   Code   RO         1142    x$fpl$funder        g_wm.l(funder_clz.o)
    0x000024dc   0x000000b2   Code   RO         1183    x$fpl$retnan        g_wm.l(retnan.o)
    0x0000258e   0x0000007e   Code   RO         1144    x$fpl$trapveneer    g_wm.l(trapv.o)
    0x0000260c   0x00000000   Code   RO         1146    x$fpl$usenofp       g_wm.l(usenofp.o)
    0x0000260c   0x00000004   PAD
    0x00002610   0x00000370   Data   RO          133    .constdata          mfcc.o
    0x00002980   0x00000010   Data   RO          734    .constdata          arm_cortexM4lf_math.lib(arm_const_structs.o)
    0x00002990   0x00001000   Data   RO         1018    .constdata          arm_cortexM4lf_math.lib(arm_common_tables.o)
    0x00003990   0x00000380   Data   RO         1047    .constdata          arm_cortexM4lf_math.lib(arm_common_tables.o)
    0x00003d10   0x00000040   Data   RO         1108    .constdata          m_wm.l(logf.o)
    0x00003d50   0x00000020   Data   RO         1326    Region$$Table       anon$$obj.o


    Execution Region RW_IRAM1 (Base: 0x20000000, Size: 0x000030c8, Max: 0x00008000, ABSOLUTE, COMPRESSED[0x000016b8])

    Base Addr    Size         Type   Attr      Idx    E Section Name        Object

    0x20000000   0x00001000   Data   RW            3    .data               arm_fft_bin_data.o
    0x20001000   0x00000001   Data   RW           50    .data               main.o
    0x20001001   0x00000003   PAD
    0x20001004   0x00001000   Data   RW          134    .data               mfcc.o
    0x20002004   0x00000004   Data   RW          191    .data               system_armcm4.o
    0x20002008   0x00000060   Zero   RW           49    .bss                main.o
    0x20002068   0x00000060   Zero   RW         1186    .bss                c_w.l(libspace.o)
    0x200020c8   0x00000c00   Zero   RW          181    HEAP                startup_armcm4.o
    0x20002cc8   0x00000400   Zero   RW          180    STACK               startup_armcm4.o


==============================================================================

Image component sizes


      Code (inc. data)   RO Data    RW Data    ZI Data      Debug   Object Name

         0          0          0       4096          0      17622   arm_fft_bin_data.o
        48         18          0          1         96       1499   main.o
       552         32        880       4096          0      14987   mfcc.o
        64         26        192          0       4096        876   startup_armcm4.o
        32         12          0          4          0        683   system_armcm4.o

    ----------------------------------------------------------------------
       696         88       1104       8200       4192      35667   Object Totals
         0          0         32          0          0          0   (incl. Generated)
         0          0          0          3          0          0   (incl. Padding)

    ----------------------------------------------------------------------

      Code (inc. data)   RO Data    RW Data    ZI Data      Debug   Library Member Name

       192          0          0          0          0        572   arm_bitreversal2.o
      1826          0          0          0          0       4025   arm_cfft_f32.o
      1244          4          0          0          0       3123   arm_cfft_radix8_f32.o
       252          6          0          0          0      14588   arm_cmplx_mag_f32.o
         0          0       4992          0          0       4704   arm_common_tables.o
         0          0         16          0          0       4212   arm_const_structs.o
       260          4          0          0          0      17631   arm_dot_prod_f32.o
       148          0          0          0          0       1231   arm_fill_f32.o
        90          0          0          0          0          0   __dczerorl2.o
         8          0          0          0          0         68   __main.o
         0          0          0          0          0          0   __rtentry.o
        12          0          0          0          0          0   __rtentry2.o
         6          0          0          0          0          0   __rtentry4.o
        52          8          0          0          0          0   __scatter.o
        28          0          0          0          0          0   __scatter_zi.o
        48          4          0          0          0         84   _fptrap.o
        22          0          0          0          0        100   _rserrno.o
        10          0          0          0          0         68   defsig_exit.o
       172        110          0          0          0         76   defsig_fpe_inner.o
        14          0          0          0          0         80   defsig_fpe_outer.o
        50          0          0          0          0         88   defsig_general.o
        18          0          0          0          0         80   exit.o
         6          0          0          0          0        152   heapauxi.o
         0          0          0          0          0          0   indicate_semi.o
         2          0          0          0          0          0   libinit.o
         6          0          0          0          0          0   libinit2.o
         2          0          0          0          0          0   libshutdown.o
         2          0          0          0          0          0   libshutdown2.o
         8          4          0          0         96         68   libspace.o
         8          4          0          0          0         68   rt_errno_addr_intlibspace.o
       100          0          0          0          0         80   rt_memcpy_w.o
         2          0          0          0          0          0   rtexit.o
        10          0          0          0          0          0   rtexit2.o
        12          4          0          0          0         68   sys_exit.o
        74          0          0          0          0         80   sys_stackheap_outer.o
        14          0          0          0          0         76   sys_wrch.o
         2          0          0          0          0         68   use_no_semi.o
       294         18          0          0          0       4293   sysctl.o
       708         16          0          0          0        140   d2f_clz.o
        26          0          0          0          0        116   dflt_clz.o
       448         16          0          0          0        164   dmul_clz.o
       258          4          0          0          0        156   dnaninf.o
       112          0          0          0          0        160   drenorm_clz.o
        12          0          0          0          0        116   dretinf.o
       378          0          0          0          0        168   dunder_clz.o
       492         36          0          0          0        148   except.o
       122          8          0          0          0        132   f2d.o
       242          4          0          0          0        144   fnaninf.o
        10          0          0          0          0        116   fpinit.o
        10          0          0          0          0        116   fretinf.o
       316          0          0          0          0        132   funder_clz.o
       178          0          0          0          0        116   retnan.o
       126          0          0          0          0        148   trapv.o
         0          0          0          0          0          0   usenofp.o
        42         12          0          0          0        348   funder.o
       364         44         64          0          0        140   logf.o

    ----------------------------------------------------------------------
      8856        306       5072          0         96      58243   Library Totals
        18          0          0          0          0          0   (incl. Padding)

    ----------------------------------------------------------------------

      Code (inc. data)   RO Data    RW Data    ZI Data      Debug   Library Name

      3922         14       5008          0          0      50086   arm_cortexM4lf_math.lib
       778        134          0          0         96       1304   c_w.l
       294         18          0          0          0       4293   driverlib.lib
      3438         84          0          0          0       2072   g_wm.l
       406         56         64          0          0        488   m_wm.l

    ----------------------------------------------------------------------
      8856        306       5072          0         96      58243   Library Totals

    ----------------------------------------------------------------------

==============================================================================


      Code (inc. data)   RO Data    RW Data    ZI Data      Debug   

      9552        394       6176       8200       4288      90786   Grand Totals
      9552        394       6176       5816       4288      90786   ELF Image Totals (compressed)
      9552        394       6176       5816          0          0   ROM Totals

==============================================================================

    Total RO  Size (Code + RO Data)                15728 (  15.36kB)
    Total RW  Size (RW Data + ZI Data)             12488 (  12.20kB)
    Total ROM Size (Code + RO Data + RW Data)      21544 (  21.04kB)

==============================================================================

