Component: ARM Compiler 5.06 update 4 (build 422) Tool: armlink [4d35d2]

==============================================================================

Section Cross References

    main.o(i.ADC0SS0_Handler) refers to adc.o(i.ADCIntClear) for ADCIntClear
    main.o(i.ADC0SS0_Handler) refers to udma.o(i.uDMAChannelTransferSet) for uDMAChannelTransferSet
    main.o(i.ADC0SS0_Handler) refers to udma.o(i.uDMAChannelEnable) for uDMAChannelEnable
    main.o(i.ADC0SS0_Handler) refers to main.o(.data) for g_ui32SysTickCount
    main.o(i.ADC0SS0_Handler) refers to main.o(.bss) for ADC_OUT_0
    main.o(i.SysTick_Handler) refers to main.o(.data) for g_ui32SysTickCount
    main.o(i.UDMAERR_Handler) refers to main.o(.data) for g_ui32DMAErrCount
    main.o(i.emission) refers to arm_sub_f32.o(.text) for arm_sub_f32
    main.o(i.emission) refers to arm_mult_f32.o(.text) for arm_mult_f32
    main.o(i.emission) refers to arm_dot_prod_f32.o(.text) for arm_dot_prod_f32
    main.o(i.emission) refers to expf.o(i.__hardfp_expf) for __hardfp_expf
    main.o(i.emission) refers to main.o(.data) for means
    main.o(i.emission) refers to main.o(.bss) for observations
    main.o(i.forward_step) refers to arm_mat_mult_f32.o(.text) for arm_mat_mult_f32
    main.o(i.forward_step) refers to arm_mult_f32.o(.text) for arm_mult_f32
    main.o(i.forward_step) refers to arm_dot_prod_f32.o(.text) for arm_dot_prod_f32
    main.o(i.forward_step) refers to arm_scale_f32.o(.text) for arm_scale_f32
    main.o(i.forward_step) refers to logf.o(i.__hardfp_logf) for __hardfp_logf
    main.o(i.forward_step) refers to arm_copy_f32.o(.text) for arm_copy_f32
    main.o(i.forward_step) refers to main.o(.data) for alphas
    main.o(i.forward_step) refers to main.o(.bss) for alphas_f32
    main.o(i.init_ADC) refers to adc.o(i.ADCClockConfigSet) for ADCClockConfigSet
    main.o(i.init_ADC) refers to sysctl.o(.emb_text) for SysCtlDelay
    main.o(i.init_ADC) refers to interrupt.o(i.IntDisable) for IntDisable
    main.o(i.init_ADC) refers to adc.o(i.ADCIntDisable) for ADCIntDisable
    main.o(i.init_ADC) refers to udma.o(i.uDMAEnable) for uDMAEnable
    main.o(i.init_ADC) refers to udma.o(i.uDMAControlBaseSet) for uDMAControlBaseSet
    main.o(i.init_ADC) refers to adc.o(i.ADCSequenceDMAEnable) for ADCSequenceDMAEnable
    main.o(i.init_ADC) refers to udma.o(i.uDMAChannelAttributeDisable) for uDMAChannelAttributeDisable
    main.o(i.init_ADC) refers to udma.o(i.uDMAChannelAttributeEnable) for uDMAChannelAttributeEnable
    main.o(i.init_ADC) refers to udma.o(i.uDMAChannelControlSet) for uDMAChannelControlSet
    main.o(i.init_ADC) refers to udma.o(i.uDMAChannelTransferSet) for uDMAChannelTransferSet
    main.o(i.init_ADC) refers to adc.o(i.ADCIntEnable) for ADCIntEnable
    main.o(i.init_ADC) refers to interrupt.o(i.IntEnable) for IntEnable
    main.o(i.init_ADC) refers to udma.o(i.uDMAChannelEnable) for uDMAChannelEnable
    main.o(i.init_ADC) refers to main.o(.bss) for ucControlTable
    main.o(i.init_forward) refers to arm_fill_f32.o(.text) for arm_fill_f32
    main.o(i.init_forward) refers to arm_mat_init_f32.o(.text) for arm_mat_init_f32
    main.o(i.init_forward) refers to arm_copy_f32.o(.text) for arm_copy_f32
    main.o(i.init_forward) refers to main.o(.bss) for ones_a
    main.o(i.init_forward) refers to main.o(.data) for transitions
    main.o(i.init_peripherals) refers to sysctl.o(.emb_text) for SysCtlDelay
    main.o(i.init_peripherals) refers to sysctl.o(i.SysCtlClockGet) for SysCtlClockGet
    main.o(i.init_peripherals) refers to gpio.o(i.GPIOPinTypeADC) for GPIOPinTypeADC
    main.o(i.init_peripherals) refers to main.o(i.init_ADC) for init_ADC
    main.o(i.init_peripherals) refers to main.o(.data) for g_ui32SysTickCount
    main.o(i.main) refers to sysctl.o(i.SysCtlClockSet) for SysCtlClockSet
    main.o(i.main) refers to sysctl.o(.emb_text) for SysCtlDelay
    main.o(i.main) refers to main.o(i.init_peripherals) for init_peripherals
    main.o(i.main) refers to arm_fill_f32.o(.text) for arm_fill_f32
    main.o(i.main) refers to main.o(i.init_forward) for init_forward
    main.o(i.main) refers to arm_sub_f32.o(.text) for arm_sub_f32
    main.o(i.main) refers to arm_scale_f32.o(.text) for arm_scale_f32
    main.o(i.main) refers to arm_copy_f32.o(.text) for arm_copy_f32
    main.o(i.main) refers to mfcc.o(i.getMFCC) for getMFCC
    main.o(i.main) refers to rt_memcpy_w.o(.text) for __aeabi_memcpy4
    main.o(i.main) refers to main.o(i.emission) for emission
    main.o(i.main) refers to main.o(i.forward_step) for forward_step
    main.o(i.main) refers to arm_mean_f32.o(.text) for arm_mean_f32
    main.o(i.main) refers to main.o(.bss) for input_f32_16khz
    main.o(i.main) refers to main.o(.data) for n
    mfcc.o(i.getMFCC) refers to rt_memcpy_w.o(.text) for __aeabi_memcpy4
    mfcc.o(i.getMFCC) refers to arm_fill_f32.o(.text) for arm_fill_f32
[...]
    Removing sysctl.o(i.SysCtlIntClear), (12 bytes).
    Removing sysctl.o(i.SysCtlIntDisable), (16 bytes).
    Removing sysctl.o(i.SysCtlIntEnable), (16 bytes).
    Removing sysctl.o(i.SysCtlIntRegister), (20 bytes).
    Removing sysctl.o(i.SysCtlIntStatus), (16 bytes).
    Removing sysctl.o(i.SysCtlIntUnregister), (18 bytes).
    Removing sysctl.o(i.SysCtlLDODeepSleepGet), (12 bytes).
    Removing sysctl.o(i.SysCtlLDODeepSleepSet), (12 bytes).
    Removing sysctl.o(i.SysCtlLDOSleepGet), (12 bytes).
    Removing sysctl.o(i.SysCtlLDOSleepSet), (12 bytes).
    Removing sysctl.o(i.SysCtlMOSCConfigSet), (12 bytes).
    Removing sysctl.o(i.SysCtlNMIClear), (16 bytes).
    Removing sysctl.o(i.SysCtlNMIStatus), (12 bytes).
    Removing sysctl.o(i.SysCtlPIOSCCalibrate), (76 bytes).
    Removing sysctl.o(i.SysCtlPWMClockGet), (24 bytes).
    Removing sysctl.o(i.SysCtlPWMClockSet), (20 bytes).
    Removing sysctl.o(i.SysCtlPeripheralClockGating), (68 bytes).
    Removing sysctl.o(i.SysCtlPeripheralDeepSleepDisable), (40 bytes).
    Removing sysctl.o(i.SysCtlPeripheralDeepSleepEnable), (40 bytes).
    Removing sysctl.o(i.SysCtlPeripheralDisable), (40 bytes).
    Removing sysctl.o(i.SysCtlPeripheralEnable), (40 bytes).
    Removing sysctl.o(i.SysCtlPeripheralPowerOff), (40 bytes).
    Removing sysctl.o(i.SysCtlPeripheralPowerOn), (40 bytes).
    Removing sysctl.o(i.SysCtlPeripheralPresent), (44 bytes).
    Removing sysctl.o(i.SysCtlPeripheralReady), (44 bytes).
    Removing sysctl.o(i.SysCtlPeripheralReset), (60 bytes).
    Removing sysctl.o(i.SysCtlPeripheralSleepDisable), (40 bytes).
    Removing sysctl.o(i.SysCtlPeripheralSleepEnable), (40 bytes).
    Removing sysctl.o(i.SysCtlReset), (16 bytes).
    Removing sysctl.o(i.SysCtlResetBehaviorGet), (12 bytes).
    Removing sysctl.o(i.SysCtlResetBehaviorSet), (12 bytes).
    Removing sysctl.o(i.SysCtlResetCauseClear), (16 bytes).
    Removing sysctl.o(i.SysCtlResetCauseGet), (12 bytes).
    Removing sysctl.o(i.SysCtlSRAMSizeGet), (16 bytes).
    Removing sysctl.o(i.SysCtlSleep), (4 bytes).
    Removing sysctl.o(i.SysCtlSleepPowerSet), (12 bytes).
    Removing sysctl.o(i.SysCtlUSBPLLDisable), (16 bytes).
    Removing sysctl.o(i.SysCtlUSBPLLEnable), (16 bytes).
    Removing sysctl.o(i.SysCtlVCOGet), (120 bytes).
    Removing sysctl.o(i.SysCtlVoltageEventClear), (16 bytes).
    Removing sysctl.o(i.SysCtlVoltageEventConfig), (12 bytes).
    Removing sysctl.o(i.SysCtlVoltageEventStatus), (12 bytes).
    Removing udma.o(i.uDMAChannelAssign), (44 bytes).
    Removing udma.o(i.uDMAChannelAttributeGet), (64 bytes).
    Removing udma.o(i.uDMAChannelDisable), (20 bytes).
    Removing udma.o(i.uDMAChannelIsEnabled), (28 bytes).
    Removing udma.o(i.uDMAChannelModeGet), (40 bytes).
    Removing udma.o(i.uDMAChannelRequest), (20 bytes).
    Removing udma.o(i.uDMAChannelScatterGatherSet), (84 bytes).
    Removing udma.o(i.uDMAChannelSelectDefault), (16 bytes).
    Removing udma.o(i.uDMAChannelSelectSecondary), (16 bytes).
    Removing udma.o(i.uDMAChannelSizeGet), (32 bytes).
    Removing udma.o(i.uDMAControlAlternateBaseGet), (12 bytes).
    Removing udma.o(i.uDMAControlBaseGet), (12 bytes).
    Removing udma.o(i.uDMADisable), (12 bytes).
    Removing udma.o(i.uDMAErrorStatusClear), (12 bytes).
    Removing udma.o(i.uDMAErrorStatusGet), (12 bytes).
    Removing udma.o(i.uDMAIntClear), (12 bytes).
    Removing udma.o(i.uDMAIntRegister), (18 bytes).
    Removing udma.o(i.uDMAIntStatus), (12 bytes).
    Removing udma.o(i.uDMAIntUnregister), (18 bytes).
    Removing arm_dot_prod_f32.o(.rev16_text), (4 bytes).
    Removing arm_dot_prod_f32.o(.revsh_text), (4 bytes).
    Removing arm_dot_prod_f32.o(.rrx_text), (6 bytes).
    Removing arm_mult_f32.o(.rev16_text), (4 bytes).
    Removing arm_mult_f32.o(.revsh_text), (4 bytes).
    Removing arm_mult_f32.o(.rrx_text), (6 bytes).
    Removing arm_scale_f32.o(.rev16_text), (4 bytes).
    Removing arm_scale_f32.o(.revsh_text), (4 bytes).
    Removing arm_scale_f32.o(.rrx_text), (6 bytes).
    Removing arm_sub_f32.o(.rev16_text), (4 bytes).
    Removing arm_sub_f32.o(.revsh_text), (4 bytes).
    Removing arm_sub_f32.o(.rrx_text), (6 bytes).
    Removing arm_cmplx_mag_f32.o(.rev16_text), (4 bytes).
    Removing arm_cmplx_mag_f32.o(.revsh_text), (4 bytes).
    Removing arm_cmplx_mag_f32.o(.rrx_text), (6 bytes).
    Removing arm_mat_init_f32.o(.rev16_text), (4 bytes).
    Removing arm_mat_init_f32.o(.revsh_text), (4 bytes).
    Removing arm_mat_init_f32.o(.rrx_text), (6 bytes).
    Removing arm_mat_mult_f32.o(.rev16_text), (4 bytes).
    Removing arm_mat_mult_f32.o(.revsh_text), (4 bytes).
    Removing arm_mat_mult_f32.o(.rrx_text), (6 bytes).
    Removing arm_cfft_f32.o(.rev16_text), (4 bytes).
    Removing arm_cfft_f32.o(.revsh_text), (4 bytes).
    Removing arm_cfft_f32.o(.rrx_text), (6 bytes).
    Removing arm_mean_f32.o(.rev16_text), (4 bytes).
    Removing arm_mean_f32.o(.revsh_text), (4 bytes).
    Removing arm_mean_f32.o(.rrx_text), (6 bytes).
    Removing arm_copy_f32.o(.rev16_text), (4 bytes).
    Removing arm_copy_f32.o(.revsh_text), (4 bytes).
    Removing arm_copy_f32.o(.rrx_text), (6 bytes).
    Removing arm_fill_f32.o(.rev16_text), (4 bytes).
    Removing arm_fill_f32.o(.revsh_text), (4 bytes).
    Removing arm_fill_f32.o(.rrx_text), (6 bytes).
    Removing arm_const_structs.o(.rev16_text), (4 bytes).
    Removing arm_const_structs.o(.revsh_text), (4 bytes).
    Removing arm_const_structs.o(.rrx_text), (6 bytes).
    Removing arm_const_structs.o(.constdata), (16 bytes).
    Removing arm_const_structs.o(.constdata), (16 bytes).
    Removing arm_const_structs.o(.constdata), (16 bytes).
    Removing arm_const_structs.o(.constdata), (16 bytes).
    Removing arm_const_structs.o(.constdata), (16 bytes).
    Removing arm_const_structs.o(.constdata), (16 bytes).
    Removing arm_const_structs.o(.constdata), (16 bytes).
    Removing arm_const_structs.o(.constdata), (16 bytes).
    Removing arm_const_structs.o(.constdata), (16 bytes).
    Removing arm_const_structs.o(.constdata), (16 bytes).
    Removing arm_const_structs.o(.constdata), (16 bytes).
    Removing arm_const_structs.o(.constdata), (16 bytes).
    Removing arm_const_structs.o(.constdata), (16 bytes).
    Removing arm_const_structs.o(.constdata), (16 bytes).
    Removing arm_const_structs.o(.constdata), (16 bytes).
    Removing arm_const_structs.o(.constdata), (16 bytes).
    Removing arm_const_structs.o(.constdata), (16 bytes).
    Removing arm_const_structs.o(.constdata), (16 bytes).
    Removing arm_const_structs.o(.constdata), (16 bytes).
    Removing arm_const_structs.o(.constdata), (16 bytes).
    Removing arm_const_structs.o(.constdata), (16 bytes).
    Removing arm_const_structs.o(.constdata), (16 bytes).
    Removing arm_const_structs.o(.constdata), (16 bytes).
    Removing arm_const_structs.o(.constdata), (16 bytes).
    Removing arm_const_structs.o(.constdata), (16 bytes).
    Removing arm_const_structs.o(.constdata), (16 bytes).
    Removing arm_const_structs.o(.constdata), (24 bytes).
    Removing arm_const_structs.o(.constdata), (24 bytes).
    Removing arm_const_structs.o(.constdata), (24 bytes).
    Removing arm_const_structs.o(.constdata), (24 bytes).
    Removing arm_const_structs.o(.constdata), (24 bytes).
    Removing arm_const_structs.o(.constdata), (24 bytes).
    Removing arm_const_structs.o(.constdata), (24 bytes).
    Removing arm_const_structs.o(.constdata), (24 bytes).
    Removing arm_const_structs.o(.constdata), (24 bytes).
    Removing arm_const_structs.o(.constdata), (24 bytes).
    Removing arm_const_structs.o(.constdata), (24 bytes).
    Removing arm_const_structs.o(.constdata), (24 bytes).
    Removing arm_const_structs.o(.constdata), (24 bytes).
    Removing arm_const_structs.o(.constdata), (24 bytes).
    Removing arm_const_structs.o(.constdata), (24 bytes).
    Removing arm_const_structs.o(.constdata), (24 bytes).
    Removing arm_const_structs.o(.constdata), (24 bytes).
    Removing arm_const_structs.o(.constdata), (24 bytes).
    Removing arm_const_structs.o(.constdata), (24 bytes).
    Removing arm_const_structs.o(.constdata), (24 bytes).
    Removing arm_const_structs.o(.constdata), (24 bytes).
    Removing arm_const_structs.o(.constdata), (24 bytes).
    Removing arm_const_structs.o(.constdata), (24 bytes).
    Removing arm_const_structs.o(.constdata), (24 bytes).
    Removing arm_const_structs.o(.constdata), (24 bytes).
    Removing arm_const_structs.o(.constdata), (24 bytes).
    Removing cpu.o(.emb_text), (38 bytes).
    Removing arm_rfft_init_q15.o(.rev16_text), (4 bytes).
    Removing arm_rfft_init_q15.o(.revsh_text), (4 bytes).
    Removing arm_rfft_init_q15.o(.rrx_text), (6 bytes).
    Removing arm_rfft_init_q15.o(.text), (204 bytes).
    Removing arm_rfft_init_q15.o(.constdata), (32768 bytes).
    Removing arm_rfft_init_q31.o(.rev16_text), (4 bytes).
    Removing arm_rfft_init_q31.o(.revsh_text), (4 bytes).
    Removing arm_rfft_init_q31.o(.rrx_text), (6 bytes).
    Removing arm_rfft_init_q31.o(.text), (204 bytes).
    Removing arm_rfft_init_q31.o(.constdata), (65536 bytes).
    Removing arm_cfft_radix8_f32.o(.rev16_text), (4 bytes).
    Removing arm_cfft_radix8_f32.o(.revsh_text), (4 bytes).
    Removing arm_cfft_radix8_f32.o(.rrx_text), (6 bytes).
    Removing arm_common_tables.o(.rev16_text), (4 bytes).
    Removing arm_common_tables.o(.revsh_text), (4 bytes).
    Removing arm_common_tables.o(.rrx_text), (6 bytes).
    Removing arm_common_tables.o(.constdata), (2048 bytes).
    Removing arm_common_tables.o(.constdata), (128 bytes).
    Removing arm_common_tables.o(.constdata), (256 bytes).
    Removing arm_common_tables.o(.constdata), (512 bytes).
    Removing arm_common_tables.o(.constdata), (1024 bytes).
    Removing arm_common_tables.o(.constdata), (2048 bytes).
    Removing arm_common_tables.o(.constdata), (8192 bytes).
    Removing arm_common_tables.o(.constdata), (16384 bytes).
    Removing arm_common_tables.o(.constdata), (32768 bytes).
    Removing arm_common_tables.o(.constdata), (96 bytes).
    Removing arm_common_tables.o(.constdata), (192 bytes).
    Removing arm_common_tables.o(.constdata), (384 bytes).
    Removing arm_common_tables.o(.constdata), (768 bytes).
    Removing arm_common_tables.o(.constdata), (1536 bytes).
    Removing arm_common_tables.o(.constdata), (3072 bytes).
    Removing arm_common_tables.o(.constdata), (6144 bytes).
    Removing arm_common_tables.o(.constdata), (12288 bytes).
    Removing arm_common_tables.o(.constdata), (24576 bytes).
    Removing arm_common_tables.o(.constdata), (48 bytes).
    Removing arm_common_tables.o(.constdata), (96 bytes).
    Removing arm_common_tables.o(.constdata), (192 bytes).
    Removing arm_common_tables.o(.constdata), (384 bytes).
    Removing arm_common_tables.o(.constdata), (768 bytes).
    Removing arm_common_tables.o(.constdata), (1536 bytes).
    Removing arm_common_tables.o(.constdata), (3072 bytes).
    Removing arm_common_tables.o(.constdata), (6144 bytes).
    Removing arm_common_tables.o(.constdata), (12288 bytes).
    Removing arm_common_tables.o(.constdata), (128 bytes).
    Removing arm_common_tables.o(.constdata), (256 bytes).
    Removing arm_common_tables.o(.constdata), (40 bytes).
    Removing arm_common_tables.o(.constdata), (96 bytes).
    Removing arm_common_tables.o(.constdata), (112 bytes).
    Removing arm_common_tables.o(.constdata), (416 bytes).
    Removing arm_common_tables.o(.constdata), (880 bytes).
    Removing arm_common_tables.o(.constdata), (3600 bytes).
    Removing arm_common_tables.o(.constdata), (7616 bytes).
    Removing arm_common_tables.o(.constdata), (8064 bytes).
    Removing arm_common_tables.o(.constdata), (24 bytes).
    Removing arm_common_tables.o(.constdata), (48 bytes).
    Removing arm_common_tables.o(.constdata), (112 bytes).
    Removing arm_common_tables.o(.constdata), (224 bytes).
    Removing arm_common_tables.o(.constdata), (480 bytes).
    Removing arm_common_tables.o(.constdata), (960 bytes).
    Removing arm_common_tables.o(.constdata), (1984 bytes).
    Removing arm_common_tables.o(.constdata), (3968 bytes).
    Removing arm_common_tables.o(.constdata), (8064 bytes).
    Removing arm_common_tables.o(.constdata), (128 bytes).
    Removing arm_common_tables.o(.constdata), (256 bytes).
    Removing arm_common_tables.o(.constdata), (512 bytes).
    Removing arm_common_tables.o(.constdata), (1024 bytes).
    Removing arm_common_tables.o(.constdata), (2048 bytes).
    Removing arm_common_tables.o(.constdata), (4096 bytes).
    Removing arm_common_tables.o(.constdata), (8192 bytes).
    Removing arm_common_tables.o(.constdata), (16384 bytes).
    Removing arm_common_tables.o(.constdata), (2052 bytes).
    Removing arm_common_tables.o(.constdata), (2052 bytes).
    Removing arm_common_tables.o(.constdata), (1026 bytes).

346 unused section(s) (total 323500 bytes) removed from the image.

==============================================================================

Image Symbol Table

    Local Symbols

    Symbol Name                              Value     Ov Type        Size  Object(Section)

    RESET                                    0x00000000   Section      620  startup_tm4c123.o(RESET)
    ../clib/angel/boardlib.s                 0x00000000   Number         0  boardinit1.o ABSOLUTE
    ../clib/angel/boardlib.s                 0x00000000   Number         0  boardinit2.o ABSOLUTE
    ../clib/angel/boardlib.s                 0x00000000   Number         0  boardinit3.o ABSOLUTE
    ../clib/angel/boardlib.s                 0x00000000   Number         0  boardshut.o ABSOLUTE
    ../clib/angel/dclz77c.s                  0x00000000   Number         0  __dclz77c.o ABSOLUTE
    ../clib/angel/handlers.s                 0x00000000   Number         0  __scatter_zi.o ABSOLUTE
    ../clib/angel/kernel.s                   0x00000000   Number         0  __rtentry2.o ABSOLUTE
    ../clib/angel/kernel.s                   0x00000000   Number         0  __rtentry.o ABSOLUTE
    ../clib/angel/kernel.s                   0x00000000   Number         0  __rtentry4.o ABSOLUTE
    ../clib/angel/kernel.s                   0x00000000   Number         0  rtexit2.o ABSOLUTE
    ../clib/angel/kernel.s                   0x00000000   Number         0  rtexit.o ABSOLUTE
    ../clib/angel/rt.s                       0x00000000   Number         0  rt_raise.o ABSOLUTE
    ../clib/angel/rt.s                       0x00000000   Number         0  rt_errno_addr.o ABSOLUTE
    ../clib/angel/rt.s                       0x00000000   Number         0  rt_errno_addr_intlibspace.o ABSOLUTE
    ../clib/angel/scatter.s                  0x00000000   Number         0  __scatter.o ABSOLUTE
    ../clib/angel/startup.s                  0x00000000   Number         0  __main.o ABSOLUTE
    ../clib/angel/sys.s                      0x00000000   Number         0  libspace.o ABSOLUTE
    ../clib/angel/sys.s                      0x00000000   Number         0  sys_stackheap_outer.o ABSOLUTE
    ../clib/angel/sys.s                      0x00000000   Number         0  indicate_semi.o ABSOLUTE
    ../clib/angel/sys.s                      0x00000000   Number         0  use_no_semi.o ABSOLUTE
    ../clib/angel/sysapp.c                   0x00000000   Number         0  sys_wrch.o ABSOLUTE
    ../clib/angel/sysapp.c                   0x00000000   Number         0  sys_command.o ABSOLUTE
    ../clib/angel/sysapp.c                   0x00000000   Number         0  sys_exit.o ABSOLUTE
    ../clib/armsys.c                         0x00000000   Number         0  no_argv.o ABSOLUTE
    ../clib/armsys.c                         0x00000000   Number         0  _get_argv_nomalloc.o ABSOLUTE
    ../clib/armsys.c                         0x00000000   Number         0  argv_veneer.o ABSOLUTE
    ../clib/armsys.c                         0x00000000   Number         0  argv_veneer.o ABSOLUTE
    ../clib/fenv.c                           0x00000000   Number         0  _rserrno.o ABSOLUTE
    ../clib/heapalloc.c                      0x00000000   Number         0  hrguard.o ABSOLUTE
    ../clib/heapaux.c                        0x00000000   Number         0  heapauxi.o ABSOLUTE
    ../clib/libinit.s                        0x00000000   Number         0  libshutdown2.o ABSOLUTE
    ../clib/libinit.s                        0x00000000   Number         0  libshutdown.o ABSOLUTE
    ../clib/libinit.s                        0x00000000   Number         0  libinit.o ABSOLUTE
    ../clib/libinit.s                        0x00000000   Number         0  libinit2.o ABSOLUTE
    ../clib/memcpset.s                       0x00000000   Number         0  rt_memcpy_w.o ABSOLUTE
    ../clib/signal.c                         0x00000000   Number         0  defsig_stak_inner.o ABSOLUTE
    ../clib/signal.c                         0x00000000   Number         0  defsig_cppl_inner.o ABSOLUTE
    ../clib/signal.c                         0x00000000   Number         0  defsig_rtred_inner.o ABSOLUTE
    ../clib/signal.c                         0x00000000   Number         0  defsig_fpe_inner.o ABSOLUTE
    ../clib/signal.c                         0x00000000   Number         0  defsig_abrt_inner.o ABSOLUTE
    ../clib/signal.c                         0x00000000   Number         0  defsig_general.o ABSOLUTE
    ../clib/signal.c                         0x00000000   Number         0  __raise.o ABSOLUTE
    ../clib/signal.c                         0x00000000   Number         0  defsig_exit.o ABSOLUTE
    ../clib/signal.c                         0x00000000   Number         0  defsig_rtmem_inner.o ABSOLUTE
    ../clib/signal.c                         0x00000000   Number         0  defsig_rtmem_outer.o ABSOLUTE
    ../clib/signal.c                         0x00000000   Number         0  defsig_other.o ABSOLUTE
    ../clib/signal.c                         0x00000000   Number         0  defsig_segv_inner.o ABSOLUTE
    ../clib/signal.c                         0x00000000   Number         0  defsig_pvfn_inner.o ABSOLUTE
    ../clib/signal.c                         0x00000000   Number         0  defsig_rtmem_formal.o ABSOLUTE
    ../clib/signal.s                         0x00000000   Number         0  defsig.o ABSOLUTE
    ../clib/stdlib.c                         0x00000000   Number         0  exit.o ABSOLUTE
    ../fplib/fpinit.s                        0x00000000   Number         0  fpinit.o ABSOLUTE
    ../fplib/istatus.s                       0x00000000   Number         0  istatus.o ABSOLUTE
    ../fplib/usenofp.s                       0x00000000   Number         0  usenofp.o ABSOLUTE
    ../mathlib/expf.c                        0x00000000   Number         0  expf_x.o ABSOLUTE
    ../mathlib/expf.c                        0x00000000   Number         0  expf.o ABSOLUTE
    ../mathlib/fpclassifyf.c                 0x00000000   Number         0  fpclassifyf.o ABSOLUTE
    ../mathlib/funder.c                      0x00000000   Number         0  funder.o ABSOLUTE
    ../mathlib/logf.c                        0x00000000   Number         0  logf.o ABSOLUTE
    ../mathlib/logf.c                        0x00000000   Number         0  logf_x.o ABSOLUTE
    ..\..\Source\BasicMathFunctions\arm_dot_prod_f32.c 0x00000000   Number         0  arm_dot_prod_f32.o ABSOLUTE
    ..\..\Source\BasicMathFunctions\arm_mult_f32.c 0x00000000   Number         0  arm_mult_f32.o ABSOLUTE
    ..\..\Source\BasicMathFunctions\arm_scale_f32.c 0x00000000   Number         0  arm_scale_f32.o ABSOLUTE
    ..\..\Source\BasicMathFunctions\arm_sub_f32.c 0x00000000   Number         0  arm_sub_f32.o ABSOLUTE
    ..\..\Source\CommonTables\arm_common_tables.c 0x00000000   Number         0  arm_common_tables.o ABSOLUTE
    ..\..\Source\CommonTables\arm_const_structs.c 0x00000000   Number         0  arm_const_structs.o ABSOLUTE
    ..\..\Source\ComplexMathFunctions\arm_cmplx_mag_f32.c 0x00000000   Number         0  arm_cmplx_mag_f32.o ABSOLUTE
    ..\..\Source\MatrixFunctions\arm_mat_init_f32.c 0x00000000   Number         0  arm_mat_init_f32.o ABSOLUTE
    ..\..\Source\MatrixFunctions\arm_mat_mult_f32.c 0x00000000   Number         0  arm_mat_mult_f32.o ABSOLUTE
    ..\..\Source\StatisticsFunctions\arm_mean_f32.c 0x00000000   Number         0  arm_mean_f32.o ABSOLUTE
    ..\..\Source\SupportFunctions\arm_copy_f32.c 0x00000000   Number         0  arm_copy_f32.o ABSOLUTE
    ..\..\Source\SupportFunctions\arm_fill_f32.c 0x00000000   Number         0  arm_fill_f32.o ABSOLUTE
    ..\..\Source\TransformFunctions\arm_cfft_f32.c 0x00000000   Number         0  arm_cfft_f32.o ABSOLUTE
    ..\..\Source\TransformFunctions\arm_cfft_radix8_f32.c 0x00000000   Number         0  arm_cfft_radix8_f32.o ABSOLUTE
    ..\..\Source\TransformFunctions\arm_rfft_init_q15.c 0x00000000   Number         0  arm_rfft_init_q15.o ABSOLUTE
    ..\..\Source\TransformFunctions\arm_rfft_init_q31.c 0x00000000   Number         0  arm_rfft_init_q31.o ABSOLUTE
    ..\\..\\Source\\BasicMathFunctions\\arm_dot_prod_f32.c 0x00000000   Number         0  arm_dot_prod_f32.o ABSOLUTE
    ..\\..\\Source\\BasicMathFunctions\\arm_mult_f32.c 0x00000000   Number         0  arm_mult_f32.o ABSOLUTE
    ..\\..\\Source\\BasicMathFunctions\\arm_scale_f32.c 0x00000000   Number         0  arm_scale_f32.o ABSOLUTE
    ..\\..\\Source\\BasicMathFunctions\\arm_sub_f32.c 0x00000000   Number         0  arm_sub_f32.o ABSOLUTE
    ..\\..\\Source\\CommonTables\\arm_common_tables.c 0x00000000   Number         0  arm_common_tables.o ABSOLUTE
    ..\\..\\Source\\CommonTables\\arm_const_structs.c 0x00000000   Number         0  arm_const_structs.o ABSOLUTE
    ..\\..\\Source\\ComplexMathFunctions\\arm_cmplx_mag_f32.c 0x00000000   Number         0  arm_cmplx_mag_f32.o ABSOLUTE
    ..\\..\\Source\\MatrixFunctions\\arm_mat_init_f32.c 0x00000000   Number         0  arm_mat_init_f32.o ABSOLUTE
    ..\\..\\Source\\MatrixFunctions\\arm_mat_mult_f32.c 0x00000000   Number         0  arm_mat_mult_f32.o ABSOLUTE
    ..\\..\\Source\\StatisticsFunctions\\arm_mean_f32.c 0x00000000   Number         0  arm_mean_f32.o ABSOLUTE
    ..\\..\\Source\\SupportFunctions\\arm_copy_f32.c 0x00000000   Number         0  arm_copy_f32.o ABSOLUTE
    ..\\..\\Source\\SupportFunctions\\arm_fill_f32.c 0x00000000   Number         0  arm_fill_f32.o ABSOLUTE
    ..\\..\\Source\\TransformFunctions\\arm_bitreversal2.S 0x00000000   Number         0  arm_bitreversal2.o ABSOLUTE
    ..\\..\\Source\\TransformFunctions\\arm_cfft_f32.c 0x00000000   Number         0  arm_cfft_f32.o ABSOLUTE
    ..\\..\\Source\\TransformFunctions\\arm_cfft_radix8_f32.c 0x00000000   Number         0  arm_cfft_radix8_f32.o ABSOLUTE
    ..\\..\\Source\\TransformFunctions\\arm_rfft_init_q15.c 0x00000000   Number         0  arm_rfft_init_q15.o ABSOLUTE
    ..\\..\\Source\\TransformFunctions\\arm_rfft_init_q31.c 0x00000000   Number         0  arm_rfft_init_q31.o ABSOLUTE
    ..\\arm_fft_bin_data.c                   0x00000000   Number         0  arm_fft_bin_data.o ABSOLUTE
    ..\\main.c                               0x00000000   Number         0  main.o ABSOLUTE
    ..\arm_fft_bin_data.c                    0x00000000   Number         0  arm_fft_bin_data.o ABSOLUTE
    ..\main.c                                0x00000000   Number         0  main.o ABSOLUTE
    RTE\Device\TM4C123GH6PM\startup_TM4C123.s 0x00000000   Number         0  startup_tm4c123.o ABSOLUTE
    RTE\Device\TM4C123GH6PM\system_TM4C123.c 0x00000000   Number         0  system_tm4c123.o ABSOLUTE
    RTE\\Device\\TM4C123GH6PM\\system_TM4C123.c 0x00000000   Number         0  system_tm4c123.o ABSOLUTE
    adc.c                                    0x00000000   Number         0  adc.o ABSOLUTE
    cpu.c                                    0x00000000   Number         0  cpu.o ABSOLUTE
    cpu.c                                    0x00000000   Number         0  cpu.o ABSOLUTE
    dc.s                                     0x00000000   Number         0  dc.o ABSOLUTE
    gpio.c                                   0x00000000   Number         0  gpio.o ABSOLUTE
    interrupt.c                              0x00000000   Number         0  interrupt.o ABSOLUTE
    mfcc.c                                   0x00000000   Number         0  mfcc.o ABSOLUTE
    mfcc.c                                   0x00000000   Number         0  mfcc.o ABSOLUTE
    sysctl.c                                 0x00000000   Number         0  sysctl.o ABSOLUTE
    sysctl.c                                 0x00000000   Number         0  sysctl.o ABSOLUTE
    udma.c                                   0x00000000   Number         0  udma.o ABSOLUTE
    !!!main                                  0x0000026c   Section        8  __main.o(!!!main)
    !!!scatter                               0x00000274   Section       52  __scatter.o(!!!scatter)
    !!dclz77c                                0x000002a8   Section      100  __dclz77c.o(!!dclz77c)
    !!handler_zi                             0x0000030c   Section       28  __scatter_zi.o(!!handler_zi)
    . text                                   0x00000328   Section      192  arm_bitreversal2.o(. text)
    $v0                                      0x00000328   Number         0  arm_bitreversal2.o(. text)
    .ARM.Collect$$libinit$$00000000          0x000003e8   Section        2  libinit.o(.ARM.Collect$$libinit$$00000000)
    .ARM.Collect$$libinit$$00000001          0x000003ea   Section        4  libinit2.o(.ARM.Collect$$libinit$$00000001)
    .ARM.Collect$$libinit$$00000004          0x000003ee   Section        0  libinit2.o(.ARM.Collect$$libinit$$00000004)
    .ARM.Collect$$libinit$$0000000A          0x000003ee   Section        0  libinit2.o(.ARM.Collect$$libinit$$0000000A)
    .ARM.Collect$$libinit$$0000000C          0x000003ee   Section        0  libinit2.o(.ARM.Collect$$libinit$$0000000C)
    .ARM.Collect$$libinit$$0000000E          0x000003ee   Section        0  libinit2.o(.ARM.Collect$$libinit$$0000000E)
    .ARM.Collect$$libinit$$00000011          0x000003ee   Section        0  libinit2.o(.ARM.Collect$$libinit$$00000011)
    .ARM.Collect$$libinit$$00000013          0x000003ee   Section        0  libinit2.o(.ARM.Collect$$libinit$$00000013)
    .ARM.Collect$$libinit$$00000015          0x000003ee   Section        0  libinit2.o(.ARM.Collect$$libinit$$00000015)
    .ARM.Collect$$libinit$$00000017          0x000003ee   Section        0  libinit2.o(.ARM.Collect$$libinit$$00000017)
    .ARM.Collect$$libinit$$00000019          0x000003ee   Section        0  libinit2.o(.ARM.Collect$$libinit$$00000019)
    .ARM.Collect$$libinit$$0000001B          0x000003ee   Section        0  libinit2.o(.ARM.Collect$$libinit$$0000001B)
    .ARM.Collect$$libinit$$0000001D          0x000003ee   Section        0  libinit2.o(.ARM.Collect$$libinit$$0000001D)
    .ARM.Collect$$libinit$$0000001F          0x000003ee   Section        0  libinit2.o(.ARM.Collect$$libinit$$0000001F)
    .ARM.Collect$$libinit$$00000021          0x000003ee   Section        0  libinit2.o(.ARM.Collect$$libinit$$00000021)
    .ARM.Collect$$libinit$$00000023          0x000003ee   Section        0  libinit2.o(.ARM.Collect$$libinit$$00000023)
    .ARM.Collect$$libinit$$00000025          0x000003ee   Section        0  libinit2.o(.ARM.Collect$$libinit$$00000025)
    .ARM.Collect$$libinit$$0000002C          0x000003ee   Section        0  libinit2.o(.ARM.Collect$$libinit$$0000002C)
    .ARM.Collect$$libinit$$0000002E          0x000003ee   Section        0  libinit2.o(.ARM.Collect$$libinit$$0000002E)
    .ARM.Collect$$libinit$$00000030          0x000003ee   Section        0  libinit2.o(.ARM.Collect$$libinit$$00000030)
    .ARM.Collect$$libinit$$00000032          0x000003ee   Section        0  libinit2.o(.ARM.Collect$$libinit$$00000032)
    .ARM.Collect$$libinit$$00000033          0x000003ee   Section        2  libinit2.o(.ARM.Collect$$libinit$$00000033)
    .ARM.Collect$$libshutdown$$00000000      0x000003f0   Section        2  libshutdown.o(.ARM.Collect$$libshutdown$$00000000)
    .ARM.Collect$$libshutdown$$00000002      0x000003f2   Section        0  libshutdown2.o(.ARM.Collect$$libshutdown$$00000002)
    .ARM.Collect$$libshutdown$$00000004      0x000003f2   Section        0  libshutdown2.o(.ARM.Collect$$libshutdown$$00000004)
    .ARM.Collect$$libshutdown$$00000007      0x000003f2   Section        0  libshutdown2.o(.ARM.Collect$$libshutdown$$00000007)
    .ARM.Collect$$libshutdown$$0000000A      0x000003f2   Section        0  libshutdown2.o(.ARM.Collect$$libshutdown$$0000000A)
    .ARM.Collect$$libshutdown$$0000000C      0x000003f2   Section        0  libshutdown2.o(.ARM.Collect$$libshutdown$$0000000C)
    .ARM.Collect$$libshutdown$$0000000F      0x000003f2   Section        0  libshutdown2.o(.ARM.Collect$$libshutdown$$0000000F)
    .ARM.Collect$$libshutdown$$00000010      0x000003f2   Section        2  libshutdown2.o(.ARM.Collect$$libshutdown$$00000010)
    .ARM.Collect$$rtentry$$00000000          0x000003f4   Section        0  __rtentry.o(.ARM.Collect$$rtentry$$00000000)
    .ARM.Collect$$rtentry$$00000002          0x000003f4   Section        0  __rtentry2.o(.ARM.Collect$$rtentry$$00000002)
    .ARM.Collect$$rtentry$$00000004          0x000003f4   Section        6  __rtentry4.o(.ARM.Collect$$rtentry$$00000004)
    .ARM.Collect$$rtentry$$00000009          0x000003fa   Section        0  __rtentry2.o(.ARM.Collect$$rtentry$$00000009)
    .ARM.Collect$$rtentry$$0000000A          0x000003fa   Section        4  __rtentry2.o(.ARM.Collect$$rtentry$$0000000A)
    .ARM.Collect$$rtentry$$0000000C          0x000003fe   Section        0  __rtentry2.o(.ARM.Collect$$rtentry$$0000000C)
    .ARM.Collect$$rtentry$$0000000D          0x000003fe   Section        8  __rtentry2.o(.ARM.Collect$$rtentry$$0000000D)
    .ARM.Collect$$rtexit$$00000000           0x00000406   Section        2  rtexit.o(.ARM.Collect$$rtexit$$00000000)
    .ARM.Collect$$rtexit$$00000002           0x00000408   Section        0  rtexit2.o(.ARM.Collect$$rtexit$$00000002)
    .ARM.Collect$$rtexit$$00000003           0x00000408   Section        4  rtexit2.o(.ARM.Collect$$rtexit$$00000003)
    .ARM.Collect$$rtexit$$00000004           0x0000040c   Section        6  rtexit2.o(.ARM.Collect$$rtexit$$00000004)
    .emb_text                                0x00000414   Section        6  sysctl.o(.emb_text)
    $v0                                      0x00000414   Number         0  sysctl.o(.emb_text)
    .text                                    0x0000041c   Section      280  startup_tm4c123.o(.text)
    $v0                                      0x0000041c   Number         0  startup_tm4c123.o(.text)
    .text                                    0x00000534   Section        0  arm_dot_prod_f32.o(.text)
    .text                                    0x00000638   Section        0  arm_mult_f32.o(.text)
    .text                                    0x0000070c   Section        0  arm_scale_f32.o(.text)
    .text                                    0x000007a4   Section        0  arm_sub_f32.o(.text)
    .text                                    0x00000878   Section        0  arm_cmplx_mag_f32.o(.text)
    .text                                    0x00000974   Section        0  arm_mat_init_f32.o(.text)
    .text                                    0x0000097c   Section        0  arm_mat_mult_f32.o(.text)
    .text                                    0x00000ab8   Section        0  arm_cfft_f32.o(.text)
    .text                                    0x000011dc   Section        0  arm_mean_f32.o(.text)
    .text                                    0x0000126c   Section        0  arm_copy_f32.o(.text)
    .text                                    0x000012f0   Section        0  arm_fill_f32.o(.text)
    .text                                    0x00001384   Section        0  arm_cfft_radix8_f32.o(.text)
    .text                                    0x00001860   Section      100  rt_memcpy_w.o(.text)
    .text                                    0x000018c4   Section        0  heapauxi.o(.text)
    .text                                    0x000018ca   Section        0  _rserrno.o(.text)
    .text                                    0x000018e0   Section        8  rt_errno_addr_intlibspace.o(.text)
    .text                                    0x000018e8   Section        8  libspace.o(.text)
    .text                                    0x000018f0   Section       74  sys_stackheap_outer.o(.text)
    .text                                    0x0000193a   Section        0  exit.o(.text)
    .text                                    0x0000194c   Section        0  sys_exit.o(.text)
    .text                                    0x00001958   Section        2  use_no_semi.o(.text)
    .text                                    0x0000195a   Section        0  indicate_semi.o(.text)
    i.ADC0SS0_Handler                        0x0000195c   Section        0  main.o(i.ADC0SS0_Handler)
    i.ADCClockConfigSet                      0x000019f8   Section        0  adc.o(i.ADCClockConfigSet)
    i.ADCIntClear                            0x00001a14   Section        0  adc.o(i.ADCIntClear)
    i.ADCIntDisable                          0x00001a1e   Section        0  adc.o(i.ADCIntDisable)
    i.ADCIntEnable                           0x00001a2e   Section        0  adc.o(i.ADCIntEnable)
    i.ADCSequenceDMAEnable                   0x00001a3e   Section        0  adc.o(i.ADCSequenceDMAEnable)
    i.GPIODirModeSet                         0x00001a4e   Section        0  gpio.o(i.GPIODirModeSet)
    i.GPIOPadConfigSet                       0x00001a76   Section        0  gpio.o(i.GPIOPadConfigSet)
    i.GPIOPinTypeADC                         0x00001bae   Section        0  gpio.o(i.GPIOPinTypeADC)
    i.IntDisable                             0x00001bcc   Section        0  interrupt.o(i.IntDisable)
    i.IntEnable                              0x00001c30   Section        0  interrupt.o(i.IntEnable)
    i.SysCtlClockGet                         0x00001c94   Section        0  sysctl.o(i.SysCtlClockGet)
    i.SysCtlClockSet                         0x00001de8   Section        0  sysctl.o(i.SysCtlClockSet)
    i.SysTick_Handler                        0x00001f08   Section        0  main.o(i.SysTick_Handler)
    i.SystemInit                             0x00001f18   Section        0  system_tm4c123.o(i.SystemInit)
    i.UDMAERR_Handler                        0x00001fb0   Section        0  main.o(i.UDMAERR_Handler)
    i.__ARM_fpclassifyf                      0x00001fdc   Section        0  fpclassifyf.o(i.__ARM_fpclassifyf)
    i.__hardfp_expf                          0x00002004   Section        0  expf.o(i.__hardfp_expf)
    i.__hardfp_logf                          0x000021ec   Section        0  logf.o(i.__hardfp_logf)
    i.__mathlib_flt_divzero                  0x00002358   Section        0  funder.o(i.__mathlib_flt_divzero)
    i.__mathlib_flt_infnan                   0x0000236c   Section        0  funder.o(i.__mathlib_flt_infnan)
    i.__mathlib_flt_invalid                  0x00002374   Section        0  funder.o(i.__mathlib_flt_invalid)
    i.__mathlib_flt_overflow                 0x00002384   Section        0  funder.o(i.__mathlib_flt_overflow)
    i.__mathlib_flt_underflow                0x00002394   Section        0  funder.o(i.__mathlib_flt_underflow)
    i.emission                               0x000023a4   Section        0  main.o(i.emission)
    i.forward_step                           0x0000245c   Section        0  main.o(i.forward_step)
    i.getMFCC                                0x000024e8   Section        0  mfcc.o(i.getMFCC)
    i.init_ADC                               0x00002648   Section        0  main.o(i.init_ADC)
    i.init_forward                           0x0000273c   Section        0  main.o(i.init_forward)
    i.init_peripherals                       0x000027ac   Section        0  main.o(i.init_peripherals)
    i.main                                   0x000028a4   Section        0  main.o(i.main)
    i.uDMAChannelAttributeDisable            0x00002b98   Section        0  udma.o(i.uDMAChannelAttributeDisable)
    i.uDMAChannelAttributeEnable             0x00002be0   Section        0  udma.o(i.uDMAChannelAttributeEnable)
    i.uDMAChannelControlSet                  0x00002c28   Section        0  udma.o(i.uDMAChannelControlSet)
    i.uDMAChannelEnable                      0x00002c48   Section        0  udma.o(i.uDMAChannelEnable)
    i.uDMAChannelTransferSet                 0x00002c5c   Section        0  udma.o(i.uDMAChannelTransferSet)
    i.uDMAControlBaseSet                     0x00002cdc   Section        0  udma.o(i.uDMAControlBaseSet)
    i.uDMAEnable                             0x00002ce8   Section        0  udma.o(i.uDMAEnable)
    x$fpl$fpinit                             0x00002cf4   Section       10  fpinit.o(x$fpl$fpinit)
    $v0                                      0x00002cf4   Number         0  fpinit.o(x$fpl$fpinit)
    x$fpl$usenofp                            0x00002cfe   Section        0  usenofp.o(x$fpl$usenofp)
    .constdata                               0x00002d00   Section     1408  mfcc.o(.constdata)
    .constdata                               0x00003280   Section      268  interrupt.o(.constdata)
    g_pui32Priority                          0x00003280   Data          32  interrupt.o(.constdata)
    g_pui32Regs                              0x000032a0   Data         156  interrupt.o(.constdata)
    g_pui32EnRegs                            0x0000333c   Data          20  interrupt.o(.constdata)
    g_pui32Dii16Regs                         0x00003350   Data          20  interrupt.o(.constdata)
    g_pui32PendRegs                          0x00003364   Data          20  interrupt.o(.constdata)
    g_pui32UnpendRegs                        0x00003378   Data          20  interrupt.o(.constdata)
    .constdata                               0x0000338c   Section      596  sysctl.o(.constdata)
    g_pui32VCOFrequencies                    0x0000338c   Data           8  sysctl.o(.constdata)
    g_pui32Xtals                             0x00003394   Data         108  sysctl.o(.constdata)
    g_pppui32XTALtoVCO                       0x00003400   Data         432  sysctl.o(.constdata)
    g_sXTALtoMEMTIM                          0x000035b0   Data          48  sysctl.o(.constdata)
    .constdata                               0x000035e0   Section       16  arm_const_structs.o(.constdata)
    .constdata                               0x000035f0   Section     4096  arm_common_tables.o(.constdata)
    .constdata                               0x000045f0   Section      896  arm_common_tables.o(.constdata)
    .constdata                               0x00004970   Section       48  expf.o(.constdata)
    twotokover4top                           0x00004970   Data          16  expf.o(.constdata)
    twotokover4bot                           0x00004980   Data          16  expf.o(.constdata)
    twotokover4all                           0x00004990   Data          16  expf.o(.constdata)
    .constdata                               0x000049a0   Section       64  logf.o(.constdata)
    logahi                                   0x000049a0   Data          32  logf.o(.constdata)
    logalo                                   0x000049c0   Data          32  logf.o(.constdata)
    .data                                    0x20000000   Section     3300  main.o(.data)
    a                                        0x20000ccc   Data           4  main.o(.data)
    min                                      0x20000cd0   Data           4  main.o(.data)
    time                                     0x20000cd4   Data           4  main.o(.data)
    a_old                                    0x20000cd8   Data           4  main.o(.data)
    min_power                                0x20000cdc   Data           4  main.o(.data)
    plavo                                    0x20000ce0   Data           4  main.o(.data)
    .data                                    0x20000ce4   Section     2048  mfcc.o(.data)
    .bss                                     0x200014e4   Section     9136  main.o(.bss)
    input_f32_16khz                          0x20001ce4   Data        4096  main.o(.bss)
    observations                             0x20002de4   Data        2736  main.o(.bss)
    .bss                                     0x20003894   Section       96  libspace.o(.bss)
    HEAP                                     0x200038f8   Section     3072  startup_tm4c123.o(HEAP)
    Heap_Mem                                 0x200038f8   Data        3072  startup_tm4c123.o(HEAP)
    STACK                                    0x200044f8   Section     2048  startup_tm4c123.o(STACK)
    Stack_Mem                                0x200044f8   Data        2048  startup_tm4c123.o(STACK)
    __initial_sp                             0x20004cf8   Data           0  startup_tm4c123.o(STACK)

    Global Symbols

    Symbol Name                              Value     Ov Type        Size  Object(Section)

    BuildAttributes$$THM_ISAv4$E$P$D$K$B$S$7EM$VFPi3$EXTD16$VFPS$VFMA$PE$A:L22UL41UL21$X:L11$S22US41US21$IEEE1$IW$USESV6$~STKCKD$USESV7$~SHL$OTIME$ROPI$IEEEX$EBA8$UX$STANDARDLIB$REQ8$PRES8$EABIv2 0x00000000   Number         0  anon$$obj.o ABSOLUTE
    __ARM_use_no_argv                        0x00000000   Number         0  main.o ABSOLUTE
    __Vectors                                0x00000000   Data           4  startup_tm4c123.o(RESET)
    __ARM_exceptions_init                     - Undefined Weak Reference
    __alloca_initialize                       - Undefined Weak Reference
    __arm_preinit_                            - Undefined Weak Reference
    __cpp_initialize__aeabi_                  - Undefined Weak Reference
    __cxa_finalize                            - Undefined Weak Reference
    __rt_locale                               - Undefined Weak Reference
    __sigvec_lookup                           - Undefined Weak Reference
    _atexit_init                              - Undefined Weak Reference
    _call_atexit_fns                          - Undefined Weak Reference
    _clock_init                               - Undefined Weak Reference
    _fp_trap_init                             - Undefined Weak Reference
    _fp_trap_shutdown                         - Undefined Weak Reference
    _get_lc_collate                           - Undefined Weak Reference
    _get_lc_ctype                             - Undefined Weak Reference
    _get_lc_monetary                          - Undefined Weak Reference
    _get_lc_numeric                           - Undefined Weak Reference
    _get_lc_time                              - Undefined Weak Reference
    _getenv_init                              - Undefined Weak Reference
    _handle_redirection                       - Undefined Weak Reference
    _init_alloc                               - Undefined Weak Reference
    _init_user_alloc                          - Undefined Weak Reference
    _initio                                   - Undefined Weak Reference
    _rand_init                                - Undefined Weak Reference
    _signal_finish                            - Undefined Weak Reference
    _signal_init                              - Undefined Weak Reference
    _terminate_alloc                          - Undefined Weak Reference
    _terminate_user_alloc                     - Undefined Weak Reference
    _terminateio                              - Undefined Weak Reference
    __Vectors_End                            0x0000026c   Data           0  startup_tm4c123.o(RESET)
    __Vectors_Size                           0x0000026c   Number         0  startup_tm4c123.o ABSOLUTE
    __main                                   0x0000026d   Thumb Code     8  __main.o(!!!main)
    __scatterload                            0x00000275   Thumb Code     0  __scatter.o(!!!scatter)
    __scatterload_rt2                        0x00000275   Thumb Code    44  __scatter.o(!!!scatter)
    __scatterload_rt2_thumb_only             0x00000275   Thumb Code     0  __scatter.o(!!!scatter)
    __scatterload_null                       0x00000283   Thumb Code     0  __scatter.o(!!!scatter)
    __decompress                             0x000002a9   Thumb Code   100  __dclz77c.o(!!dclz77c)
    __decompress2                            0x000002a9   Thumb Code     0  __dclz77c.o(!!dclz77c)
    __scatterload_zeroinit                   0x0000030d   Thumb Code    28  __scatter_zi.o(!!handler_zi)
    arm_bitreversal_32                       0x00000329   Thumb Code   106  arm_bitreversal2.o(. text)
    arm_bitreversal_16                       0x00000393   Thumb Code    86  arm_bitreversal2.o(. text)
    __rt_lib_init                            0x000003e9   Thumb Code     0  libinit.o(.ARM.Collect$$libinit$$00000000)
    __rt_lib_init_fp_1                       0x000003eb   Thumb Code     0  libinit2.o(.ARM.Collect$$libinit$$00000001)
    __rt_lib_init_alloca_1                   0x000003ef   Thumb Code     0  libinit2.o(.ARM.Collect$$libinit$$0000002E)
    __rt_lib_init_argv_1                     0x000003ef   Thumb Code     0  libinit2.o(.ARM.Collect$$libinit$$0000002C)
    __rt_lib_init_atexit_1                   0x000003ef   Thumb Code     0  libinit2.o(.ARM.Collect$$libinit$$0000001B)
    __rt_lib_init_clock_1                    0x000003ef   Thumb Code     0  libinit2.o(.ARM.Collect$$libinit$$00000021)
    __rt_lib_init_cpp_1                      0x000003ef   Thumb Code     0  libinit2.o(.ARM.Collect$$libinit$$00000032)
    __rt_lib_init_exceptions_1               0x000003ef   Thumb Code     0  libinit2.o(.ARM.Collect$$libinit$$00000030)
    __rt_lib_init_fp_trap_1                  0x000003ef   Thumb Code     0  libinit2.o(.ARM.Collect$$libinit$$0000001F)
    __rt_lib_init_getenv_1                   0x000003ef   Thumb Code     0  libinit2.o(.ARM.Collect$$libinit$$00000023)
    __rt_lib_init_heap_1                     0x000003ef   Thumb Code     0  libinit2.o(.ARM.Collect$$libinit$$0000000A)
    __rt_lib_init_lc_collate_1               0x000003ef   Thumb Code     0  libinit2.o(.ARM.Collect$$libinit$$00000011)
    __rt_lib_init_lc_ctype_1                 0x000003ef   Thumb Code     0  libinit2.o(.ARM.Collect$$libinit$$00000013)
    __rt_lib_init_lc_monetary_1              0x000003ef   Thumb Code     0  libinit2.o(.ARM.Collect$$libinit$$00000015)
    __rt_lib_init_lc_numeric_1               0x000003ef   Thumb Code     0  libinit2.o(.ARM.Collect$$libinit$$00000017)
    __rt_lib_init_lc_time_1                  0x000003ef   Thumb Code     0  libinit2.o(.ARM.Collect$$libinit$$00000019)
    __rt_lib_init_preinit_1                  0x000003ef   Thumb Code     0  libinit2.o(.ARM.Collect$$libinit$$00000004)
    __rt_lib_init_rand_1                     0x000003ef   Thumb Code     0  libinit2.o(.ARM.Collect$$libinit$$0000000E)
    __rt_lib_init_return                     0x000003ef   Thumb Code     0  libinit2.o(.ARM.Collect$$libinit$$00000033)
    __rt_lib_init_signal_1                   0x000003ef   Thumb Code     0  libinit2.o(.ARM.Collect$$libinit$$0000001D)
    __rt_lib_init_stdio_1                    0x000003ef   Thumb Code     0  libinit2.o(.ARM.Collect$$libinit$$00000025)
    __rt_lib_init_user_alloc_1               0x000003ef   Thumb Code     0  libinit2.o(.ARM.Collect$$libinit$$0000000C)
    __rt_lib_shutdown                        0x000003f1   Thumb Code     0  libshutdown.o(.ARM.Collect$$libshutdown$$00000000)
    __rt_lib_shutdown_cpp_1                  0x000003f3   Thumb Code     0  libshutdown2.o(.ARM.Collect$$libshutdown$$00000002)
    __rt_lib_shutdown_fp_trap_1              0x000003f3   Thumb Code     0  libshutdown2.o(.ARM.Collect$$libshutdown$$00000007)
    __rt_lib_shutdown_heap_1                 0x000003f3   Thumb Code     0  libshutdown2.o(.ARM.Collect$$libshutdown$$0000000F)
    __rt_lib_shutdown_return                 0x000003f3   Thumb Code     0  libshutdown2.o(.ARM.Collect$$libshutdown$$00000010)
    __rt_lib_shutdown_signal_1               0x000003f3   Thumb Code     0  libshutdown2.o(.ARM.Collect$$libshutdown$$0000000A)
    __rt_lib_shutdown_stdio_1                0x000003f3   Thumb Code     0  libshutdown2.o(.ARM.Collect$$libshutdown$$00000004)
    __rt_lib_shutdown_user_alloc_1           0x000003f3   Thumb Code     0  libshutdown2.o(.ARM.Collect$$libshutdown$$0000000C)
    __rt_entry                               0x000003f5   Thumb Code     0  __rtentry.o(.ARM.Collect$$rtentry$$00000000)
    __rt_entry_presh_1                       0x000003f5   Thumb Code     0  __rtentry2.o(.ARM.Collect$$rtentry$$00000002)
    __rt_entry_sh                            0x000003f5   Thumb Code     0  __rtentry4.o(.ARM.Collect$$rtentry$$00000004)
    __rt_entry_li                            0x000003fb   Thumb Code     0  __rtentry2.o(.ARM.Collect$$rtentry$$0000000A)
    __rt_entry_postsh_1                      0x000003fb   Thumb Code     0  __rtentry2.o(.ARM.Collect$$rtentry$$00000009)
    __rt_entry_main                          0x000003ff   Thumb Code     0  __rtentry2.o(.ARM.Collect$$rtentry$$0000000D)
    __rt_entry_postli_1                      0x000003ff   Thumb Code     0  __rtentry2.o(.ARM.Collect$$rtentry$$0000000C)
    __rt_exit                                0x00000407   Thumb Code     0  rtexit.o(.ARM.Collect$$rtexit$$00000000)
    __rt_exit_ls                             0x00000409   Thumb Code     0  rtexit2.o(.ARM.Collect$$rtexit$$00000003)
    __rt_exit_prels_1                        0x00000409   Thumb Code     0  rtexit2.o(.ARM.Collect$$rtexit$$00000002)
    __rt_exit_exit                           0x0000040d   Thumb Code     0  rtexit2.o(.ARM.Collect$$rtexit$$00000004)
    SysCtlDelay                              0x00000415   Thumb Code     6  sysctl.o(.emb_text)
    Reset_Handler                            0x0000041d   Thumb Code     8  startup_tm4c123.o(.text)
    NMI_Handler                              0x00000425   Thumb Code     2  startup_tm4c123.o(.text)
    HardFault_Handler                        0x00000427   Thumb Code     2  startup_tm4c123.o(.text)
    MemManage_Handler                        0x00000429   Thumb Code     2  startup_tm4c123.o(.text)
    BusFault_Handler                         0x0000042b   Thumb Code     2  startup_tm4c123.o(.text)
    UsageFault_Handler                       0x0000042d   Thumb Code     2  startup_tm4c123.o(.text)
    SVC_Handler                              0x0000042f   Thumb Code     2  startup_tm4c123.o(.text)
    DebugMon_Handler                         0x00000431   Thumb Code     2  startup_tm4c123.o(.text)
    PendSV_Handler                           0x00000433   Thumb Code     2  startup_tm4c123.o(.text)
    GPIOA_Handler                            0x00000437   Thumb Code     2  startup_tm4c123.o(.text)
    GPIOB_Handler                            0x00000439   Thumb Code     2  startup_tm4c123.o(.text)
    GPIOC_Handler                            0x0000043b   Thumb Code     2  startup_tm4c123.o(.text)
    GPIOD_Handler                            0x0000043d   Thumb Code     2  startup_tm4c123.o(.text)
    GPIOE_Handler                            0x0000043f   Thumb Code     2  startup_tm4c123.o(.text)
    UART0_Handler                            0x00000441   Thumb Code     2  startup_tm4c123.o(.text)
    UART1_Handler                            0x00000443   Thumb Code     2  startup_tm4c123.o(.text)
    SSI0_Handler                             0x00000445   Thumb Code     2  startup_tm4c123.o(.text)
    I2C0_Handler                             0x00000447   Thumb Code     2  startup_tm4c123.o(.text)
    PMW0_FAULT_Handler                       0x00000449   Thumb Code     2  startup_tm4c123.o(.text)
    PWM0_0_Handler                           0x0000044b   Thumb Code     2  startup_tm4c123.o(.text)
    PWM0_1_Handler                           0x0000044d   Thumb Code     2  startup_tm4c123.o(.text)
    PWM0_2_Handler                           0x0000044f   Thumb Code     2  startup_tm4c123.o(.text)
    QEI0_Handler                             0x00000451   Thumb Code     2  startup_tm4c123.o(.text)
    ADC0SS1_Handler                          0x00000455   Thumb Code     2  startup_tm4c123.o(.text)
    ADC0SS2_Handler                          0x00000457   Thumb Code     2  startup_tm4c123.o(.text)
    ADC0SS3_Handler                          0x00000459   Thumb Code     2  startup_tm4c123.o(.text)
    WDT0_Handler                             0x0000045b   Thumb Code     2  startup_tm4c123.o(.text)
    TIMER0A_Handler                          0x0000045d   Thumb Code     2  startup_tm4c123.o(.text)
    TIMER0B_Handler                          0x0000045f   Thumb Code     2  startup_tm4c123.o(.text)
    TIMER1A_Handler                          0x00000461   Thumb Code     2  startup_tm4c123.o(.text)
    TIMER1B_Handler                          0x00000463   Thumb Code     2  startup_tm4c123.o(.text)
    TIMER2A_Handler                          0x00000465   Thumb Code     2  startup_tm4c123.o(.text)
    TIMER2B_Handler                          0x00000467   Thumb Code     2  startup_tm4c123.o(.text)
    COMP0_Handler                            0x00000469   Thumb Code     2  startup_tm4c123.o(.text)
    COMP1_Handler                            0x0000046b   Thumb Code     2  startup_tm4c123.o(.text)
    COMP2_Handler                            0x0000046d   Thumb Code     2  startup_tm4c123.o(.text)
    SYSCTL_Handler                           0x0000046f   Thumb Code     2  startup_tm4c123.o(.text)
    FLASH_Handler                            0x00000471   Thumb Code     2  startup_tm4c123.o(.text)
    GPIOF_Handler                            0x00000473   Thumb Code     2  startup_tm4c123.o(.text)
    GPIOG_Handler                            0x00000475   Thumb Code     2  startup_tm4c123.o(.text)
    GPIOH_Handler                            0x00000477   Thumb Code     2  startup_tm4c123.o(.text)
    UART2_Handler                            0x00000479   Thumb Code     2  startup_tm4c123.o(.text)
    SSI1_Handler                             0x0000047b   Thumb Code     2  startup_tm4c123.o(.text)
    TIMER3A_Handler                          0x0000047d   Thumb Code     2  startup_tm4c123.o(.text)
    TIMER3B_Handler                          0x0000047f   Thumb Code     2  startup_tm4c123.o(.text)
    I2C1_Handler                             0x00000481   Thumb Code     2  startup_tm4c123.o(.text)
    QEI1_Handler                             0x00000483   Thumb Code     2  startup_tm4c123.o(.text)
    CAN0_Handler                             0x00000485   Thumb Code     2  startup_tm4c123.o(.text)
    CAN1_Handler                             0x00000487   Thumb Code     2  startup_tm4c123.o(.text)
    CAN2_Handler                             0x00000489   Thumb Code     2  startup_tm4c123.o(.text)
    HIB_Handler                              0x0000048b   Thumb Code     2  startup_tm4c123.o(.text)
    USB0_Handler                             0x0000048d   Thumb Code     2  startup_tm4c123.o(.text)
    PWM0_3_Handler                           0x0000048f   Thumb Code     2  startup_tm4c123.o(.text)
    UDMA_Handler                             0x00000491   Thumb Code     2  startup_tm4c123.o(.text)
    ADC1SS0_Handler                          0x00000495   Thumb Code     2  startup_tm4c123.o(.text)
    ADC1SS1_Handler                          0x00000497   Thumb Code     2  startup_tm4c123.o(.text)
    ADC1SS2_Handler                          0x00000499   Thumb Code     2  startup_tm4c123.o(.text)
    ADC1SS3_Handler                          0x0000049b   Thumb Code     2  startup_tm4c123.o(.text)
    GPIOJ_Handler                            0x0000049d   Thumb Code     2  startup_tm4c123.o(.text)
    GPIOK_Handler                            0x0000049f   Thumb Code     2  startup_tm4c123.o(.text)
    GPIOL_Handler                            0x000004a1   Thumb Code     2  startup_tm4c123.o(.text)
    SSI2_Handler                             0x000004a3   Thumb Code     2  startup_tm4c123.o(.text)
    SSI3_Handler                             0x000004a5   Thumb Code     2  startup_tm4c123.o(.text)
    UART3_Handler                            0x000004a7   Thumb Code     2  startup_tm4c123.o(.text)
    UART4_Handler                            0x000004a9   Thumb Code     2  startup_tm4c123.o(.text)
    UART5_Handler                            0x000004ab   Thumb Code     2  startup_tm4c123.o(.text)
    UART6_Handler                            0x000004ad   Thumb Code     2  startup_tm4c123.o(.text)
    UART7_Handler                            0x000004af   Thumb Code     2  startup_tm4c123.o(.text)
    I2C2_Handler                             0x000004b1   Thumb Code     2  startup_tm4c123.o(.text)
    I2C3_Handler                             0x000004b3   Thumb Code     2  startup_tm4c123.o(.text)
    TIMER4A_Handler                          0x000004b5   Thumb Code     2  startup_tm4c123.o(.text)
    TIMER4B_Handler                          0x000004b7   Thumb Code     2  startup_tm4c123.o(.text)
    TIMER5A_Handler                          0x000004b9   Thumb Code     2  startup_tm4c123.o(.text)
    TIMER5B_Handler                          0x000004bb   Thumb Code     2  startup_tm4c123.o(.text)
    WTIMER0A_Handler                         0x000004bd   Thumb Code     2  startup_tm4c123.o(.text)
    WTIMER0B_Handler                         0x000004bf   Thumb Code     2  startup_tm4c123.o(.text)
    WTIMER1A_Handler                         0x000004c1   Thumb Code     2  startup_tm4c123.o(.text)
    WTIMER1B_Handler                         0x000004c3   Thumb Code     2  startup_tm4c123.o(.text)
    WTIMER2A_Handler                         0x000004c5   Thumb Code     2  startup_tm4c123.o(.text)
    WTIMER2B_Handler                         0x000004c7   Thumb Code     2  startup_tm4c123.o(.text)
    WTIMER3A_Handler                         0x000004c9   Thumb Code     2  startup_tm4c123.o(.text)
    WTIMER3B_Handler                         0x000004cb   Thumb Code     2  startup_tm4c123.o(.text)
    WTIMER4A_Handler                         0x000004cd   Thumb Code     2  startup_tm4c123.o(.text)
    WTIMER4B_Handler                         0x000004cf   Thumb Code     2  startup_tm4c123.o(.text)
    WTIMER5A_Handler                         0x000004d1   Thumb Code     2  startup_tm4c123.o(.text)
    WTIMER5B_Handler                         0x000004d3   Thumb Code     2  startup_tm4c123.o(.text)
    FPU_Handler                              0x000004d5   Thumb Code     2  startup_tm4c123.o(.text)
    I2C4_Handler                             0x000004d7   Thumb Code     2  startup_tm4c123.o(.text)
    I2C5_Handler                             0x000004d9   Thumb Code     2  startup_tm4c123.o(.text)
    GPIOM_Handler                            0x000004db   Thumb Code     2  startup_tm4c123.o(.text)
    GPION_Handler                            0x000004dd   Thumb Code     2  startup_tm4c123.o(.text)
    QEI2_Handler                             0x000004df   Thumb Code     2  startup_tm4c123.o(.text)
    GPIOP0_Handler                           0x000004e1   Thumb Code     2  startup_tm4c123.o(.text)
    GPIOP1_Handler                           0x000004e3   Thumb Code     2  startup_tm4c123.o(.text)
    GPIOP2_Handler                           0x000004e5   Thumb Code     2  startup_tm4c123.o(.text)
    GPIOP3_Handler                           0x000004e7   Thumb Code     2  startup_tm4c123.o(.text)
    GPIOP4_Handler                           0x000004e9   Thumb Code     2  startup_tm4c123.o(.text)
    GPIOP5_Handler                           0x000004eb   Thumb Code     2  startup_tm4c123.o(.text)
    GPIOP6_Handler                           0x000004ed   Thumb Code     2  startup_tm4c123.o(.text)
    GPIOP7_Handler                           0x000004ef   Thumb Code     2  startup_tm4c123.o(.text)
    GPIOQ0_Handler                           0x000004f1   Thumb Code     2  startup_tm4c123.o(.text)
    GPIOQ1_Handler                           0x000004f3   Thumb Code     2  startup_tm4c123.o(.text)
    GPIOQ2_Handler                           0x000004f5   Thumb Code     2  startup_tm4c123.o(.text)
    GPIOQ3_Handler                           0x000004f7   Thumb Code     2  startup_tm4c123.o(.text)
    GPIOQ4_Handler                           0x000004f9   Thumb Code     2  startup_tm4c123.o(.text)
    GPIOQ5_Handler                           0x000004fb   Thumb Code     2  startup_tm4c123.o(.text)
    GPIOQ6_Handler                           0x000004fd   Thumb Code     2  startup_tm4c123.o(.text)
    GPIOQ7_Handler                           0x000004ff   Thumb Code     2  startup_tm4c123.o(.text)
    GPIOR_Handler                            0x00000501   Thumb Code     2  startup_tm4c123.o(.text)
    GPIOS_Handler                            0x00000503   Thumb Code     2  startup_tm4c123.o(.text)
    PMW1_0_Handler                           0x00000505   Thumb Code     2  startup_tm4c123.o(.text)
    PWM1_1_Handler                           0x00000507   Thumb Code     2  startup_tm4c123.o(.text)
    PWM1_2_Handler                           0x00000509   Thumb Code     2  startup_tm4c123.o(.text)
    PWM1_3_Handler                           0x0000050b   Thumb Code     2  startup_tm4c123.o(.text)
    PWM1_FAULT_Handler                       0x0000050d   Thumb Code     2  startup_tm4c123.o(.text)
    __user_initial_stackheap                 0x00000511   Thumb Code     0  startup_tm4c123.o(.text)
    arm_dot_prod_f32                         0x00000535   Thumb Code   256  arm_dot_prod_f32.o(.text)
    arm_mult_f32                             0x00000639   Thumb Code   210  arm_mult_f32.o(.text)
    arm_scale_f32                            0x0000070d   Thumb Code   152  arm_scale_f32.o(.text)
    arm_sub_f32                              0x000007a5   Thumb Code   210  arm_sub_f32.o(.text)
    arm_cmplx_mag_f32                        0x00000879   Thumb Code   246  arm_cmplx_mag_f32.o(.text)
    arm_mat_init_f32                         0x00000975   Thumb Code     8  arm_mat_init_f32.o(.text)
    arm_mat_mult_f32                         0x0000097d   Thumb Code   312  arm_mat_mult_f32.o(.text)
    arm_cfft_radix8by2_f32                   0x00000ab9   Thumb Code   398  arm_cfft_f32.o(.text)
    arm_cfft_radix8by4_f32                   0x00000c47   Thumb Code  1098  arm_cfft_f32.o(.text)
    arm_cfft_f32                             0x00001091   Thumb Code   330  arm_cfft_f32.o(.text)
    arm_mean_f32                             0x000011dd   Thumb Code   138  arm_mean_f32.o(.text)
    arm_copy_f32                             0x0000126d   Thumb Code   132  arm_copy_f32.o(.text)
    arm_fill_f32                             0x000012f1   Thumb Code   148  arm_fill_f32.o(.text)
    arm_radix8_butterfly_f32                 0x00001385   Thumb Code  1244  arm_cfft_radix8_f32.o(.text)
    __aeabi_memcpy4                          0x00001861   Thumb Code     0  rt_memcpy_w.o(.text)
    __aeabi_memcpy8                          0x00001861   Thumb Code     0  rt_memcpy_w.o(.text)
    __rt_memcpy_w                            0x00001861   Thumb Code   100  rt_memcpy_w.o(.text)
    _memcpy_lastbytes_aligned                0x000018a9   Thumb Code     0  rt_memcpy_w.o(.text)
    __use_two_region_memory                  0x000018c5   Thumb Code     2  heapauxi.o(.text)
    __rt_heap_escrow$2region                 0x000018c7   Thumb Code     2  heapauxi.o(.text)
    __rt_heap_expand$2region                 0x000018c9   Thumb Code     2  heapauxi.o(.text)
    __read_errno                             0x000018cb   Thumb Code    10  _rserrno.o(.text)
    __set_errno                              0x000018d5   Thumb Code    12  _rserrno.o(.text)
    __aeabi_errno_addr                       0x000018e1   Thumb Code     8  rt_errno_addr_intlibspace.o(.text)
    __errno$intlibspace                      0x000018e1   Thumb Code     0  rt_errno_addr_intlibspace.o(.text)
    __rt_errno_addr$intlibspace              0x000018e1   Thumb Code     0  rt_errno_addr_intlibspace.o(.text)
    __user_libspace                          0x000018e9   Thumb Code     8  libspace.o(.text)
    __user_perproc_libspace                  0x000018e9   Thumb Code     0  libspace.o(.text)
    __user_perthread_libspace                0x000018e9   Thumb Code     0  libspace.o(.text)
    __user_setup_stackheap                   0x000018f1   Thumb Code    74  sys_stackheap_outer.o(.text)
    exit                                     0x0000193b   Thumb Code    18  exit.o(.text)
    _sys_exit                                0x0000194d   Thumb Code     8  sys_exit.o(.text)
    __I$use$semihosting                      0x00001959   Thumb Code     0  use_no_semi.o(.text)
    __use_no_semihosting_swi                 0x00001959   Thumb Code     2  use_no_semi.o(.text)
    __semihosting_library_function           0x0000195b   Thumb Code     0  indicate_semi.o(.text)
    ADC0SS0_Handler                          0x0000195d   Thumb Code   126  main.o(i.ADC0SS0_Handler)
    ADCClockConfigSet                        0x000019f9   Thumb Code    28  adc.o(i.ADCClockConfigSet)
    ADCIntClear                              0x00001a15   Thumb Code    10  adc.o(i.ADCIntClear)
    ADCIntDisable                            0x00001a1f   Thumb Code    16  adc.o(i.ADCIntDisable)
    ADCIntEnable                             0x00001a2f   Thumb Code    16  adc.o(i.ADCIntEnable)
    ADCSequenceDMAEnable                     0x00001a3f   Thumb Code    16  adc.o(i.ADCSequenceDMAEnable)
    GPIODirModeSet                           0x00001a4f   Thumb Code    40  gpio.o(i.GPIODirModeSet)
    GPIOPadConfigSet                         0x00001a77   Thumb Code   312  gpio.o(i.GPIOPadConfigSet)
    GPIOPinTypeADC                           0x00001baf   Thumb Code    28  gpio.o(i.GPIOPinTypeADC)
    IntDisable                               0x00001bcd   Thumb Code    92  interrupt.o(i.IntDisable)
    IntEnable                                0x00001c31   Thumb Code    92  interrupt.o(i.IntEnable)
    SysCtlClockGet                           0x00001c95   Thumb Code   304  sysctl.o(i.SysCtlClockGet)
    SysCtlClockSet                           0x00001de9   Thumb Code   270  sysctl.o(i.SysCtlClockSet)
    SysTick_Handler                          0x00001f09   Thumb Code    12  main.o(i.SysTick_Handler)
    SystemInit                               0x00001f19   Thumb Code   112  system_tm4c123.o(i.SystemInit)
    UDMAERR_Handler                          0x00001fb1   Thumb Code    38  main.o(i.UDMAERR_Handler)
    __ARM_fpclassifyf                        0x00001fdd   Thumb Code    38  fpclassifyf.o(i.__ARM_fpclassifyf)
    __hardfp_expf                            0x00002005   Thumb Code   426  expf.o(i.__hardfp_expf)
    __mathlib_expf                           0x00002005   Thumb Code     0  expf.o(i.__hardfp_expf)
    __hardfp_logf                            0x000021ed   Thumb Code   320  logf.o(i.__hardfp_logf)
    __mathlib_logf                           0x000021ed   Thumb Code     0  logf.o(i.__hardfp_logf)
    __mathlib_flt_divzero                    0x00002359   Thumb Code    14  funder.o(i.__mathlib_flt_divzero)
    __mathlib_flt_infnan                     0x0000236d   Thumb Code     6  funder.o(i.__mathlib_flt_infnan)
    __mathlib_flt_invalid                    0x00002375   Thumb Code    10  funder.o(i.__mathlib_flt_invalid)
    __mathlib_flt_overflow                   0x00002385   Thumb Code    10  funder.o(i.__mathlib_flt_overflow)
    __mathlib_flt_underflow                  0x00002395   Thumb Code    10  funder.o(i.__mathlib_flt_underflow)
    emission                                 0x000023a5   Thumb Code   150  main.o(i.emission)
    forward_step                             0x0000245d   Thumb Code   104  main.o(i.forward_step)
    getMFCC                                  0x000024e9   Thumb Code   320  mfcc.o(i.getMFCC)
    init_ADC                                 0x00002649   Thumb Code   226  main.o(i.init_ADC)
    init_forward                             0x0000273d   Thumb Code    74  main.o(i.init_forward)
    init_peripherals                         0x000027ad   Thumb Code   212  main.o(i.init_peripherals)
    main                                     0x000028a5   Thumb Code   664  main.o(i.main)
    uDMAChannelAttributeDisable              0x00002b99   Thumb Code    66  udma.o(i.uDMAChannelAttributeDisable)
    uDMAChannelAttributeEnable               0x00002be1   Thumb Code    66  udma.o(i.uDMAChannelAttributeEnable)
    uDMAChannelControlSet                    0x00002c29   Thumb Code    24  udma.o(i.uDMAChannelControlSet)
    uDMAChannelEnable                        0x00002c49   Thumb Code    16  udma.o(i.uDMAChannelEnable)
    uDMAChannelTransferSet                   0x00002c5d   Thumb Code   124  udma.o(i.uDMAChannelTransferSet)
    uDMAControlBaseSet                       0x00002cdd   Thumb Code     6  udma.o(i.uDMAControlBaseSet)
    uDMAEnable                               0x00002ce9   Thumb Code     8  udma.o(i.uDMAEnable)
    _fp_init                                 0x00002cf5   Thumb Code    10  fpinit.o(x$fpl$fpinit)
    __fplib_config_fpu_vfp                   0x00002cfd   Thumb Code     0  fpinit.o(x$fpl$fpinit)
    __fplib_config_pureend_doubles           0x00002cfd   Thumb Code     0  fpinit.o(x$fpl$fpinit)
    __I$use$fp                               0x00002cfe   Number         0  usenofp.o(x$fpl$usenofp)
    cosines                                  0x00002d00   Data        1248  mfcc.o(.constdata)
    centerFreq                               0x000031e0   Data         112  mfcc.o(.constdata)
    arm_cfft_sR_f32_len512                   0x000035e0   Data          16  arm_const_structs.o(.constdata)
    twiddleCoef_512                          0x000035f0   Data        4096  arm_common_tables.o(.constdata)
    armBitRevIndexTable512                   0x000045f0   Data         896  arm_common_tables.o(.constdata)
    Region$$Table$$Base                      0x000049e0   Number         0  anon$$obj.o(Region$$Table)
    Region$$Table$$Limit                     0x00004a00   Number         0  anon$$obj.o(Region$$Table)
    start_prob                               0x20000000   Data          16  main.o(.data)
    transitions                              0x20000010   Data          64  main.o(.data)
    means                                    0x20000050   Data         192  main.o(.data)
    covars_norm                              0x20000110   Data          16  main.o(.data)
    denominators                             0x20000120   Data         192  main.o(.data)
    mfcc                                     0x200001e0   Data        2736  main.o(.data)
    n                                        0x20000c90   Data           4  main.o(.data)
    g_ui32DMAErrCount                        0x20000c94   Data           4  main.o(.data)
    g_ui32SysTickCount                       0x20000c98   Data           4  main.o(.data)
    start                                    0x20000c9c   Data           4  main.o(.data)
    stop                                     0x20000ca0   Data           4  main.o(.data)
    ind                                      0x20000ca4   Data           4  main.o(.data)
    exponents_sum                            0x20000ca8   Data           4  main.o(.data)
    probability                              0x20000cac   Data           4  main.o(.data)
    scale                                    0x20000cb0   Data           4  main.o(.data)
    A                                        0x20000cb4   Data           8  main.o(.data)
    alphas_prev                              0x20000cbc   Data           8  main.o(.data)
    alphas                                   0x20000cc4   Data           8  main.o(.data)
    filterbank2                              0x20000ce4   Data        1024  mfcc.o(.data)
    filterbank1                              0x200010e4   Data        1024  mfcc.o(.data)
    ucControlTable                           0x200014e4   Data        1024  main.o(.bss)
    ADC_OUT_0                                0x200018e4   Data         512  main.o(.bss)
    ADC_OUT_1                                0x20001ae4   Data         512  main.o(.bss)
    features                                 0x20002ce4   Data          48  main.o(.bss)
    exponents                                0x20002d14   Data          48  main.o(.bss)
    differences                              0x20002d44   Data          48  main.o(.bss)
    ones_b                                   0x20002d74   Data          48  main.o(.bss)
    b                                        0x20002da4   Data          16  main.o(.bss)
    alphas_f32                               0x20002db4   Data          16  main.o(.bss)
    alphas_prev_f32                          0x20002dc4   Data          16  main.o(.bss)
    ones_a                                   0x20002dd4   Data          16  main.o(.bss)
    __libspace_start                         0x20003894   Data          96  libspace.o(.bss)
    __temporary_stack_top$libspace           0x200038f4   Data           0  libspace.o(.bss)



==============================================================================

Memory Map of the image

  Image Entry point : 0x0000026d

  Load Region LR_IROM1 (Base: 0x00000000, Size: 0x00005ee4, Max: 0x00040000, ABSOLUTE, COMPRESSED[0x000059c4])

    Execution Region ER_IROM1 (Base: 0x00000000, Size: 0x00004a00, Max: 0x00040000, ABSOLUTE)

    Base Addr    Size         Type   Attr      Idx    E Section Name        Object

    0x00000000   0x0000026c   Data   RO          247    RESET               startup_tm4c123.o
    0x0000026c   0x00000008   Code   RO         2070  * !!!main             c_w.l(__main.o)
    0x00000274   0x00000034   Code   RO         2283    !!!scatter          c_w.l(__scatter.o)
    0x000002a8   0x00000064   Code   RO         2281    !!dclz77c           c_w.l(__dclz77c.o)
    0x0000030c   0x0000001c   Code   RO         2285    !!handler_zi        c_w.l(__scatter_zi.o)
    0x00000328   0x000000c0   Code   RO         1978    . text              arm_cortexM4lf_math.lib(arm_bitreversal2.o)
    0x000003e8   0x00000002   Code   RO         2154    .ARM.Collect$$libinit$$00000000  c_w.l(libinit.o)
    0x000003ea   0x00000004   Code   RO         2157    .ARM.Collect$$libinit$$00000001  c_w.l(libinit2.o)
    0x000003ee   0x00000000   Code   RO         2160    .ARM.Collect$$libinit$$00000004  c_w.l(libinit2.o)
    0x000003ee   0x00000000   Code   RO         2163    .ARM.Collect$$libinit$$0000000A  c_w.l(libinit2.o)
    0x000003ee   0x00000000   Code   RO         2165    .ARM.Collect$$libinit$$0000000C  c_w.l(libinit2.o)
    0x000003ee   0x00000000   Code   RO         2167    .ARM.Collect$$libinit$$0000000E  c_w.l(libinit2.o)
    0x000003ee   0x00000000   Code   RO         2170    .ARM.Collect$$libinit$$00000011  c_w.l(libinit2.o)
    0x000003ee   0x00000000   Code   RO         2172    .ARM.Collect$$libinit$$00000013  c_w.l(libinit2.o)
    0x000003ee   0x00000000   Code   RO         2174    .ARM.Collect$$libinit$$00000015  c_w.l(libinit2.o)
    0x000003ee   0x00000000   Code   RO         2176    .ARM.Collect$$libinit$$00000017  c_w.l(libinit2.o)
    0x000003ee   0x00000000   Code   RO         2178    .ARM.Collect$$libinit$$00000019  c_w.l(libinit2.o)
    0x000003ee   0x00000000   Code   RO         2180    .ARM.Collect$$libinit$$0000001B  c_w.l(libinit2.o)
    0x000003ee   0x00000000   Code   RO         2182    .ARM.Collect$$libinit$$0000001D  c_w.l(libinit2.o)
    0x000003ee   0x00000000   Code   RO         2184    .ARM.Collect$$libinit$$0000001F  c_w.l(libinit2.o)
    0x000003ee   0x00000000   Code   RO         2186    .ARM.Collect$$libinit$$00000021  c_w.l(libinit2.o)
    0x000003ee   0x00000000   Code   RO         2188    .ARM.Collect$$libinit$$00000023  c_w.l(libinit2.o)
    0x000003ee   0x00000000   Code   RO         2190    .ARM.Collect$$libinit$$00000025  c_w.l(libinit2.o)
    0x000003ee   0x00000000   Code   RO         2194    .ARM.Collect$$libinit$$0000002C  c_w.l(libinit2.o)
    0x000003ee   0x00000000   Code   RO         2196    .ARM.Collect$$libinit$$0000002E  c_w.l(libinit2.o)
    0x000003ee   0x00000000   Code   RO         2198    .ARM.Collect$$libinit$$00000030  c_w.l(libinit2.o)
    0x000003ee   0x00000000   Code   RO         2200    .ARM.Collect$$libinit$$00000032  c_w.l(libinit2.o)
    0x000003ee   0x00000002   Code   RO         2201    .ARM.Collect$$libinit$$00000033  c_w.l(libinit2.o)
    0x000003f0   0x00000002   Code   RO         2221    .ARM.Collect$$libshutdown$$00000000  c_w.l(libshutdown.o)
    0x000003f2   0x00000000   Code   RO         2234    .ARM.Collect$$libshutdown$$00000002  c_w.l(libshutdown2.o)
    0x000003f2   0x00000000   Code   RO         2236    .ARM.Collect$$libshutdown$$00000004  c_w.l(libshutdown2.o)
    0x000003f2   0x00000000   Code   RO         2239    .ARM.Collect$$libshutdown$$00000007  c_w.l(libshutdown2.o)
    0x000003f2   0x00000000   Code   RO         2242    .ARM.Collect$$libshutdown$$0000000A  c_w.l(libshutdown2.o)
    0x000003f2   0x00000000   Code   RO         2244    .ARM.Collect$$libshutdown$$0000000C  c_w.l(libshutdown2.o)
    0x000003f2   0x00000000   Code   RO         2247    .ARM.Collect$$libshutdown$$0000000F  c_w.l(libshutdown2.o)
    0x000003f2   0x00000002   Code   RO         2248    .ARM.Collect$$libshutdown$$00000010  c_w.l(libshutdown2.o)
    0x000003f4   0x00000000   Code   RO         2100    .ARM.Collect$$rtentry$$00000000  c_w.l(__rtentry.o)
    0x000003f4   0x00000000   Code   RO         2123    .ARM.Collect$$rtentry$$00000002  c_w.l(__rtentry2.o)
    0x000003f4   0x00000006   Code   RO         2135    .ARM.Collect$$rtentry$$00000004  c_w.l(__rtentry4.o)
    0x000003fa   0x00000000   Code   RO         2125    .ARM.Collect$$rtentry$$00000009  c_w.l(__rtentry2.o)
    0x000003fa   0x00000004   Code   RO         2126    .ARM.Collect$$rtentry$$0000000A  c_w.l(__rtentry2.o)
    0x000003fe   0x00000000   Code   RO         2128    .ARM.Collect$$rtentry$$0000000C  c_w.l(__rtentry2.o)
    0x000003fe   0x00000008   Code   RO         2129    .ARM.Collect$$rtentry$$0000000D  c_w.l(__rtentry2.o)
    0x00000406   0x00000002   Code   RO         2155    .ARM.Collect$$rtexit$$00000000  c_w.l(rtexit.o)
    0x00000408   0x00000000   Code   RO         2203    .ARM.Collect$$rtexit$$00000002  c_w.l(rtexit2.o)
    0x00000408   0x00000004   Code   RO         2204    .ARM.Collect$$rtexit$$00000003  c_w.l(rtexit2.o)
    0x0000040c   0x00000006   Code   RO         2205    .ARM.Collect$$rtexit$$00000004  c_w.l(rtexit2.o)
    0x00000412   0x00000002   PAD
    0x00000414   0x00000006   Code   RO         1000    .emb_text           driverlib.lib(sysctl.o)
    0x0000041a   0x00000002   PAD
    0x0000041c   0x00000118   Code   RO          248    .text               startup_tm4c123.o
    0x00000534   0x00000104   Code   RO         1519    .text               arm_cortexM4lf_math.lib(arm_dot_prod_f32.o)
    0x00000638   0x000000d2   Code   RO         1565    .text               arm_cortexM4lf_math.lib(arm_mult_f32.o)
    0x0000070a   0x00000002   PAD
    0x0000070c   0x00000098   Code   RO         1589    .text               arm_cortexM4lf_math.lib(arm_scale_f32.o)
    0x000007a4   0x000000d2   Code   RO         1613    .text               arm_cortexM4lf_math.lib(arm_sub_f32.o)
    0x00000876   0x00000002   PAD
    0x00000878   0x000000fc   Code   RO         1637    .text               arm_cortexM4lf_math.lib(arm_cmplx_mag_f32.o)
    0x00000974   0x00000008   Code   RO         1664    .text               arm_cortexM4lf_math.lib(arm_mat_init_f32.o)
    0x0000097c   0x0000013c   Code   RO         1688    .text               arm_cortexM4lf_math.lib(arm_mat_mult_f32.o)
    0x00000ab8   0x00000722   Code   RO         1712    .text               arm_cortexM4lf_math.lib(arm_cfft_f32.o)
    0x000011da   0x00000002   PAD
    0x000011dc   0x00000090   Code   RO         1740    .text               arm_cortexM4lf_math.lib(arm_mean_f32.o)
    0x0000126c   0x00000084   Code   RO         1764    .text               arm_cortexM4lf_math.lib(arm_copy_f32.o)
    0x000012f0   0x00000094   Code   RO         1788    .text               arm_cortexM4lf_math.lib(arm_fill_f32.o)
    0x00001384   0x000004dc   Code   RO         1957    .text               arm_cortexM4lf_math.lib(arm_cfft_radix8_f32.o)
    0x00001860   0x00000064   Code   RO         2066    .text               c_w.l(rt_memcpy_w.o)
    0x000018c4   0x00000006   Code   RO         2068    .text               c_w.l(heapauxi.o)
    0x000018ca   0x00000016   Code   RO         2101    .text               c_w.l(_rserrno.o)
    0x000018e0   0x00000008   Code   RO         2140    .text               c_w.l(rt_errno_addr_intlibspace.o)
    0x000018e8   0x00000008   Code   RO         2142    .text               c_w.l(libspace.o)
    0x000018f0   0x0000004a   Code   RO         2145    .text               c_w.l(sys_stackheap_outer.o)
    0x0000193a   0x00000012   Code   RO         2147    .text               c_w.l(exit.o)
    0x0000194c   0x0000000c   Code   RO         2213    .text               c_w.l(sys_exit.o)
    0x00001958   0x00000002   Code   RO         2224    .text               c_w.l(use_no_semi.o)
    0x0000195a   0x00000000   Code   RO         2226    .text               c_w.l(indicate_semi.o)
    0x0000195a   0x00000002   PAD
    0x0000195c   0x0000009c   Code   RO           48    i.ADC0SS0_Handler   main.o
    0x000019f8   0x0000001c   Code   RO          301    i.ADCClockConfigSet  driverlib.lib(adc.o)
    0x00001a14   0x0000000a   Code   RO          310    i.ADCIntClear       driverlib.lib(adc.o)
    0x00001a1e   0x00000010   Code   RO          312    i.ADCIntDisable     driverlib.lib(adc.o)
    0x00001a2e   0x00000010   Code   RO          314    i.ADCIntEnable      driverlib.lib(adc.o)
    0x00001a3e   0x00000010   Code   RO          327    i.ADCSequenceDMAEnable  driverlib.lib(adc.o)
    0x00001a4e   0x00000028   Code   RO          582    i.GPIODirModeSet    driverlib.lib(gpio.o)
    0x00001a76   0x00000138   Code   RO          594    i.GPIOPadConfigSet  driverlib.lib(gpio.o)
    0x00001bae   0x0000001c   Code   RO          597    i.GPIOPinTypeADC    driverlib.lib(gpio.o)
    0x00001bca   0x00000002   PAD
    0x00001bcc   0x00000064   Code   RO          884    i.IntDisable        driverlib.lib(interrupt.o)
    0x00001c30   0x00000064   Code   RO          885    i.IntEnable         driverlib.lib(interrupt.o)
    0x00001c94   0x00000154   Code   RO         1003    i.SysCtlClockGet    driverlib.lib(sysctl.o)
    0x00001de8   0x00000120   Code   RO         1005    i.SysCtlClockSet    driverlib.lib(sysctl.o)
    0x00001f08   0x00000010   Code   RO           49    i.SysTick_Handler   main.o
    0x00001f18   0x00000098   Code   RO          255    i.SystemInit        system_tm4c123.o
    0x00001fb0   0x0000002c   Code   RO           50    i.UDMAERR_Handler   main.o
    0x00001fdc   0x00000026   Code   RO         2106    i.__ARM_fpclassifyf  m_wm.l(fpclassifyf.o)
    0x00002002   0x00000002   PAD
    0x00002004   0x000001e8   Code   RO         2072    i.__hardfp_expf     m_wm.l(expf.o)
    0x000021ec   0x0000016c   Code   RO         2086    i.__hardfp_logf     m_wm.l(logf.o)
    0x00002358   0x00000014   Code   RO         2108    i.__mathlib_flt_divzero  m_wm.l(funder.o)
    0x0000236c   0x00000006   Code   RO         2109    i.__mathlib_flt_infnan  m_wm.l(funder.o)
    0x00002372   0x00000002   PAD
    0x00002374   0x00000010   Code   RO         2111    i.__mathlib_flt_invalid  m_wm.l(funder.o)
    0x00002384   0x00000010   Code   RO         2112    i.__mathlib_flt_overflow  m_wm.l(funder.o)
    0x00002394   0x00000010   Code   RO         2114    i.__mathlib_flt_underflow  m_wm.l(funder.o)
    0x000023a4   0x000000b8   Code   RO           51    i.emission          main.o
    0x0000245c   0x0000008c   Code   RO           52    i.forward_step      main.o
    0x000024e8   0x00000160   Code   RO          208    i.getMFCC           mfcc.o
    0x00002648   0x000000f4   Code   RO           53    i.init_ADC          main.o
    0x0000273c   0x00000070   Code   RO           54    i.init_forward      main.o
    0x000027ac   0x000000f8   Code   RO           55    i.init_peripherals  main.o
    0x000028a4   0x000002f4   Code   RO           56    i.main              main.o
    0x00002b98   0x00000048   Code   RO         1349    i.uDMAChannelAttributeDisable  driverlib.lib(udma.o)
    0x00002be0   0x00000048   Code   RO         1350    i.uDMAChannelAttributeEnable  driverlib.lib(udma.o)
    0x00002c28   0x00000020   Code   RO         1352    i.uDMAChannelControlSet  driverlib.lib(udma.o)
    0x00002c48   0x00000014   Code   RO         1354    i.uDMAChannelEnable  driverlib.lib(udma.o)
    0x00002c5c   0x00000080   Code   RO         1362    i.uDMAChannelTransferSet  driverlib.lib(udma.o)
    0x00002cdc   0x0000000c   Code   RO         1365    i.uDMAControlBaseSet  driverlib.lib(udma.o)
    0x00002ce8   0x0000000c   Code   RO         1367    i.uDMAEnable        driverlib.lib(udma.o)
    0x00002cf4   0x0000000a   Code   RO         2211    x$fpl$fpinit        g_wm.l(fpinit.o)
    0x00002cfe   0x00000000   Code   RO         2105    x$fpl$usenofp       g_wm.l(usenofp.o)
    0x00002cfe   0x00000002   PAD
    0x00002d00   0x00000580   Data   RO          209    .constdata          mfcc.o
    0x00003280   0x0000010c   Data   RO          901    .constdata          driverlib.lib(interrupt.o)
    0x0000338c   0x00000254   Data   RO         1056    .constdata          driverlib.lib(sysctl.o)
    0x000035e0   0x00000010   Data   RO         1817    .constdata          arm_cortexM4lf_math.lib(arm_const_structs.o)
    0x000035f0   0x00001000   Data   RO         1991    .constdata          arm_cortexM4lf_math.lib(arm_common_tables.o)
    0x000045f0   0x00000380   Data   RO         2020    .constdata          arm_cortexM4lf_math.lib(arm_common_tables.o)
    0x00004970   0x00000030   Data   RO         2075    .constdata          m_wm.l(expf.o)
    0x000049a0   0x00000040   Data   RO         2089    .constdata          m_wm.l(logf.o)
    0x000049e0   0x00000020   Data   RO         2279    Region$$Table       anon$$obj.o


    Execution Region RW_IRAM1 (Base: 0x20000000, Size: 0x00004cf8, Max: 0x00008000, ABSOLUTE, COMPRESSED[0x00000fc4])

    Base Addr    Size         Type   Attr      Idx    E Section Name        Object

    0x20000000   0x00000ce4   Data   RW           59    .data               main.o
    0x20000ce4   0x00000800   Data   RW          210    .data               mfcc.o
    0x200014e4   0x000023b0   Zero   RW           57    .bss                main.o
    0x20003894   0x00000060   Zero   RW         2143    .bss                c_w.l(libspace.o)
    0x200038f4   0x00000004   PAD
    0x200038f8   0x00000c00   Zero   RW          246    HEAP                startup_tm4c123.o
    0x200044f8   0x00000800   Zero   RW          245    STACK               startup_tm4c123.o


==============================================================================

Image component sizes


      Code (inc. data)   RO Data    RW Data    ZI Data      Debug   Object Name

         0          0          0          0          0      17108   arm_fft_bin_data.o
      1900        294          0       3300       9136      12596   main.o
       352         32       1408       2048          0       2011   mfcc.o
       280         28        620          0       5120       5444   startup_tm4c123.o
       152         40          0          0          0        589   system_tm4c123.o

    ----------------------------------------------------------------------
      2684        394       2060       5348      14256      37748   Object Totals
         0          0         32          0          0          0   (incl. Generated)
         0          0          0          0          0          0   (incl. Padding)

    ----------------------------------------------------------------------

      Code (inc. data)   RO Data    RW Data    ZI Data      Debug   Library Member Name

       192          0          0          0          0        572   arm_bitreversal2.o
      1826          0          0          0          0       4025   arm_cfft_f32.o
      1244          4          0          0          0       3123   arm_cfft_radix8_f32.o
       252          6          0          0          0      14588   arm_cmplx_mag_f32.o
         0          0       4992          0          0       4704   arm_common_tables.o
         0          0         16          0          0       4212   arm_const_structs.o
       132          0          0          0          0        903   arm_copy_f32.o
       260          4          0          0          0      17631   arm_dot_prod_f32.o
       148          0          0          0          0       1231   arm_fill_f32.o
         8          0          0          0          0        999   arm_mat_init_f32.o
       316          4          0          0          0       2375   arm_mat_mult_f32.o
       144          6          0          0          0        955   arm_mean_f32.o
       210          0          0          0          0       1199   arm_mult_f32.o
       152          0          0          0          0       1084   arm_scale_f32.o
       210          0          0          0          0       1142   arm_sub_f32.o
       100          0          0          0          0          0   __dclz77c.o
         8          0          0          0          0         68   __main.o
         0          0          0          0          0          0   __rtentry.o
        12          0          0          0          0          0   __rtentry2.o
         6          0          0          0          0          0   __rtentry4.o
        52          8          0          0          0          0   __scatter.o
        28          0          0          0          0          0   __scatter_zi.o
        22          0          0          0          0        100   _rserrno.o
        18          0          0          0          0         80   exit.o
         6          0          0          0          0        152   heapauxi.o
         0          0          0          0          0          0   indicate_semi.o
         2          0          0          0          0          0   libinit.o
         6          0          0          0          0          0   libinit2.o
         2          0          0          0          0          0   libshutdown.o
         2          0          0          0          0          0   libshutdown2.o
         8          4          0          0         96         68   libspace.o
         8          4          0          0          0         68   rt_errno_addr_intlibspace.o
       100          0          0          0          0         80   rt_memcpy_w.o
         2          0          0          0          0          0   rtexit.o
        10          0          0          0          0          0   rtexit2.o
        12          4          0          0          0         68   sys_exit.o
        74          0          0          0          0         80   sys_stackheap_outer.o
         2          0          0          0          0         68   use_no_semi.o
        86          0          0          0          0       5532   adc.o
       380          0          0          0          0       2749   gpio.o
       200         16        268          0          0       2105   interrupt.o
       634         54        596          0          0       3898   sysctl.o
       348         38          0          0          0      18894   udma.o
        10          0          0          0          0        116   fpinit.o
         0          0          0          0          0          0   usenofp.o
       488         62         48          0          0        236   expf.o
        38          0          0          0          0        116   fpclassifyf.o
        74         24          0          0          0        580   funder.o
       364         44         64          0          0        140   logf.o

    ----------------------------------------------------------------------
      8216        282       5984          0        100      93941   Library Totals
        20          0          0          0          4          0   (incl. Padding)

    ----------------------------------------------------------------------

      Code (inc. data)   RO Data    RW Data    ZI Data      Debug   Library Name

      5094         24       5008          0          0      58743   arm_cortexM4lf_math.lib
       480         20          0          0         96        832   c_w.l
      1648        108        864          0          0      33178   driverlib.lib
        10          0          0          0          0        116   g_wm.l
       964        130        112          0          0       1072   m_wm.l

    ----------------------------------------------------------------------
      8216        282       5984          0        100      93941   Library Totals

    ----------------------------------------------------------------------

==============================================================================


      Code (inc. data)   RO Data    RW Data    ZI Data      Debug   

     10900        676       8044       5348      14356     127477   Grand Totals
     10900        676       8044       4036      14356     127477   ELF Image Totals (compressed)
     10900        676       8044       4036          0          0   ROM Totals

==============================================================================

    Total RO  Size (Code + RO Data)                18944 (  18.50kB)
    Total RW  Size (RW Data + ZI Data)             19704 (  19.24kB)
    Total ROM Size (Code + RO Data + RW Data)      22980 (  22.44kB)

==============================================================================

